 PhysXCooking_64

 Timestamp is 6a3551a4 (Fri Jun 19 16:26:44 2026)

 Preferred load address is 0000000180000000

 Start         Length     Name                   Class
 0001:00000000 00000060H .text$di                CODE
 0001:00000060 00001dd0H .text$mn                CODE
 0001:00001e30 00000036H .text$mn$00             CODE
 0001:00001e66 00000092H .text$x                 CODE
 0002:00000000 00000158H .idata$5                DATA
 0002:00000158 00000038H .00cfg                  DATA
 0002:00000190 00000008H .CRT$XCA                DATA
 0002:00000198 00000030H .CRT$XCU                DATA
 0002:000001c8 00000008H .CRT$XCZ                DATA
 0002:000001d0 00000008H .CRT$XIA                DATA
 0002:000001d8 00000008H .CRT$XIZ                DATA
 0002:000001e0 00000008H .CRT$XPA                DATA
 0002:000001e8 00000008H .CRT$XPZ                DATA
 0002:000001f0 00000008H .CRT$XTA                DATA
 0002:000001f8 00000008H .CRT$XTZ                DATA
 0002:00000200 00000000H .gehcont$y              DATA
 0002:00000200 00000000H .gfids$y                DATA
 0002:00000200 00000400H .rdata                  DATA
 0002:00000600 00000000H .rdata$CastGuardVftablesA DATA
 0002:00000600 00000000H .rdata$CastGuardVftablesC DATA
 0002:00000600 00000074H .rdata$r                DATA
 0002:00000674 00000080H .rdata$voltmd           DATA
 0002:000006f4 000003acH .rdata$zzzdbg           DATA
 0002:00000aa0 00000008H .rtc$IAA                DATA
 0002:00000aa8 00000008H .rtc$IZZ                DATA
 0002:00000ab0 00000008H .rtc$TAA                DATA
 0002:00000ab8 00000008H .rtc$TZZ                DATA
 0002:00000ac0 000002a4H .xdata                  DATA
 0002:00000d64 00000040H .didat$2                DATA
 0002:00000da4 00000024H .didat$3                DATA
 0002:00000dc8 000000d0H .didat$4                DATA
 0002:00000e98 00000280H .didat$6                DATA
 0002:00001118 000001e8H .didat$7                DATA
 0002:00001300 00000af8H .edata                  DATA
 0002:00001df8 00000050H .idata$2                DATA
 0002:00001e48 00000018H .idata$3                DATA
 0002:00001e60 00000158H .idata$4                DATA
 0002:00001fb8 00000372H .idata$6                DATA
 0003:00000000 000000b0H .data                   DATA
 0003:000000b0 00000090H .data$r                 DATA
 0003:00000140 00000020H .data$rs                DATA
 0003:00000160 000000d0H .didat$5                DATA
 0003:00000230 00000130H .bss                    DATA
 0004:00000000 000002e8H .pdata                  DATA
 0005:00000000 000000a0H .rsrc$01                DATA
 0005:000000a0 000004b0H .rsrc$02                DATA

  Address         Publics by Value              Rva+Base               Lib:Object

 0000:00000000       __AbsoluteZero             0000000000000000     <absolute>
 0000:00000000       ___safe_se_handler_count   0000000000000000     <absolute>
 0000:00000000       ___safe_se_handler_table   0000000000000000     <absolute>
 0000:00000000       __arm64x_extra_rfe_table   0000000000000000     <absolute>
 0000:00000000       __arm64x_extra_rfe_table_size 0000000000000000     <absolute>
 0000:00000000       __arm64x_native_entrypoint 0000000000000000     <absolute>
 0000:00000000       __arm64x_redirection_metadata 0000000000000000     <absolute>
 0000:00000000       __arm64x_redirection_metadata_count 0000000000000000     <absolute>
 0000:00000000       __dynamic_value_reloc_table 0000000000000000     <absolute>
 0000:00000000       __enclave_config           0000000000000000     <absolute>
 0000:00000000       __guard_check_icall_a64n_fptr 0000000000000000     <absolute>
 0000:00000000       __guard_eh_cont_count      0000000000000000     <absolute>
 0000:00000000       __guard_eh_cont_table      0000000000000000     <absolute>
 0000:00000000       __guard_fids_count         0000000000000000     <absolute>
 0000:00000000       __guard_fids_table         0000000000000000     <absolute>
 0000:00000000       __guard_iat_count          0000000000000000     <absolute>
 0000:00000000       __guard_iat_table          0000000000000000     <absolute>
 0000:00000000       __guard_longjmp_count      0000000000000000     <absolute>
 0000:00000000       __guard_longjmp_table      0000000000000000     <absolute>
 0000:00000000       __hybrid_auxiliary_delayload_iat 0000000000000000     <absolute>
 0000:00000000       __hybrid_auxiliary_delayload_iat_copy 0000000000000000     <absolute>
 0000:00000000       __hybrid_auxiliary_iat     0000000000000000     <absolute>
 0000:00000000       __hybrid_auxiliary_iat_copy 0000000000000000     <absolute>
 0000:00000000       __hybrid_code_map          0000000000000000     <absolute>
 0000:00000000       __hybrid_code_map_count    0000000000000000     <absolute>
 0000:00000000       __hybrid_image_info_bitfield 0000000000000000     <absolute>
 0000:00000000       __x64_code_ranges_to_entry_points 0000000000000000     <absolute>
 0000:00000000       __x64_code_ranges_to_entry_points_count 0000000000000000     <absolute>
 0000:00000100       __guard_flags              0000000000000100     <absolute>
 0000:00000000       __ImageBase                0000000180000000     <linker-defined>
 0001:00000060       ??$copy@V?$PxReflectionAllocator@USlab@NodeAllocator@Gu@physx@@@physx@@@?$PxArray@USlab@NodeAllocator@Gu@physx@@V?$PxReflectionAllocator@USlab@NodeAllocator@Gu@physx@@@4@@physx@@IEAAXAEBV01@@Z 0000000180001060 f i Cooking.obj
 0001:000000e0       ??0AABBTreeBounds@Gu@physx@@QEAA@XZ 00000001800010e0 f i Cooking.obj
 0001:000000f0       ??0AABBTreeBuildNode@Gu@physx@@QEAA@AEBV012@@Z 00000001800010f0 f i Cooking.obj
 0001:000000f0       ??4AABBTreeBuildNode@Gu@physx@@QEAAAEAV012@AEBV012@@Z 00000001800010f0 f i Cooking.obj
 0001:00000130       ??0AABBTreeBuildNode@Gu@physx@@QEAA@XZ 0000000180001130 f i Cooking.obj
 0001:00000130       ??4PxFoundation@physx@@QEAAAEAV01@AEBV01@@Z 0000000180001130 f i Cooking.obj
 0001:00000130       ?getAABB@AABBTreeBuildNode@Gu@physx@@QEBAAEBVPxBounds3@3@XZ 0000000180001130 f i Cooking.obj
 0001:00000140       ??0AABBTreeBuildParams@Gu@physx@@QEAA@IIPEBVAABBTreeBounds@12@W4BVHBuildStrategy@12@@Z 0000000180001140 f i Cooking.obj
 0001:00000160       ??0NodeAllocator@Gu@physx@@QEAA@AEBV012@@Z 0000000180001160 f i Cooking.obj
 0001:000001a0       ??0PxFoundation@physx@@QEAA@AEBV01@@Z 00000001800011a0 f i Cooking.obj
 0001:000001a0       ??0PxFoundation@physx@@QEAA@XZ 00000001800011a0 f i Cooking.obj
 0001:000001b0       ??1AABBTreeBounds@Gu@physx@@QEAA@XZ 00000001800011b0 f i Cooking.obj
 0001:000001c0       ??1AABBTreeBuildNode@Gu@physx@@QEAA@XZ 00000001800011c0 f i Cooking.obj
 0001:000001c0       _guard_check_icall_nop     00000001800011c0 f i MSVCRT:guard_support.obj
 0001:000001d0       ??1AABBTreeBuildParams@Gu@physx@@QEAA@XZ 00000001800011d0 f i Cooking.obj
 0001:000001d0       ?reset@AABBTreeBuildParams@Gu@physx@@QEAAXXZ 00000001800011d0 f i Cooking.obj
 0001:00000220       ??1PxFoundation@physx@@MEAA@XZ 0000000180001220 f i Cooking.obj
 0001:00000230       ??4AABBTreeBounds@Gu@physx@@QEAAAEAV012@AEBV012@@Z 0000000180001230 f i Cooking.obj
 0001:00000240       ??4AABBTreeBuildParams@Gu@physx@@QEAAAEAV012@AEBV012@@Z 0000000180001240 f i Cooking.obj
 0001:00000260       ??4NodeAllocator@Gu@physx@@QEAAAEAV012@AEBV012@@Z 0000000180001260 f i Cooking.obj
 0001:00000310       ??_EPxFoundation@physx@@MEAAPEAXI@Z 0000000180001310 f i Cooking.obj
 0001:000003a0       ??_FAABBTreeBuildParams@Gu@physx@@QEAAXXZ 00000001800013a0 f i Cooking.obj
 0001:000003c0       ?allocate@?$PxArray@USlab@NodeAllocator@Gu@physx@@V?$PxReflectionAllocator@USlab@NodeAllocator@Gu@physx@@@4@@physx@@IEAAPEAUSlab@NodeAllocator@Gu@2@IPEAI@Z 00000001800013c0 f i Cooking.obj
 0001:00000440       ?getBounds@AABBTreeBounds@Gu@physx@@QEAAPEAVPxBounds3@3@XZ 0000000180001440 f i Cooking.obj
 0001:00000440       ?getBounds@AABBTreeBounds@Gu@physx@@QEBAPEBVPxBounds3@3@XZ 0000000180001440 f i Cooking.obj
 0001:00000450       ?getNbPrimitives@AABBTreeBuildNode@Gu@physx@@QEBAIXZ 0000000180001450 f i Cooking.obj
 0001:00000450       ?getNbRuntimePrimitives@AABBTreeBuildNode@Gu@physx@@QEBAIXZ 0000000180001450 f i Cooking.obj
 0001:00000460       ?getNeg@AABBTreeBuildNode@Gu@physx@@QEBAPEBV123@XZ 0000000180001460 f i Cooking.obj
 0001:00000480       ?getPos@AABBTreeBuildNode@Gu@physx@@QEBAPEBV123@XZ 0000000180001480 f i Cooking.obj
 0001:00000490       ?getPrimitives@AABBTreeBuildNode@Gu@physx@@QEAAPEAIPEAI@Z 0000000180001490 f i Cooking.obj
 0001:00000490       ?getPrimitives@AABBTreeBuildNode@Gu@physx@@QEBAPEBIPEBI@Z 0000000180001490 f i Cooking.obj
 0001:000004a0       ?isLeaf@AABBTreeBuildNode@Gu@physx@@QEBA_NXZ 00000001800014a0 f i Cooking.obj
 0001:000004b0       ?moveFrom@AABBTreeBounds@Gu@physx@@QEAAXAEAV123@@Z 00000001800014b0 f i Cooking.obj
 0001:000004c0       ?ownsMemory@AABBTreeBounds@Gu@physx@@QEBA_NXZ 00000001800014c0 f i Cooking.obj
 0001:000004d0       ?recreate@?$PxArray@USlab@NodeAllocator@Gu@physx@@V?$PxReflectionAllocator@USlab@NodeAllocator@Gu@physx@@@4@@physx@@IEAAXI@Z 00000001800014d0 f i Cooking.obj
 0001:000005c0       ?setBounds@AABBTreeBounds@Gu@physx@@QEAAXPEAVPxBounds3@3@@Z 00000001800015c0 f i Cooking.obj
 0001:000005d0       ?setNbRunTimePrimitives@AABBTreeBuildNode@Gu@physx@@QEAAXI@Z 00000001800015d0 f i Cooking.obj
 0001:000005e0       ?takeOwnership@AABBTreeBounds@Gu@physx@@QEAAXXZ 00000001800015e0 f i Cooking.obj
 0001:000005f0       PxAssembleDeformableVolumeMesh 00000001800015f0 f   Cooking.obj
 0001:00000600       PxComputeCollisionData     0000000180001600 f   Cooking.obj
 0001:00000610       PxComputeHullPolygons      0000000180001610 f   Cooking.obj
 0001:00000620       PxComputeModelsMapping     0000000180001620 f   Cooking.obj
 0001:00000630       PxComputeSimulationData    0000000180001630 f   Cooking.obj
 0001:00000640       PxCookBVH                  0000000180001640 f   Cooking.obj
 0001:00000650       PxCookConvexMesh           0000000180001650 f   Cooking.obj
 0001:00000660       PxCookDeformableVolumeMesh 0000000180001660 f   Cooking.obj
 0001:00000670       PxCookHeightField          0000000180001670 f   Cooking.obj
 0001:00000680       PxCookTetrahedronMesh      0000000180001680 f   Cooking.obj
 0001:00000690       PxCookTriangleMesh         0000000180001690 f   Cooking.obj
 0001:000006a0       PxCreateBVH                00000001800016a0 f   Cooking.obj
 0001:000006b0       PxCreateBVHInternal        00000001800016b0 f   Cooking.obj
 0001:00000740       PxCreateConvexMesh         0000000180001740 f   Cooking.obj
 0001:00000750       PxCreateDeformableVolumeMesh 0000000180001750 f   Cooking.obj
 0001:00000760       PxCreateHeightField        0000000180001760 f   Cooking.obj
 0001:00000770       PxCreateTetrahedronMesh    0000000180001770 f   Cooking.obj
 0001:00000780       PxCreateTriangleMesh       0000000180001780 f   Cooking.obj
 0001:00000790       PxCreateTriangleMeshInternal 0000000180001790 f   Cooking.obj
 0001:00000820       PxGetStandaloneInsertionCallback 0000000180001820 f   Cooking.obj
 0001:00000830       PxValidateConvexMesh       0000000180001830 f   Cooking.obj
 0001:00000840       PxValidateTriangleMesh     0000000180001840 f   Cooking.obj
 0001:00000850       ?cookingDelayHook@@YAP6A_JXZIPEAUDelayLoadInfo@@@Z 0000000180001850 f   WindowsCookingDelayLoadHook.obj
 0001:00000930       PxSetPhysXCookingDelayLoadHook 0000000180001930 f   WindowsCookingDelayLoadHook.obj
 0001:00000938       getInsertionCallback       0000000180001938 f   PhysXCommon_64:PhysXCommon_64.dll
 0001:0000093e       __tailMerge_physxcommon_64_dll 000000018000193e     PhysXCommon_64:PhysXCommon_64.dll
 0001:000009b7       __imp_load_getInsertionCallback 00000001800019b7 f   PhysXCommon_64:PhysXCommon_64.dll
 0001:000009c3       cookBVH                    00000001800019c3 f   PhysXCommon_64:PhysXCommon_64.dll
 0001:000009c9       __imp_load_cookBVH         00000001800019c9 f   PhysXCommon_64:PhysXCommon_64.dll
 0001:000009d5       createBVH                  00000001800019d5 f   PhysXCommon_64:PhysXCommon_64.dll
 0001:000009db       __imp_load_createBVH       00000001800019db f   PhysXCommon_64:PhysXCommon_64.dll
 0001:000009e7       cookHeightField            00000001800019e7 f   PhysXCommon_64:PhysXCommon_64.dll
 0001:000009ed       __imp_load_cookHeightField 00000001800019ed f   PhysXCommon_64:PhysXCommon_64.dll
 0001:000009f9       createHeightField          00000001800019f9 f   PhysXCommon_64:PhysXCommon_64.dll
 0001:000009ff       __imp_load_createHeightField 00000001800019ff f   PhysXCommon_64:PhysXCommon_64.dll
 0001:00000a0b       cookConvexMesh             0000000180001a0b f   PhysXCommon_64:PhysXCommon_64.dll
 0001:00000a11       __imp_load_cookConvexMesh  0000000180001a11 f   PhysXCommon_64:PhysXCommon_64.dll
 0001:00000a1d       createConvexMesh           0000000180001a1d f   PhysXCommon_64:PhysXCommon_64.dll
 0001:00000a23       __imp_load_createConvexMesh 0000000180001a23 f   PhysXCommon_64:PhysXCommon_64.dll
 0001:00000a2f       validateConvexMesh         0000000180001a2f f   PhysXCommon_64:PhysXCommon_64.dll
 0001:00000a35       __imp_load_validateConvexMesh 0000000180001a35 f   PhysXCommon_64:PhysXCommon_64.dll
 0001:00000a41       computeHullPolygons        0000000180001a41 f   PhysXCommon_64:PhysXCommon_64.dll
 0001:00000a47       __imp_load_computeHullPolygons 0000000180001a47 f   PhysXCommon_64:PhysXCommon_64.dll
 0001:00000a53       validateTriangleMesh       0000000180001a53 f   PhysXCommon_64:PhysXCommon_64.dll
 0001:00000a59       __imp_load_validateTriangleMesh 0000000180001a59 f   PhysXCommon_64:PhysXCommon_64.dll
 0001:00000a65       createTriangleMesh         0000000180001a65 f   PhysXCommon_64:PhysXCommon_64.dll
 0001:00000a6b       __imp_load_createTriangleMesh 0000000180001a6b f   PhysXCommon_64:PhysXCommon_64.dll
 0001:00000a77       cookTriangleMesh           0000000180001a77 f   PhysXCommon_64:PhysXCommon_64.dll
 0001:00000a7d       __imp_load_cookTriangleMesh 0000000180001a7d f   PhysXCommon_64:PhysXCommon_64.dll
 0001:00000a89       cookTetrahedronMesh        0000000180001a89 f   PhysXCommon_64:PhysXCommon_64.dll
 0001:00000a8f       __imp_load_cookTetrahedronMesh 0000000180001a8f f   PhysXCommon_64:PhysXCommon_64.dll
 0001:00000a9b       createTetrahedronMesh      0000000180001a9b f   PhysXCommon_64:PhysXCommon_64.dll
 0001:00000aa1       __imp_load_createTetrahedronMesh 0000000180001aa1 f   PhysXCommon_64:PhysXCommon_64.dll
 0001:00000aad       cookDeformableVolumeMesh   0000000180001aad f   PhysXCommon_64:PhysXCommon_64.dll
 0001:00000ab3       __imp_load_cookDeformableVolumeMesh 0000000180001ab3 f   PhysXCommon_64:PhysXCommon_64.dll
 0001:00000abf       createDeformableVolumeMesh 0000000180001abf f   PhysXCommon_64:PhysXCommon_64.dll
 0001:00000ac5       __imp_load_createDeformableVolumeMesh 0000000180001ac5 f   PhysXCommon_64:PhysXCommon_64.dll
 0001:00000ad1       computeModelsMapping       0000000180001ad1 f   PhysXCommon_64:PhysXCommon_64.dll
 0001:00000ad7       __imp_load_computeModelsMapping 0000000180001ad7 f   PhysXCommon_64:PhysXCommon_64.dll
 0001:00000ae3       computeCollisionData       0000000180001ae3 f   PhysXCommon_64:PhysXCommon_64.dll
 0001:00000ae9       __imp_load_computeCollisionData 0000000180001ae9 f   PhysXCommon_64:PhysXCommon_64.dll
 0001:00000af5       computeSimulationData      0000000180001af5 f   PhysXCommon_64:PhysXCommon_64.dll
 0001:00000afb       __imp_load_computeSimulationData 0000000180001afb f   PhysXCommon_64:PhysXCommon_64.dll
 0001:00000b07       assembleDeformableVolumeMesh 0000000180001b07 f   PhysXCommon_64:PhysXCommon_64.dll
 0001:00000b0d       __imp_load_assembleDeformableVolumeMesh 0000000180001b0d f   PhysXCommon_64:PhysXCommon_64.dll
 0001:00000b19       ?release@AABBTreeBounds@Gu@physx@@QEAAXXZ 0000000180001b19 f   PhysXCommon_64:PhysXCommon_64.dll
 0001:00000b1f       __imp_load_?release@AABBTreeBounds@Gu@physx@@QEAAXXZ 0000000180001b1f f   PhysXCommon_64:PhysXCommon_64.dll
 0001:00000b2b       ??0BVH@Gu@physx@@QEAA@AEBUPxBVHInternalData@2@@Z 0000000180001b2b f   PhysXCommon_64:PhysXCommon_64.dll
 0001:00000b31       __imp_load_??0BVH@Gu@physx@@QEAA@AEBUPxBVHInternalData@2@@Z 0000000180001b31 f   PhysXCommon_64:PhysXCommon_64.dll
 0001:00000b3d       ??0BV4TriangleMesh@Gu@physx@@QEAA@AEBUPxTriangleMeshInternalData@2@@Z 0000000180001b3d f   PhysXCommon_64:PhysXCommon_64.dll
 0001:00000b43       __imp_load_??0BV4TriangleMesh@Gu@physx@@QEAA@AEBUPxTriangleMeshInternalData@2@@Z 0000000180001b43 f   PhysXCommon_64:PhysXCommon_64.dll
 0001:00000b4f       PxGetBroadcastAllocator    0000000180001b4f f   PhysXFoundation_64:PhysXFoundation_64.dll
 0001:00000b55       __tailMerge_physxfoundation_64_dll 0000000180001b55     PhysXFoundation_64:PhysXFoundation_64.dll
 0001:00000bce       __imp_load_PxGetBroadcastAllocator 0000000180001bce f   PhysXFoundation_64:PhysXFoundation_64.dll
 0001:00000bdc       ?DloadAcquireSectionWriteAccess@@YAXXZ 0000000180001bdc f i Delayimp:delayhlp.obj
 0001:00000c88       ?DloadGetSRWLockFunctionPointers@@YAEXZ 0000000180001c88 f i Delayimp:delayhlp.obj
 0001:00000d28       ?DloadMakePermanentImageCommit@@YAXPEAX_K@Z 0000000180001d28 f i Delayimp:delayhlp.obj
 0001:00000dc0       ?DloadObtainSection@@YAPEAXPEAK0@Z 0000000180001dc0 f i Delayimp:delayhlp.obj
 0001:00000e5c       ?DloadProtectSection@@YAXKPEAK@Z 0000000180001e5c f i Delayimp:delayhlp.obj
 0001:00000eec       ?DloadReleaseSectionWriteAccess@@YAXXZ 0000000180001eec f i Delayimp:delayhlp.obj
 0001:00000f80       __delayLoadHelper2         0000000180001f80 f   Delayimp:delayhlp.obj
 0001:00001258       ??3@YAXPEAX@Z              0000000180002258 f   MSVCRT:delete_scalar.obj
 0001:00001260       ??3@YAXPEAX_K@Z            0000000180002260 f   MSVCRT:delete_scalar_size.obj
 0001:00001260       ??_V@YAXPEAX@Z             0000000180002260 f   MSVCRT:delete_array.obj
 0001:00001268       ??_V@YAXPEAX_K@Z           0000000180002268 f   MSVCRT:delete_array_size.obj
 0001:00001270       ??_Etype_info@@UEAAPEAXI@Z 0000000180002270 f i MSVCRT:std_type_info_static.obj
 0001:00001270       ??_Gtype_info@@UEAAPEAXI@Z 0000000180002270 f i MSVCRT:std_type_info_static.obj
 0001:0000129c       ?__scrt_initialize_type_info@@YAXXZ 000000018000229c f   MSVCRT:tncleanup.obj
 0001:000012ac       ?__scrt_uninitialize_type_info@@YAXXZ 00000001800022ac f   MSVCRT:tncleanup.obj
 0001:000015d4       _DllMainCRTStartup         00000001800025d4 f   MSVCRT:dll_dllmain.obj
 0001:00001614       __security_init_cookie     0000000180002614 f   MSVCRT:gs_support.obj
 0001:000016c0       DllMain                    00000001800026c0 f   MSVCRT:dll_dllmain_stub.obj
 0001:000016e4       __local_stdio_printf_options 00000001800026e4 f i MSVCRT:default_local_stdio_options.obj
 0001:000016ec       __local_stdio_scanf_options 00000001800026ec f i MSVCRT:default_local_stdio_options.obj
 0001:000016f4       __scrt_initialize_default_local_stdio_options 00000001800026f4 f   MSVCRT:default_local_stdio_options.obj
 0001:00001710       __scrt_acquire_startup_lock 0000000180002710 f   MSVCRT:utility.obj
 0001:0000174c       __scrt_dllmain_after_initialize_c 000000018000274c f   MSVCRT:utility.obj
 0001:00001780       __scrt_dllmain_before_initialize_c 0000000180002780 f   MSVCRT:utility.obj
 0001:00001798       __scrt_dllmain_crt_thread_attach 0000000180002798 f   MSVCRT:utility.obj
 0001:000017c0       __scrt_dllmain_crt_thread_detach 00000001800027c0 f   MSVCRT:utility.obj
 0001:000017d8       __scrt_dllmain_exception_filter 00000001800027d8 f   MSVCRT:utility.obj
 0001:00001838       __scrt_dllmain_uninitialize_c 0000000180002838 f   MSVCRT:utility.obj
 0001:00001868       __scrt_dllmain_uninitialize_critical 0000000180002868 f   MSVCRT:utility.obj
 0001:0000187c       __scrt_initialize_crt      000000018000287c f   MSVCRT:utility.obj
 0001:000018b8       __scrt_initialize_onexit_tables 00000001800028b8 f   MSVCRT:utility.obj
 0001:00001944       __scrt_is_nonwritable_in_current_image 0000000180002944 f   MSVCRT:utility.obj
 0001:000019dc       __scrt_release_startup_lock 00000001800029dc f   MSVCRT:utility.obj
 0001:00001a00       __scrt_uninitialize_crt    0000000180002a00 f   MSVCRT:utility.obj
 0001:00001a2c       __scrt_get_dyn_tls_init_callback 0000000180002a2c f   MSVCRT:dyn_tls_init.obj
 0001:00001a34       __crt_debugger_hook        0000000180002a34 f   MSVCRT:utility_desktop.obj
 0001:00001a3c       __scrt_fastfail            0000000180002a3c f   MSVCRT:utility_desktop.obj
 0001:00001b84       _RTC_Initialize            0000000180002b84 f   MSVCRT:initsect.obj
 0001:00001bc0       _RTC_Terminate             0000000180002bc0 f   MSVCRT:initsect.obj
 0001:00001c00       __isa_available_init       0000000180002c00 f   MSVCRT:cpu_disp.obj
 0001:00001dac       _get_startup_argv_mode     0000000180002dac f   MSVCRT:argv_mode.obj
 0001:00001db4       __scrt_is_ucrt_dll_in_use  0000000180002db4 f   MSVCRT:ucrt_detection.obj
 0001:00001dc0       _purecall                  0000000180002dc0 f   vcruntime:VCRUNTIME140.dll
 0001:00001dc6       __std_type_info_name       0000000180002dc6 f   vcruntime:VCRUNTIME140.dll
 0001:00001dcc       strstr                     0000000180002dcc f   vcruntime:VCRUNTIME140.dll
 0001:00001dd2       __std_type_info_destroy_list 0000000180002dd2 f   vcruntime:VCRUNTIME140.dll
 0001:00001dd8       __C_specific_handler       0000000180002dd8 f   vcruntime:VCRUNTIME140.dll
 0001:00001dde       memset                     0000000180002dde f   vcruntime:VCRUNTIME140.dll
 0001:00001de4       memcpy                     0000000180002de4 f   vcruntime:VCRUNTIME140.dll
 0001:00001dea       free                       0000000180002dea f   ucrt:api-ms-win-crt-heap-l1-1-0.dll
 0001:00001df0       _initterm                  0000000180002df0 f   ucrt:api-ms-win-crt-runtime-l1-1-0.dll
 0001:00001df6       _initterm_e                0000000180002df6 f   ucrt:api-ms-win-crt-runtime-l1-1-0.dll
 0001:00001dfc       _seh_filter_dll            0000000180002dfc f   ucrt:api-ms-win-crt-runtime-l1-1-0.dll
 0001:00001e02       _configure_narrow_argv     0000000180002e02 f   ucrt:api-ms-win-crt-runtime-l1-1-0.dll
 0001:00001e08       _initialize_narrow_environment 0000000180002e08 f   ucrt:api-ms-win-crt-runtime-l1-1-0.dll
 0001:00001e0e       _initialize_onexit_table   0000000180002e0e f   ucrt:api-ms-win-crt-runtime-l1-1-0.dll
 0001:00001e14       _execute_onexit_table      0000000180002e14 f   ucrt:api-ms-win-crt-runtime-l1-1-0.dll
 0001:00001e1a       _cexit                     0000000180002e1a f   ucrt:api-ms-win-crt-runtime-l1-1-0.dll
 0001:00001e20       __acrt_initialize          0000000180002e20 f   MSVCRT:ucrt_stubs.obj
 0001:00001e20       __acrt_thread_attach       0000000180002e20 f   MSVCRT:ucrt_stubs.obj
 0001:00001e20       __acrt_thread_detach       0000000180002e20 f   MSVCRT:ucrt_stubs.obj
 0001:00001e20       __acrt_uninitialize        0000000180002e20 f   MSVCRT:ucrt_stubs.obj
 0001:00001e20       __acrt_uninitialize_critical 0000000180002e20 f   MSVCRT:ucrt_stubs.obj
 0001:00001e20       __scrt_stub_for_acrt_initialize 0000000180002e20 f   MSVCRT:ucrt_stubs.obj
 0001:00001e20       __scrt_stub_for_acrt_thread_attach 0000000180002e20 f   MSVCRT:ucrt_stubs.obj
 0001:00001e20       __scrt_stub_for_acrt_thread_detach 0000000180002e20 f   MSVCRT:ucrt_stubs.obj
 0001:00001e20       __scrt_stub_for_acrt_uninitialize 0000000180002e20 f   MSVCRT:ucrt_stubs.obj
 0001:00001e20       __scrt_stub_for_acrt_uninitialize_critical 0000000180002e20 f   MSVCRT:ucrt_stubs.obj
 0001:00001e20       __vcrt_initialize          0000000180002e20 f   MSVCRT:ucrt_stubs.obj
 0001:00001e20       __vcrt_thread_attach       0000000180002e20 f   MSVCRT:ucrt_stubs.obj
 0001:00001e20       __vcrt_thread_detach       0000000180002e20 f   MSVCRT:ucrt_stubs.obj
 0001:00001e20       __vcrt_uninitialize        0000000180002e20 f   MSVCRT:ucrt_stubs.obj
 0001:00001e20       __vcrt_uninitialize_critical 0000000180002e20 f   MSVCRT:ucrt_stubs.obj
 0001:00001e24       __scrt_stub_for_is_c_termination_complete 0000000180002e24 f   MSVCRT:ucrt_stubs.obj
 0001:00001e24       _is_c_termination_complete 0000000180002e24 f   MSVCRT:ucrt_stubs.obj
 0001:00001e40       _guard_dispatch_icall_nop  0000000180002e40 f   MSVCRT:guard_dispatch.obj
 0001:00001e60       _guard_xfg_dispatch_icall_nop 0000000180002e60 f   MSVCRT:guard_xfg_dispatch.obj
 0002:00000000       __imp_LoadLibraryA         0000000180003000     kernel32:KERNEL32.dll
 0002:00000008       __imp_SetUnhandledExceptionFilter 0000000180003008     kernel32:KERNEL32.dll
 0002:00000010       __imp_UnhandledExceptionFilter 0000000180003010     kernel32:KERNEL32.dll
 0002:00000018       __imp_IsDebuggerPresent    0000000180003018     kernel32:KERNEL32.dll
 0002:00000020       __imp_RtlVirtualUnwind     0000000180003020     kernel32:KERNEL32.dll
 0002:00000028       __imp_RtlLookupFunctionEntry 0000000180003028     kernel32:KERNEL32.dll
 0002:00000030       __imp_RtlCaptureContext    0000000180003030     kernel32:KERNEL32.dll
 0002:00000038       __imp_DisableThreadLibraryCalls 0000000180003038     kernel32:KERNEL32.dll
 0002:00000040       __imp_GetSystemTimeAsFileTime 0000000180003040     kernel32:KERNEL32.dll
 0002:00000048       __imp_GetCurrentThreadId   0000000180003048     kernel32:KERNEL32.dll
 0002:00000050       __imp_GetCurrentProcessId  0000000180003050     kernel32:KERNEL32.dll
 0002:00000058       __imp_QueryPerformanceCounter 0000000180003058     kernel32:KERNEL32.dll
 0002:00000060       __imp_InitializeSListHead  0000000180003060     kernel32:KERNEL32.dll
 0002:00000068       __imp_LoadLibraryExA       0000000180003068     kernel32:KERNEL32.dll
 0002:00000070       __imp_GetProcAddress       0000000180003070     kernel32:KERNEL32.dll
 0002:00000078       __imp_GetModuleHandleW     0000000180003078     kernel32:KERNEL32.dll
 0002:00000080       __imp_FreeLibrary          0000000180003080     kernel32:KERNEL32.dll
 0002:00000088       __imp_VirtualQuery         0000000180003088     kernel32:KERNEL32.dll
 0002:00000090       __imp_VirtualProtect       0000000180003090     kernel32:KERNEL32.dll
 0002:00000098       __imp_GetSystemInfo        0000000180003098     kernel32:KERNEL32.dll
 0002:000000a0       __imp_GetLastError         00000001800030a0     kernel32:KERNEL32.dll
 0002:000000a8       __imp_RaiseException       00000001800030a8     kernel32:KERNEL32.dll
 0002:000000b0       __imp_IsProcessorFeaturePresent 00000001800030b0     kernel32:KERNEL32.dll
 0002:000000b8       \177KERNEL32_NULL_THUNK_DATA 00000001800030b8     kernel32:KERNEL32.dll
 0002:000000c0       __imp___C_specific_handler 00000001800030c0     vcruntime:VCRUNTIME140.dll
 0002:000000c8       __imp__purecall            00000001800030c8     vcruntime:VCRUNTIME140.dll
 0002:000000d0       __imp___std_type_info_name 00000001800030d0     vcruntime:VCRUNTIME140.dll
 0002:000000d8       __imp_strstr               00000001800030d8     vcruntime:VCRUNTIME140.dll
 0002:000000e0       __imp___std_type_info_destroy_list 00000001800030e0     vcruntime:VCRUNTIME140.dll
 0002:000000e8       __imp_memset               00000001800030e8     vcruntime:VCRUNTIME140.dll
 0002:000000f0       __imp_memcpy               00000001800030f0     vcruntime:VCRUNTIME140.dll
 0002:000000f8       \177VCRUNTIME140_NULL_THUNK_DATA 00000001800030f8     vcruntime:VCRUNTIME140.dll
 0002:00000100       __imp_free                 0000000180003100     ucrt:api-ms-win-crt-heap-l1-1-0.dll
 0002:00000108       \177api-ms-win-crt-heap-l1-1-0_NULL_THUNK_DATA 0000000180003108     ucrt:api-ms-win-crt-heap-l1-1-0.dll
 0002:00000110       __imp__initterm            0000000180003110     ucrt:api-ms-win-crt-runtime-l1-1-0.dll
 0002:00000118       __imp__initterm_e          0000000180003118     ucrt:api-ms-win-crt-runtime-l1-1-0.dll
 0002:00000120       __imp__seh_filter_dll      0000000180003120     ucrt:api-ms-win-crt-runtime-l1-1-0.dll
 0002:00000128       __imp__configure_narrow_argv 0000000180003128     ucrt:api-ms-win-crt-runtime-l1-1-0.dll
 0002:00000130       __imp__initialize_narrow_environment 0000000180003130     ucrt:api-ms-win-crt-runtime-l1-1-0.dll
 0002:00000138       __imp__initialize_onexit_table 0000000180003138     ucrt:api-ms-win-crt-runtime-l1-1-0.dll
 0002:00000140       __imp__execute_onexit_table 0000000180003140     ucrt:api-ms-win-crt-runtime-l1-1-0.dll
 0002:00000148       __imp__cexit               0000000180003148     ucrt:api-ms-win-crt-runtime-l1-1-0.dll
 0002:00000150       \177api-ms-win-crt-runtime-l1-1-0_NULL_THUNK_DATA 0000000180003150     ucrt:api-ms-win-crt-runtime-l1-1-0.dll
 0002:00000158       __guard_check_icall_fptr   0000000180003158     MSVCRT:guard_support.obj
 0002:00000160       __guard_xfg_check_icall_fptr 0000000180003160     MSVCRT:guard_support.obj
 0002:00000168       __guard_dispatch_icall_fptr 0000000180003168     MSVCRT:guard_support.obj
 0002:00000170       __guard_xfg_dispatch_icall_fptr 0000000180003170     MSVCRT:guard_support.obj
 0002:00000178       __guard_xfg_table_dispatch_icall_fptr 0000000180003178     MSVCRT:guard_support.obj
 0002:00000180       __castguard_check_failure_os_handled_fptr 0000000180003180     MSVCRT:guard_support.obj
 0002:00000188       __guard_memcpy_fptr        0000000180003188     vcruntime:softmemtag.obj
 0002:00000190       __xc_a                     0000000180003190     MSVCRT:initializers.obj
 0002:000001c8       __xc_z                     00000001800031c8     MSVCRT:initializers.obj
 0002:000001d0       __xi_a                     00000001800031d0     MSVCRT:initializers.obj
 0002:000001d8       __xi_z                     00000001800031d8     MSVCRT:initializers.obj
 0002:000001e0       __xp_a                     00000001800031e0     MSVCRT:initializers.obj
 0002:000001e8       __xp_z                     00000001800031e8     MSVCRT:initializers.obj
 0002:000001f0       __xt_a                     00000001800031f0     MSVCRT:initializers.obj
 0002:000001f8       __xt_z                     00000001800031f8     MSVCRT:initializers.obj
 0002:00000220       ??_7PxFoundation@physx@@6B@ 0000000180003220     Cooking.obj
 0002:00000290       ??_C@_0EA@BNMKJEGN@D?3?2Projects?2PhysXRepo?2physx?2sou@ 0000000180003290     Cooking.obj
 0002:000002d0       ??_C@_0DJ@MKLDLIHF@D?3?2Projects?2PhysXRepo?2physx?2inc@ 00000001800032d0     Cooking.obj
 0002:00000310       ??_C@_0BM@OIFKLHDN@?$DMallocation?5names?5disabled?$DO@ 0000000180003310     Cooking.obj
 0002:00000330       __xmm@000000003a83126f3a83126f3a83126f 0000000180003330     Cooking.obj
 0002:00000340       __xmm@00000000ba83126fba83126fba83126f 0000000180003340     Cooking.obj
 0002:00000350       __xmm@3a83126f3a83126f3a83126f3a83126f 0000000180003350     Cooking.obj
 0002:00000360       __xmm@ba83126fba83126fba83126fba83126f 0000000180003360     Cooking.obj
 0002:00000370       ??_C@_0BA@EGLNOO@PhysXFoundation@ 0000000180003370     WindowsCookingDelayLoadHook.obj
 0002:00000380       ??_C@_0M@ILKNCJKN@PhysXCommon@ 0000000180003380     WindowsCookingDelayLoadHook.obj
 0002:00000390       __sz_PhysXCommon_64_dll    0000000180003390     PhysXCommon_64:PhysXCommon_64.dll
 0002:000003b0       __sz_PhysXFoundation_64_dll 00000001800033b0     PhysXFoundation_64:PhysXFoundation_64.dll
 0002:000003c8       ??_C@_1BK@DBDEIDLH@?$AAK?$AAE?$AAR?$AAN?$AAE?$AAL?$AA3?$AA2?$AA?4?$AAD?$AAL?$AAL@ 00000001800033c8     Delayimp:delayhlp.obj
 0002:000003e8       ??_C@_0BI@OMNLIJDB@AcquireSRWLockExclusive@ 00000001800033e8     Delayimp:delayhlp.obj
 0002:00000400       ??_C@_0BI@HMIEPCNJ@ReleaseSRWLockExclusive@ 0000000180003400     Delayimp:delayhlp.obj
 0002:00000418       __pfnDliFailureHook2       0000000180003418     Delayimp:delayhk1.obj
 0002:00000428       ??_7type_info@@6B@         0000000180003428     MSVCRT:std_type_info_static.obj
 0002:00000430       _pDefaultRawDllMain        0000000180003430     MSVCRT:dll_dllmain.obj
 0002:00000430       _pRawDllMain               0000000180003430     MSVCRT:dll_dllmain.obj
 0002:00000440       _load_config_used          0000000180003440     MSVCRT:loadcfg.obj
 0002:00000580       __xmm@ffffffffffffffffffffffffffffffff 0000000180003580     MSVCRT:utility.obj
 0002:00000600       ??_R4type_info@@6B@        0000000180003600     MSVCRT:std_type_info_static.obj
 0002:00000628       ??_R3type_info@@8          0000000180003628     MSVCRT:std_type_info_static.obj
 0002:00000640       ??_R2type_info@@8          0000000180003640     MSVCRT:std_type_info_static.obj
 0002:00000650       ??_R1A@?0A@EA@type_info@@8 0000000180003650     MSVCRT:std_type_info_static.obj
 0002:00000674       __volatile_metadata        0000000180003674     <linker-defined>
 0002:00000aa0       __rtc_iaa                  0000000180003aa0     MSVCRT:initsect.obj
 0002:00000aa8       __rtc_izz                  0000000180003aa8     MSVCRT:initsect.obj
 0002:00000ab0       __rtc_taa                  0000000180003ab0     MSVCRT:initsect.obj
 0002:00000ab8       __rtc_tzz                  0000000180003ab8     MSVCRT:initsect.obj
 0002:00000d64       __DELAY_IMPORT_DESCRIPTOR_physxcommon_64_dll 0000000180003d64     PhysXCommon_64:PhysXCommon_64.dll
 0002:00000d84       __DELAY_IMPORT_DESCRIPTOR_physxfoundation_64_dll 0000000180003d84     PhysXFoundation_64:PhysXFoundation_64.dll
 0002:00000da4       __NULL_DELAY_IMPORT_DESCRIPTOR 0000000180003da4     PhysXCommon_64:PhysXCommon_64.dll
 0002:00000e80       \177PhysXCommon_64_NULL_THUNK_DATA_DLN 0000000180003e80     PhysXCommon_64:PhysXCommon_64.dll
 0002:00000e90       \177PhysXFoundation_64_NULL_THUNK_DATA_DLN 0000000180003e90     PhysXFoundation_64:PhysXFoundation_64.dll
 0002:00001120       \177PhysXCommon_64_NULL_THUNK_DATA_DLB 0000000180004120     PhysXCommon_64:PhysXCommon_64.dll
 0002:000011e0       \177PhysXFoundation_64_NULL_THUNK_DATA_DLB 00000001800041e0     PhysXFoundation_64:PhysXFoundation_64.dll
 0002:00001df8       __IMPORT_DESCRIPTOR_KERNEL32 0000000180004df8     kernel32:KERNEL32.dll
 0002:00001e0c       __IMPORT_DESCRIPTOR_VCRUNTIME140 0000000180004e0c     vcruntime:VCRUNTIME140.dll
 0002:00001e20       __IMPORT_DESCRIPTOR_api-ms-win-crt-heap-l1-1-0 0000000180004e20     ucrt:api-ms-win-crt-heap-l1-1-0.dll
 0002:00001e34       __IMPORT_DESCRIPTOR_api-ms-win-crt-runtime-l1-1-0 0000000180004e34     ucrt:api-ms-win-crt-runtime-l1-1-0.dll
 0002:00001e48       __NULL_IMPORT_DESCRIPTOR   0000000180004e48     kernel32:KERNEL32.dll
 0003:00000000       __pfnDliNotifyHook2        0000000180006000     WindowsCookingDelayLoadHook.obj
 0003:00000008       _fltused                   0000000180006008     MSVCRT:fltused.obj
 0003:0000000c       __scrt_native_dllmain_reason 000000018000600c     MSVCRT:utility.obj
 0003:00000040       __security_cookie          0000000180006040     MSVCRT:gs_cookie.obj
 0003:00000080       __security_cookie_complement 0000000180006080     MSVCRT:gs_cookie.obj
 0003:00000090       __isa_available            0000000180006090     MSVCRT:cpu_disp.obj
 0003:00000094       __isa_enabled              0000000180006094     MSVCRT:cpu_disp.obj
 0003:00000098       __memset_fast_string_threshold 0000000180006098     MSVCRT:cpu_disp.obj
 0003:000000a0       __memset_nt_threshold      00000001800060a0     MSVCRT:cpu_disp.obj
 0003:000000a8       __scrt_ucrt_dll_is_in_use  00000001800060a8     MSVCRT:ucrt_stubs.obj
 0003:000000b0       ??_R0?AVBVH@Gu@physx@@@8   00000001800060b0     Cooking.obj
 0003:000000d8       ??_R0?AVBV4TriangleMesh@Gu@physx@@@8 00000001800060d8     Cooking.obj
 0003:00000108       ??_R0?AUSlab@NodeAllocator@Gu@physx@@@8 0000000180006108     Cooking.obj
 0003:00000140       ??_R0?AVtype_info@@@8      0000000180006140     MSVCRT:std_type_info_static.obj
 0003:00000160       __imp_getInsertionCallback 0000000180006160     PhysXCommon_64:PhysXCommon_64.dll
 0003:00000168       __imp_??0BV4TriangleMesh@Gu@physx@@QEAA@AEBUPxTriangleMeshInternalData@2@@Z 0000000180006168     PhysXCommon_64:PhysXCommon_64.dll
 0003:00000170       __imp_cookBVH              0000000180006170     PhysXCommon_64:PhysXCommon_64.dll
 0003:00000178       __imp_createBVH            0000000180006178     PhysXCommon_64:PhysXCommon_64.dll
 0003:00000180       __imp_cookHeightField      0000000180006180     PhysXCommon_64:PhysXCommon_64.dll
 0003:00000188       __imp_createHeightField    0000000180006188     PhysXCommon_64:PhysXCommon_64.dll
 0003:00000190       __imp_cookConvexMesh       0000000180006190     PhysXCommon_64:PhysXCommon_64.dll
 0003:00000198       __imp_createConvexMesh     0000000180006198     PhysXCommon_64:PhysXCommon_64.dll
 0003:000001a0       __imp_validateConvexMesh   00000001800061a0     PhysXCommon_64:PhysXCommon_64.dll
 0003:000001a8       __imp_computeHullPolygons  00000001800061a8     PhysXCommon_64:PhysXCommon_64.dll
 0003:000001b0       __imp_validateTriangleMesh 00000001800061b0     PhysXCommon_64:PhysXCommon_64.dll
 0003:000001b8       __imp_createTriangleMesh   00000001800061b8     PhysXCommon_64:PhysXCommon_64.dll
 0003:000001c0       __imp_cookTriangleMesh     00000001800061c0     PhysXCommon_64:PhysXCommon_64.dll
 0003:000001c8       __imp_cookTetrahedronMesh  00000001800061c8     PhysXCommon_64:PhysXCommon_64.dll
 0003:000001d0       __imp_createTetrahedronMesh 00000001800061d0     PhysXCommon_64:PhysXCommon_64.dll
 0003:000001d8       __imp_cookDeformableVolumeMesh 00000001800061d8     PhysXCommon_64:PhysXCommon_64.dll
 0003:000001e0       __imp_createDeformableVolumeMesh 00000001800061e0     PhysXCommon_64:PhysXCommon_64.dll
 0003:000001e8       __imp_computeModelsMapping 00000001800061e8     PhysXCommon_64:PhysXCommon_64.dll
 0003:000001f0       __imp_computeCollisionData 00000001800061f0     PhysXCommon_64:PhysXCommon_64.dll
 0003:000001f8       __imp_computeSimulationData 00000001800061f8     PhysXCommon_64:PhysXCommon_64.dll
 0003:00000200       __imp_assembleDeformableVolumeMesh 0000000180006200     PhysXCommon_64:PhysXCommon_64.dll
 0003:00000208       __imp_?release@AABBTreeBounds@Gu@physx@@QEAAXXZ 0000000180006208     PhysXCommon_64:PhysXCommon_64.dll
 0003:00000210       __imp_??0BVH@Gu@physx@@QEAA@AEBUPxBVHInternalData@2@@Z 0000000180006210     PhysXCommon_64:PhysXCommon_64.dll
 0003:00000218       \177PhysXCommon_64_NULL_THUNK_DATA_DLA 0000000180006218     PhysXCommon_64:PhysXCommon_64.dll
 0003:00000220       __imp_PxGetBroadcastAllocator 0000000180006220     PhysXFoundation_64:PhysXFoundation_64.dll
 0003:00000228       \177PhysXFoundation_64_NULL_THUNK_DATA_DLA 0000000180006228     PhysXFoundation_64:PhysXFoundation_64.dll
 0003:00000298       __hmod__PhysXCommon_64_dll 0000000180006298     PhysXCommon_64:PhysXCommon_64.dll
 0003:000002a0       __hmod__PhysXFoundation_64_dll 00000001800062a0     PhysXFoundation_64:PhysXFoundation_64.dll
 0003:000002a8       ?DloadKernel32@@3PEAUHINSTANCE__@@EA 00000001800062a8     Delayimp:delayhlp.obj
 0003:000002b0       ?DloadAcquireSRWLockExclusive@@3P6AXPEA_K@ZEA 00000001800062b0     Delayimp:delayhlp.obj
 0003:000002b8       ?DloadReleaseSRWLockExclusive@@3P6AXPEA_K@ZEA 00000001800062b8     Delayimp:delayhlp.obj
 0003:000002c0       ?DloadSrwLock@@3_KA        00000001800062c0     Delayimp:delayhlp.obj
 0003:000002c8       ?DloadSectionLockCount@@3KA 00000001800062c8     Delayimp:delayhlp.obj
 0003:000002cc       ?DloadSectionOldProtection@@3KA 00000001800062cc     Delayimp:delayhlp.obj
 0003:000002d0       ?DloadSectionCommitPermanent@@3KA 00000001800062d0     Delayimp:delayhlp.obj
 0003:000002e0       ?__type_info_root_node@@3U__type_info_node@@A 00000001800062e0     MSVCRT:tncleanup.obj
 0003:000002f8       ?_OptionsStorage@?1??__local_stdio_printf_options@@9@4_KA 00000001800062f8     MSVCRT:default_local_stdio_options.obj
 0003:00000300       ?_OptionsStorage@?1??__local_stdio_scanf_options@@9@4_KA 0000000180006300     MSVCRT:default_local_stdio_options.obj
 0003:00000308       __scrt_current_native_startup_state 0000000180006308     MSVCRT:utility.obj
 0003:00000310       __scrt_native_startup_lock 0000000180006310     MSVCRT:utility.obj
 0003:00000350       __scrt_debugger_hook_flag  0000000180006350     MSVCRT:utility_desktop.obj
 0003:00000354       __favor                    0000000180006354     MSVCRT:cpu_disp.obj
 0003:00000358       __dyn_tls_init_callback    0000000180006358     <common>

 entry point at        0001:000015d4

 Static symbols

 0000:ffff6000       .debug$S                   0000000180000000     PhysXCooking_64.exp
 0000:ffff6000       .debug$S                   0000000180000000     ucrt:api-ms-win-crt-heap-l1-1-0.dll
 0000:ffff6000       .debug$S                   0000000180000000     ucrt:api-ms-win-crt-runtime-l1-1-0.dll
 0000:ffff6000       .debug$S                   0000000180000000     ucrt:api-ms-win-crt-runtime-l1-1-0.dll
 0000:ffff6000       .debug$S                   0000000180000000     ucrt:api-ms-win-crt-runtime-l1-1-0.dll
 0000:ffff6000       .debug$S                   0000000180000000     ucrt:api-ms-win-crt-runtime-l1-1-0.dll
 0000:ffff6000       .debug$S                   0000000180000000     ucrt:api-ms-win-crt-runtime-l1-1-0.dll
 0000:ffff6000       .debug$S                   0000000180000000     ucrt:api-ms-win-crt-runtime-l1-1-0.dll
 0000:ffff6000       .debug$S                   0000000180000000     ucrt:api-ms-win-crt-runtime-l1-1-0.dll
 0000:ffff6000       .debug$S                   0000000180000000     ucrt:api-ms-win-crt-runtime-l1-1-0.dll
 0000:ffff6000       .debug$S                   0000000180000000     ucrt:api-ms-win-crt-runtime-l1-1-0.dll
 0000:ffff6000       .debug$S                   0000000180000000     ucrt:api-ms-win-crt-runtime-l1-1-0.dll
 0000:ffff6000       .debug$S                   0000000180000000     ucrt:api-ms-win-crt-runtime-l1-1-0.dll
 0000:ffff6000       .debug$S                   0000000180000000     ucrt:api-ms-win-crt-runtime-l1-1-0.dll
 0000:ffff6000       .debug$S                   0000000180000000     kernel32:KERNEL32.dll
 0000:ffff6000       .debug$S                   0000000180000000     kernel32:KERNEL32.dll
 0000:ffff6000       .debug$S                   0000000180000000     kernel32:KERNEL32.dll
 0000:ffff6000       .debug$S                   0000000180000000     kernel32:KERNEL32.dll
 0000:ffff6000       .debug$S                   0000000180000000     kernel32:KERNEL32.dll
 0000:ffff6000       .debug$S                   0000000180000000     kernel32:KERNEL32.dll
 0000:ffff6000       .debug$S                   0000000180000000     kernel32:KERNEL32.dll
 0000:ffff6000       .debug$S                   0000000180000000     kernel32:KERNEL32.dll
 0000:ffff6000       .debug$S                   0000000180000000     kernel32:KERNEL32.dll
 0000:ffff6000       .debug$S                   0000000180000000     kernel32:KERNEL32.dll
 0000:ffff6000       .debug$S                   0000000180000000     kernel32:KERNEL32.dll
 0000:ffff6000       .debug$S                   0000000180000000     kernel32:KERNEL32.dll
 0000:ffff6000       .debug$S                   0000000180000000     kernel32:KERNEL32.dll
 0000:ffff6000       .debug$S                   0000000180000000     kernel32:KERNEL32.dll
 0000:ffff6000       .debug$S                   0000000180000000     kernel32:KERNEL32.dll
 0000:ffff6000       .debug$S                   0000000180000000     kernel32:KERNEL32.dll
 0000:ffff6000       .debug$S                   0000000180000000     kernel32:KERNEL32.dll
 0000:ffff6000       .debug$S                   0000000180000000     kernel32:KERNEL32.dll
 0000:ffff6000       .debug$S                   0000000180000000     kernel32:KERNEL32.dll
 0000:ffff6000       .debug$S                   0000000180000000     kernel32:KERNEL32.dll
 0000:ffff6000       .debug$S                   0000000180000000     kernel32:KERNEL32.dll
 0000:ffff6000       .debug$S                   0000000180000000     kernel32:KERNEL32.dll
 0000:ffff6000       .debug$S                   0000000180000000     kernel32:KERNEL32.dll
 0000:ffff6000       .debug$S                   0000000180000000     kernel32:KERNEL32.dll
 0000:ffff6000       .debug$S                   0000000180000000     vcruntime:VCRUNTIME140.dll
 0000:ffff6000       .debug$S                   0000000180000000     vcruntime:VCRUNTIME140.dll
 0000:ffff6000       .debug$S                   0000000180000000     vcruntime:VCRUNTIME140.dll
 0000:ffff6000       .debug$S                   0000000180000000     vcruntime:VCRUNTIME140.dll
 0000:ffff6000       .debug$S                   0000000180000000     vcruntime:VCRUNTIME140.dll
 0000:ffff6000       .debug$S                   0000000180000000     vcruntime:VCRUNTIME140.dll
 0000:ffff6000       .debug$S                   0000000180000000     vcruntime:VCRUNTIME140.dll
 0000:ffff6000       .debug$S                   0000000180000000     vcruntime:VCRUNTIME140.dll
 0000:ffff6000       .debug$S                   0000000180000000     vcruntime:VCRUNTIME140.dll
 0000:ffff6000       .debug$S                   0000000180000000     PhysXCommon_64:PhysXCommon_64.dll
 0000:ffff6000       .debug$S                   0000000180000000     PhysXCommon_64:PhysXCommon_64.dll
 0000:ffff6000       .debug$S                   0000000180000000     PhysXCommon_64:PhysXCommon_64.dll
 0000:ffff6000       .debug$S                   0000000180000000     PhysXCommon_64:PhysXCommon_64.dll
 0000:ffff6000       .debug$S                   0000000180000000     PhysXCommon_64:PhysXCommon_64.dll
 0000:ffff6000       .debug$S                   0000000180000000     PhysXCommon_64:PhysXCommon_64.dll
 0000:ffff6000       .debug$S                   0000000180000000     PhysXCommon_64:PhysXCommon_64.dll
 0000:ffff6000       .debug$S                   0000000180000000     PhysXCommon_64:PhysXCommon_64.dll
 0000:ffff6000       .debug$S                   0000000180000000     PhysXCommon_64:PhysXCommon_64.dll
 0000:ffff6000       .debug$S                   0000000180000000     PhysXCommon_64:PhysXCommon_64.dll
 0000:ffff6000       .debug$S                   0000000180000000     PhysXCommon_64:PhysXCommon_64.dll
 0000:ffff6000       .debug$S                   0000000180000000     PhysXCommon_64:PhysXCommon_64.dll
 0000:ffff6000       .debug$S                   0000000180000000     PhysXCommon_64:PhysXCommon_64.dll
 0000:ffff6000       .debug$S                   0000000180000000     PhysXCommon_64:PhysXCommon_64.dll
 0000:ffff6000       .debug$S                   0000000180000000     PhysXCommon_64:PhysXCommon_64.dll
 0000:ffff6000       .debug$S                   0000000180000000     PhysXCommon_64:PhysXCommon_64.dll
 0000:ffff6000       .debug$S                   0000000180000000     PhysXCommon_64:PhysXCommon_64.dll
 0000:ffff6000       .debug$S                   0000000180000000     PhysXCommon_64:PhysXCommon_64.dll
 0000:ffff6000       .debug$S                   0000000180000000     PhysXCommon_64:PhysXCommon_64.dll
 0000:ffff6000       .debug$S                   0000000180000000     PhysXCommon_64:PhysXCommon_64.dll
 0000:ffff6000       .debug$S                   0000000180000000     PhysXCommon_64:PhysXCommon_64.dll
 0000:ffff6000       .debug$S                   0000000180000000     PhysXCommon_64:PhysXCommon_64.dll
 0000:ffff6000       .debug$S                   0000000180000000     PhysXCommon_64:PhysXCommon_64.dll
 0000:ffff6000       .debug$S                   0000000180000000     PhysXFoundation_64:PhysXFoundation_64.dll
 0001:00000000       ??__EmaxFError@vecMathTests@aos@physx@@YAXXZ 0000000180001000 f   Cooking.obj
 0001:00000010       ??__EmaxV3Error@vecMathTests@aos@physx@@YAXXZ 0000000180001010 f   Cooking.obj
 0001:00000020       ??__EmaxV4Error@vecMathTests@aos@physx@@YAXXZ 0000000180001020 f   Cooking.obj
 0001:00000030       ??__EminFError@vecMathTests@aos@physx@@YAXXZ 0000000180001030 f   Cooking.obj
 0001:00000040       ??__EminV3Error@vecMathTests@aos@physx@@YAXXZ 0000000180001040 f   Cooking.obj
 0001:00000050       ??__EminV4Error@vecMathTests@aos@physx@@YAXXZ 0000000180001050 f   Cooking.obj
 0001:00000910       $LN24                      0000000180001910     WindowsCookingDelayLoadHook.obj
 0001:000012b8       ?dllmain_crt_dispatch@@YAHQEAUHINSTANCE__@@KQEAX@Z 00000001800022b8 f   MSVCRT:dll_dllmain.obj
 0001:00001308       ?dllmain_crt_process_attach@@YAHQEAUHINSTANCE__@@QEAX@Z 0000000180002308 f   MSVCRT:dll_dllmain.obj
 0001:00001420       ?dllmain_crt_process_detach@@YAH_N@Z 0000000180002420 f   MSVCRT:dll_dllmain.obj
 0001:000014a0       ?dllmain_dispatch@@YAHQEAUHINSTANCE__@@KQEAX@Z 00000001800024a0 f   MSVCRT:dll_dllmain.obj
 0001:00001e30       $$000000                   0000000180002e30     MSVCRT:guard_dispatch.obj
 0001:00001e50       $$000000                   0000000180002e50     MSVCRT:guard_xfg_dispatch.obj
 0001:00001e66       ?fin$0@?0??dllmain_crt_process_attach@@YAHQEAUHINSTANCE__@@QEAX@Z@4HA 0000000180002e66 f   MSVCRT:dll_dllmain.obj
 0001:00001e7d       ?fin$0@?0??dllmain_crt_process_detach@@YAH_N@Z@4HA 0000000180002e7d f   MSVCRT:dll_dllmain.obj
 0001:00001e96       ?fin$1@?0??dllmain_crt_process_detach@@YAH_N@Z@4HA 0000000180002e96 f   MSVCRT:dll_dllmain.obj
 0001:00001eaa       ?filt$0@?0??dllmain_dispatch@@YAHQEAUHINSTANCE__@@KQEAX@Z@4HA 0000000180002eaa f   MSVCRT:dll_dllmain.obj
 0001:00001ee0       __scrt_is_nonwritable_in_current_image$filt$0 0000000180002ee0 f   MSVCRT:utility.obj
 0002:00000198       ?minFError$initializer$@vecMathTests@aos@physx@@3P6AXXZEA 0000000180003198     Cooking.obj
 0002:000001a0       ?maxFError$initializer$@vecMathTests@aos@physx@@3P6AXXZEA 00000001800031a0     Cooking.obj
 0002:000001a8       ?minV3Error$initializer$@vecMathTests@aos@physx@@3P6AXXZEA 00000001800031a8     Cooking.obj
 0002:000001b0       ?maxV3Error$initializer$@vecMathTests@aos@physx@@3P6AXXZEA 00000001800031b0     Cooking.obj
 0002:000001b8       ?minV4Error$initializer$@vecMathTests@aos@physx@@3P6AXXZEA 00000001800031b8     Cooking.obj
 0002:000001c0       ?maxV4Error$initializer$@vecMathTests@aos@physx@@3P6AXXZEA 00000001800031c0     Cooking.obj
 0002:00000200       ?minus1w@?A0x253f25f8@aos@physx@@3QBMB 0000000180003200     Cooking.obj
 0002:00000210       ?gMaskXYZ@internalSimd@aos@physx@@3QBIB 0000000180003210     Cooking.obj
 0002:00000ac0       $unwind$??_EPxFoundation@physx@@MEAAPEAXI@Z 0000000180003ac0     Cooking.obj
 0002:00000ac0       $unwind$?DloadAcquireSectionWriteAccess@@YAXXZ 0000000180003ac0     Delayimp:delayhlp.obj
 0002:00000ac0       $unwind$??_Gtype_info@@UEAAPEAXI@Z 0000000180003ac0     MSVCRT:std_type_info_static.obj
 0002:00000ac0       $unwind$__scrt_initialize_onexit_tables 0000000180003ac0     MSVCRT:utility.obj
 0002:00000ac0       $unwind$__scrt_release_startup_lock 0000000180003ac0     MSVCRT:utility.obj
 0002:00000ac0       $unwind$__scrt_uninitialize_crt 0000000180003ac0     MSVCRT:utility.obj
 0002:00000ac8       $chain$0$??_EPxFoundation@physx@@MEAAPEAXI@Z 0000000180003ac8     Cooking.obj
 0002:00000adc       $chain$1$??_EPxFoundation@physx@@MEAAPEAXI@Z 0000000180003adc     Cooking.obj
 0002:00000aec       $unwind$??1AABBTreeBuildParams@Gu@physx@@QEAA@XZ 0000000180003aec     Cooking.obj
 0002:00000aec       $unwind$?reset@AABBTreeBuildParams@Gu@physx@@QEAAXXZ 0000000180003aec     Cooking.obj
 0002:00000aec       $unwind$_DllMainCRTStartup 0000000180003aec     MSVCRT:dll_dllmain.obj
 0002:00000afc       $unwind$?allocate@?$PxArray@USlab@NodeAllocator@Gu@physx@@V?$PxReflectionAllocator@USlab@NodeAllocator@Gu@physx@@@4@@physx@@IEAAPEAUSlab@NodeAllocator@Gu@2@IPEAI@Z 0000000180003afc     Cooking.obj
 0002:00000b08       $unwind$?recreate@?$PxArray@USlab@NodeAllocator@Gu@physx@@V?$PxReflectionAllocator@USlab@NodeAllocator@Gu@physx@@@4@@physx@@IEAAXI@Z 0000000180003b08     Cooking.obj
 0002:00000b14       $chain$0$?recreate@?$PxArray@USlab@NodeAllocator@Gu@physx@@V?$PxReflectionAllocator@USlab@NodeAllocator@Gu@physx@@@4@@physx@@IEAAXI@Z 0000000180003b14     Cooking.obj
 0002:00000b28       $chain$1$?recreate@?$PxArray@USlab@NodeAllocator@Gu@physx@@V?$PxReflectionAllocator@USlab@NodeAllocator@Gu@physx@@@4@@physx@@IEAAXI@Z 0000000180003b28     Cooking.obj
 0002:00000b38       $chain$2$?recreate@?$PxArray@USlab@NodeAllocator@Gu@physx@@V?$PxReflectionAllocator@USlab@NodeAllocator@Gu@physx@@@4@@physx@@IEAAXI@Z 0000000180003b38     Cooking.obj
 0002:00000b4c       $chain$3$?recreate@?$PxArray@USlab@NodeAllocator@Gu@physx@@V?$PxReflectionAllocator@USlab@NodeAllocator@Gu@physx@@@4@@physx@@IEAAXI@Z 0000000180003b4c     Cooking.obj
 0002:00000b5c       $unwind$??$copy@V?$PxReflectionAllocator@USlab@NodeAllocator@Gu@physx@@@physx@@@?$PxArray@USlab@NodeAllocator@Gu@physx@@V?$PxReflectionAllocator@USlab@NodeAllocator@Gu@physx@@@4@@physx@@IEAAXAEBV01@@Z 0000000180003b5c     Cooking.obj
 0002:00000b5c       $unwind$??0NodeAllocator@Gu@physx@@QEAA@AEBV012@@Z 0000000180003b5c     Cooking.obj
 0002:00000b5c       $unwind$?DloadGetSRWLockFunctionPointers@@YAEXZ 0000000180003b5c     Delayimp:delayhlp.obj
 0002:00000b5c       $unwind$_RTC_Initialize    0000000180003b5c     MSVCRT:initsect.obj
 0002:00000b5c       $unwind$_RTC_Terminate     0000000180003b5c     MSVCRT:initsect.obj
 0002:00000b68       $unwind$??4NodeAllocator@Gu@physx@@QEAAAEAV012@AEBV012@@Z 0000000180003b68     Cooking.obj
 0002:00000b7c       $unwind$PxCreateBVHInternal 0000000180003b7c     Cooking.obj
 0002:00000b7c       $unwind$PxCreateTriangleMeshInternal 0000000180003b7c     Cooking.obj
 0002:00000b88       $unwind$?cookingDelayHook@@YAP6A_JXZIPEAUDelayLoadInfo@@@Z 0000000180003b88     WindowsCookingDelayLoadHook.obj
 0002:00000b88       $unwind$?DloadReleaseSectionWriteAccess@@YAXXZ 0000000180003b88     Delayimp:delayhlp.obj
 0002:00000b88       $unwind$__scrt_initialize_default_local_stdio_options 0000000180003b88     MSVCRT:default_local_stdio_options.obj
 0002:00000b88       $unwind$?dllmain_crt_dispatch@@YAHQEAUHINSTANCE__@@KQEAX@Z 0000000180003b88     MSVCRT:dll_dllmain.obj
 0002:00000b88       $unwind$DllMain            0000000180003b88     MSVCRT:dll_dllmain_stub.obj
 0002:00000b88       $unwind$__scrt_acquire_startup_lock 0000000180003b88     MSVCRT:utility.obj
 0002:00000b88       $unwind$__scrt_dllmain_after_initialize_c 0000000180003b88     MSVCRT:utility.obj
 0002:00000b88       $unwind$__scrt_dllmain_before_initialize_c 0000000180003b88     MSVCRT:utility.obj
 0002:00000b88       $unwind$__scrt_dllmain_crt_thread_attach 0000000180003b88     MSVCRT:utility.obj
 0002:00000b88       $unwind$__scrt_dllmain_crt_thread_detach 0000000180003b88     MSVCRT:utility.obj
 0002:00000b88       $unwind$__scrt_dllmain_uninitialize_c 0000000180003b88     MSVCRT:utility.obj
 0002:00000b88       $unwind$__scrt_dllmain_uninitialize_critical 0000000180003b88     MSVCRT:utility.obj
 0002:00000b88       $unwind$__scrt_initialize_crt 0000000180003b88     MSVCRT:utility.obj
 0002:00000b90       $chain$1$?cookingDelayHook@@YAP6A_JXZIPEAUDelayLoadInfo@@@Z 0000000180003b90     WindowsCookingDelayLoadHook.obj
 0002:00000ba8       $chain$3$?cookingDelayHook@@YAP6A_JXZIPEAUDelayLoadInfo@@@Z 0000000180003ba8     WindowsCookingDelayLoadHook.obj
 0002:00000ba8       $chain$5$?cookingDelayHook@@YAP6A_JXZIPEAUDelayLoadInfo@@@Z 0000000180003ba8     WindowsCookingDelayLoadHook.obj
 0002:00000bc0       $chain$6$?cookingDelayHook@@YAP6A_JXZIPEAUDelayLoadInfo@@@Z 0000000180003bc0     WindowsCookingDelayLoadHook.obj
 0002:00000bd0       xdata                      0000000180003bd0     PhysXCommon_64:PhysXCommon_64.dll
 0002:00000bd8       xdata                      0000000180003bd8     PhysXFoundation_64:PhysXFoundation_64.dll
 0002:00000be0       $unwind$?DloadObtainSection@@YAPEAXPEAK0@Z 0000000180003be0     Delayimp:delayhlp.obj
 0002:00000bf0       $unwind$?DloadMakePermanentImageCommit@@YAXPEAX_K@Z 0000000180003bf0     Delayimp:delayhlp.obj
 0002:00000bfc       $unwind$?DloadProtectSection@@YAXKPEAK@Z 0000000180003bfc     Delayimp:delayhlp.obj
 0002:00000c0c       $unwind$__delayLoadHelper2 0000000180003c0c     Delayimp:delayhlp.obj
 0002:00000c28       $unwind$?dllmain_crt_process_attach@@YAHQEAUHINSTANCE__@@QEAX@Z 0000000180003c28     MSVCRT:dll_dllmain.obj
 0002:00000c64       $unwind$?fin$0@?0??dllmain_crt_process_attach@@YAHQEAUHINSTANCE__@@QEAX@Z@4HA 0000000180003c64     MSVCRT:dll_dllmain.obj
 0002:00000c64       $unwind$?fin$0@?0??dllmain_crt_process_detach@@YAH_N@Z@4HA 0000000180003c64     MSVCRT:dll_dllmain.obj
 0002:00000c64       $unwind$?fin$1@?0??dllmain_crt_process_detach@@YAH_N@Z@4HA 0000000180003c64     MSVCRT:dll_dllmain.obj
 0002:00000c6c       $unwind$?dllmain_crt_process_detach@@YAH_N@Z 0000000180003c6c     MSVCRT:dll_dllmain.obj
 0002:00000cc0       $unwind$?dllmain_dispatch@@YAHQEAUHINSTANCE__@@KQEAX@Z 0000000180003cc0     MSVCRT:dll_dllmain.obj
 0002:00000ce8       $unwind$?filt$0@?0??dllmain_dispatch@@YAHQEAUHINSTANCE__@@KQEAX@Z@4HA 0000000180003ce8     MSVCRT:dll_dllmain.obj
 0002:00000cf0       $unwind$__security_init_cookie 0000000180003cf0     MSVCRT:gs_support.obj
 0002:00000cfc       $unwind$__scrt_is_nonwritable_in_current_image 0000000180003cfc     MSVCRT:utility.obj
 0002:00000d1c       $unwind$__scrt_is_nonwritable_in_current_image$filt$0 0000000180003d1c     MSVCRT:utility.obj
 0002:00000d24       $unwind$__scrt_dllmain_exception_filter 0000000180003d24     MSVCRT:utility.obj
 0002:00000d38       $unwind$__scrt_fastfail    0000000180003d38     MSVCRT:utility_desktop.obj
 0002:00000d48       $xdatasym                  0000000180003d48     MSVCRT:guard_dispatch.obj
 0002:00000d50       $xdatasym                  0000000180003d50     MSVCRT:guard_xfg_dispatch.obj
 0002:00000d54       $unwind$__isa_available_init 0000000180003d54     MSVCRT:cpu_disp.obj
 0002:00001300       .edata                     0000000180004300     PhysXCooking_64.exp
 0002:00001328       rgpv                       0000000180004328     PhysXCooking_64.exp
 0002:0000140c       rgszName                   000000018000440c     PhysXCooking_64.exp
 0002:000014f0       rgwOrd                     00000001800044f0     PhysXCooking_64.exp
 0002:00001562       szName                     0000000180004562     PhysXCooking_64.exp
 0002:00001576       $N00001                    0000000180004576     PhysXCooking_64.exp
 0002:0000159a       $N00002                    000000018000459a     PhysXCooking_64.exp
 0002:000015c9       $N00003                    00000001800045c9     PhysXCooking_64.exp
 0002:000015f0       $N00004                    00000001800045f0     PhysXCooking_64.exp
 0002:00001647       $N00005                    0000000180004647     PhysXCooking_64.exp
 0002:00001672       $N00006                    0000000180004672     PhysXCooking_64.exp
 0002:00001698       $N00007                    0000000180004698     PhysXCooking_64.exp
 0002:000016b7       $N00008                    00000001800046b7     PhysXCooking_64.exp
 0002:000016db       $N00009                    00000001800046db     PhysXCooking_64.exp
 0002:00001702       $N00010                    0000000180004702     PhysXCooking_64.exp
 0002:0000172b       $N00011                    000000018000472b     PhysXCooking_64.exp
 0002:0000174a       $N00012                    000000018000474a     PhysXCooking_64.exp
 0002:0000177d       $N00013                    000000018000477d     PhysXCooking_64.exp
 0002:000017b3       $N00014                    00000001800047b3     PhysXCooking_64.exp
 0002:000017eb       $N00015                    00000001800047eb     PhysXCooking_64.exp
 0002:0000181d       $N00016                    000000018000481d     PhysXCooking_64.exp
 0002:00001849       $N00017                    0000000180004849     PhysXCooking_64.exp
 0002:00001865       $N00018                    0000000180004865     PhysXCooking_64.exp
 0002:0000188f       $N00019                    000000018000488f     PhysXCooking_64.exp
 0002:000018cb       $N00020                    00000001800048cb     PhysXCooking_64.exp
 0002:00001906       $N00021                    0000000180004906     PhysXCooking_64.exp
 0002:00001941       $N00022                    0000000180004941     PhysXCooking_64.exp
 0002:00001976       $N00023                    0000000180004976     PhysXCooking_64.exp
 0002:000019b2       $N00024                    00000001800049b2     PhysXCooking_64.exp
 0002:000019e5       $N00025                    00000001800049e5     PhysXCooking_64.exp
 0002:00001a18       $N00026                    0000000180004a18     PhysXCooking_64.exp
 0002:00001a52       $N00027                    0000000180004a52     PhysXCooking_64.exp
 0002:00001a8c       $N00028                    0000000180004a8c     PhysXCooking_64.exp
 0002:00001ab9       $N00029                    0000000180004ab9     PhysXCooking_64.exp
 0002:00001aec       $N00030                    0000000180004aec     PhysXCooking_64.exp
 0002:00001b1a       $N00031                    0000000180004b1a     PhysXCooking_64.exp
 0002:00001b47       $N00032                    0000000180004b47     PhysXCooking_64.exp
 0002:00001b83       $N00033                    0000000180004b83     PhysXCooking_64.exp
 0002:00001bc0       $N00034                    0000000180004bc0     PhysXCooking_64.exp
 0002:00001bf0       $N00035                    0000000180004bf0     PhysXCooking_64.exp
 0002:00001c0f       $N00036                    0000000180004c0f     PhysXCooking_64.exp
 0002:00001c26       $N00037                    0000000180004c26     PhysXCooking_64.exp
 0002:00001c3c       $N00038                    0000000180004c3c     PhysXCooking_64.exp
 0002:00001c53       $N00039                    0000000180004c53     PhysXCooking_64.exp
 0002:00001c6b       $N00040                    0000000180004c6b     PhysXCooking_64.exp
 0002:00001c75       $N00041                    0000000180004c75     PhysXCooking_64.exp
 0002:00001c86       $N00042                    0000000180004c86     PhysXCooking_64.exp
 0002:00001ca1       $N00043                    0000000180004ca1     PhysXCooking_64.exp
 0002:00001cb3       $N00044                    0000000180004cb3     PhysXCooking_64.exp
 0002:00001cc9       $N00045                    0000000180004cc9     PhysXCooking_64.exp
 0002:00001cdc       $N00046                    0000000180004cdc     PhysXCooking_64.exp
 0002:00001ce8       $N00047                    0000000180004ce8     PhysXCooking_64.exp
 0002:00001cfc       $N00048                    0000000180004cfc     PhysXCooking_64.exp
 0002:00001d0f       $N00049                    0000000180004d0f     PhysXCooking_64.exp
 0002:00001d2c       $N00050                    0000000180004d2c     PhysXCooking_64.exp
 0002:00001d40       $N00051                    0000000180004d40     PhysXCooking_64.exp
 0002:00001d58       $N00052                    0000000180004d58     PhysXCooking_64.exp
 0002:00001d6d       $N00053                    0000000180004d6d     PhysXCooking_64.exp
 0002:00001d8a       $N00054                    0000000180004d8a     PhysXCooking_64.exp
 0002:00001dab       $N00055                    0000000180004dab     PhysXCooking_64.exp
 0002:00001dca       $N00056                    0000000180004dca     PhysXCooking_64.exp
 0002:00001ddf       $N00057                    0000000180004ddf     PhysXCooking_64.exp
 0002:00001fc8       .idata$6                   0000000180004fc8     kernel32:KERNEL32.dll
 0002:00002046       .idata$6                   0000000180005046     vcruntime:VCRUNTIME140.dll
 0002:00002110       .idata$6                   0000000180005110     ucrt:api-ms-win-crt-heap-l1-1-0.dll
 0002:00002130       .idata$6                   0000000180005130     ucrt:api-ms-win-crt-runtime-l1-1-0.dll
 0003:00000230       ?maxV3Error@vecMathTests@aos@physx@@3T__m128@@B 0000000180006230     Cooking.obj
 0003:00000240       ?minFError@vecMathTests@aos@physx@@3T__m128@@B 0000000180006240     Cooking.obj
 0003:00000250       ?maxV4Error@vecMathTests@aos@physx@@3T__m128@@B 0000000180006250     Cooking.obj
 0003:00000260       ?minV4Error@vecMathTests@aos@physx@@3T__m128@@B 0000000180006260     Cooking.obj
 0003:00000270       ?minV3Error@vecMathTests@aos@physx@@3T__m128@@B 0000000180006270     Cooking.obj
 0003:00000280       ?maxFError@vecMathTests@aos@physx@@3T__m128@@B 0000000180006280     Cooking.obj
 0003:00000290       ?gCookingDelayLoadHook@@3PEBVPxDelayLoadHook@physx@@EB 0000000180006290     WindowsCookingDelayLoadHook.obj
 0003:000002f0       ?__proc_attached@@3HA      00000001800062f0     MSVCRT:dll_dllmain.obj
 0003:00000318       ?is_initialized_as_dll@@3_NA 0000000180006318     MSVCRT:utility.obj
 0003:00000319       ?module_local_atexit_table_initialized@@3_NA 0000000180006319     MSVCRT:utility.obj
 0003:00000320       ?module_local_atexit_table@@3U_onexit_table_t@@A 0000000180006320     MSVCRT:utility.obj
 0003:00000338       ?module_local_at_quick_exit_table@@3U_onexit_table_t@@A 0000000180006338     MSVCRT:utility.obj
 0005:000000a0       $R000000                   00000001800080a0     PhysXCooking.res
 0005:000003d0       $R000330                   00000001800083d0     PhysXCooking.res
