 PhysXCooking_64

 Timestamp is 6a355114 (Fri Jun 19 16:24:20 2026)

 Preferred load address is 0000000180000000

 Start         Length     Name                   Class
 0001:00000000 00000060H .text$di                CODE
 0001:00000060 00001e40H .text$mn                CODE
 0001:00001ea0 00000036H .text$mn$00             CODE
 0001:00001ed6 00000092H .text$x                 CODE
 0002:00000000 00000158H .idata$5                DATA
 0002:00000158 00000038H .00cfg                  DATA
 0002:00000190 00000008H .CRT$XCA                DATA
 0002:00000198 00000030H .CRT$XCU                DATA
 0002:000001c8 00000008H .CRT$XCZ                DATA
 0002:000001d0 00000008H .CRT$XIA                DATA
 0002:000001d8 00000008H .CRT$XIZ                DATA
 0002:000001e0 00000008H .CRT$XPA                DATA
 0002:000001e8 00000008H .CRT$XPZ                DATA
 0002:000001f0 00000008H .CRT$XTA                DATA
 0002:000001f8 00000008H .CRT$XTZ                DATA
 0002:00000200 00000000H .gehcont$y              DATA
 0002:00000200 00000000H .gfids$y                DATA
 0002:00000200 00000400H .rdata                  DATA
 0002:00000600 00000000H .rdata$CastGuardVftablesA DATA
 0002:00000600 00000000H .rdata$CastGuardVftablesC DATA
 0002:00000600 00000074H .rdata$r                DATA
 0002:00000674 00000080H .rdata$voltmd           DATA
 0002:000006f4 000003acH .rdata$zzzdbg           DATA
 0002:00000aa0 00000008H .rtc$IAA                DATA
 0002:00000aa8 00000008H .rtc$IZZ                DATA
 0002:00000ab0 00000008H .rtc$TAA                DATA
 0002:00000ab8 00000008H .rtc$TZZ                DATA
 0002:00000ac0 000002ccH .xdata                  DATA
 0002:00000d8c 00000040H .didat$2                DATA
 0002:00000dcc 00000024H .didat$3                DATA
 0002:00000df0 000000d0H .didat$4                DATA
 0002:00000ec0 00000280H .didat$6                DATA
 0002:00001140 000001f0H .didat$7                DATA
 0002:00001330 00000af8H .edata                  DATA
 0002:00001e28 00000050H .idata$2                DATA
 0002:00001e78 00000018H .idata$3                DATA
 0002:00001e90 00000158H .idata$4                DATA
 0002:00001fe8 00000372H .idata$6                DATA
 0003:00000000 000000b0H .data                   DATA
 0003:000000b0 00000090H .data$r                 DATA
 0003:00000140 00000020H .data$rs                DATA
 0003:00000160 000000d0H .didat$5                DATA
 0003:00000230 00000130H .bss                    DATA
 0004:00000000 00000300H .pdata                  DATA
 0005:00000000 000000a0H .rsrc$01                DATA
 0005:000000a0 000004b0H .rsrc$02                DATA

  Address         Publics by Value              Rva+Base               Lib:Object

 0000:00000000       __AbsoluteZero             0000000000000000     <absolute>
 0000:00000000       ___safe_se_handler_count   0000000000000000     <absolute>
 0000:00000000       ___safe_se_handler_table   0000000000000000     <absolute>
 0000:00000000       __arm64x_extra_rfe_table   0000000000000000     <absolute>
 0000:00000000       __arm64x_extra_rfe_table_size 0000000000000000     <absolute>
 0000:00000000       __arm64x_native_entrypoint 0000000000000000     <absolute>
 0000:00000000       __arm64x_redirection_metadata 0000000000000000     <absolute>
 0000:00000000       __arm64x_redirection_metadata_count 0000000000000000     <absolute>
 0000:00000000       __dynamic_value_reloc_table 0000000000000000     <absolute>
 0000:00000000       __enclave_config           0000000000000000     <absolute>
 0000:00000000       __guard_check_icall_a64n_fptr 0000000000000000     <absolute>
 0000:00000000       __guard_eh_cont_count      0000000000000000     <absolute>
 0000:00000000       __guard_eh_cont_table      0000000000000000     <absolute>
 0000:00000000       __guard_fids_count         0000000000000000     <absolute>
 0000:00000000       __guard_fids_table         0000000000000000     <absolute>
 0000:00000000       __guard_iat_count          0000000000000000     <absolute>
 0000:00000000       __guard_iat_table          0000000000000000     <absolute>
 0000:00000000       __guard_longjmp_count      0000000000000000     <absolute>
 0000:00000000       __guard_longjmp_table      0000000000000000     <absolute>
 0000:00000000       __hybrid_auxiliary_delayload_iat 0000000000000000     <absolute>
 0000:00000000       __hybrid_auxiliary_delayload_iat_copy 0000000000000000     <absolute>
 0000:00000000       __hybrid_auxiliary_iat     0000000000000000     <absolute>
 0000:00000000       __hybrid_auxiliary_iat_copy 0000000000000000     <absolute>
 0000:00000000       __hybrid_code_map          0000000000000000     <absolute>
 0000:00000000       __hybrid_code_map_count    0000000000000000     <absolute>
 0000:00000000       __hybrid_image_info_bitfield 0000000000000000     <absolute>
 0000:00000000       __x64_code_ranges_to_entry_points 0000000000000000     <absolute>
 0000:00000000       __x64_code_ranges_to_entry_points_count 0000000000000000     <absolute>
 0000:00000100       __guard_flags              0000000000000100     <absolute>
 0000:00000000       __ImageBase                0000000180000000     <linker-defined>
 0001:00000060       ??$copy@V?$PxReflectionAllocator@USlab@NodeAllocator@Gu@physx@@@physx@@@?$PxArray@USlab@NodeAllocator@Gu@physx@@V?$PxReflectionAllocator@USlab@NodeAllocator@Gu@physx@@@4@@physx@@IEAAXAEBV01@@Z 0000000180001060 f i Cooking.obj
 0001:000000e0       ??0AABBTreeBounds@Gu@physx@@QEAA@XZ 00000001800010e0 f i Cooking.obj
 0001:000000f0       ??0AABBTreeBuildNode@Gu@physx@@QEAA@AEBV012@@Z 00000001800010f0 f i Cooking.obj
 0001:000000f0       ??4AABBTreeBuildNode@Gu@physx@@QEAAAEAV012@AEBV012@@Z 00000001800010f0 f i Cooking.obj
 0001:00000130       ??0AABBTreeBuildNode@Gu@physx@@QEAA@XZ 0000000180001130 f i Cooking.obj
 0001:00000130       ??4PxFoundation@physx@@QEAAAEAV01@AEBV01@@Z 0000000180001130 f i Cooking.obj
 0001:00000130       ?getAABB@AABBTreeBuildNode@Gu@physx@@QEBAAEBVPxBounds3@3@XZ 0000000180001130 f i Cooking.obj
 0001:00000140       ??0AABBTreeBuildParams@Gu@physx@@QEAA@IIPEBVAABBTreeBounds@12@W4BVHBuildStrategy@12@@Z 0000000180001140 f i Cooking.obj
 0001:00000160       ??0NodeAllocator@Gu@physx@@QEAA@AEBV012@@Z 0000000180001160 f i Cooking.obj
 0001:000001a0       ??0PxFoundation@physx@@QEAA@AEBV01@@Z 00000001800011a0 f i Cooking.obj
 0001:000001a0       ??0PxFoundation@physx@@QEAA@XZ 00000001800011a0 f i Cooking.obj
 0001:000001b0       ??1AABBTreeBounds@Gu@physx@@QEAA@XZ 00000001800011b0 f i Cooking.obj
 0001:000001c0       ??1AABBTreeBuildNode@Gu@physx@@QEAA@XZ 00000001800011c0 f i Cooking.obj
 0001:000001c0       _guard_check_icall_nop     00000001800011c0 f i MSVCRT:guard_support.obj
 0001:000001d0       ??1AABBTreeBuildParams@Gu@physx@@QEAA@XZ 00000001800011d0 f i Cooking.obj
 0001:000001d0       ?reset@AABBTreeBuildParams@Gu@physx@@QEAAXXZ 00000001800011d0 f i Cooking.obj
 0001:00000220       ??1PxFoundation@physx@@MEAA@XZ 0000000180001220 f i Cooking.obj
 0001:00000230       ??4AABBTreeBounds@Gu@physx@@QEAAAEAV012@AEBV012@@Z 0000000180001230 f i Cooking.obj
 0001:00000240       ??4AABBTreeBuildParams@Gu@physx@@QEAAAEAV012@AEBV012@@Z 0000000180001240 f i Cooking.obj
 0001:00000260       ??4NodeAllocator@Gu@physx@@QEAAAEAV012@AEBV012@@Z 0000000180001260 f i Cooking.obj
 0001:00000310       ??_EPxFoundation@physx@@MEAAPEAXI@Z 0000000180001310 f i Cooking.obj
 0001:000003a0       ??_FAABBTreeBuildParams@Gu@physx@@QEAAXXZ 00000001800013a0 f i Cooking.obj
 0001:000003c0       ?allocate@?$PxArray@USlab@NodeAllocator@Gu@physx@@V?$PxReflectionAllocator@USlab@NodeAllocator@Gu@physx@@@4@@physx@@IEAAPEAUSlab@NodeAllocator@Gu@2@IPEAI@Z 00000001800013c0 f i Cooking.obj
 0001:00000460       ?getBounds@AABBTreeBounds@Gu@physx@@QEAAPEAVPxBounds3@3@XZ 0000000180001460 f i Cooking.obj
 0001:00000460       ?getBounds@AABBTreeBounds@Gu@physx@@QEBAPEBVPxBounds3@3@XZ 0000000180001460 f i Cooking.obj
 0001:00000470       ?getNbPrimitives@AABBTreeBuildNode@Gu@physx@@QEBAIXZ 0000000180001470 f i Cooking.obj
 0001:00000470       ?getNbRuntimePrimitives@AABBTreeBuildNode@Gu@physx@@QEBAIXZ 0000000180001470 f i Cooking.obj
 0001:00000480       ?getNeg@AABBTreeBuildNode@Gu@physx@@QEBAPEBV123@XZ 0000000180001480 f i Cooking.obj
 0001:000004a0       ?getPos@AABBTreeBuildNode@Gu@physx@@QEBAPEBV123@XZ 00000001800014a0 f i Cooking.obj
 0001:000004b0       ?getPrimitives@AABBTreeBuildNode@Gu@physx@@QEAAPEAIPEAI@Z 00000001800014b0 f i Cooking.obj
 0001:000004b0       ?getPrimitives@AABBTreeBuildNode@Gu@physx@@QEBAPEBIPEBI@Z 00000001800014b0 f i Cooking.obj
 0001:000004c0       ?isLeaf@AABBTreeBuildNode@Gu@physx@@QEBA_NXZ 00000001800014c0 f i Cooking.obj
 0001:000004d0       ?moveFrom@AABBTreeBounds@Gu@physx@@QEAAXAEAV123@@Z 00000001800014d0 f i Cooking.obj
 0001:000004e0       ?ownsMemory@AABBTreeBounds@Gu@physx@@QEBA_NXZ 00000001800014e0 f i Cooking.obj
 0001:000004f0       ?recreate@?$PxArray@USlab@NodeAllocator@Gu@physx@@V?$PxReflectionAllocator@USlab@NodeAllocator@Gu@physx@@@4@@physx@@IEAAXI@Z 00000001800014f0 f i Cooking.obj
 0001:00000600       ?setBounds@AABBTreeBounds@Gu@physx@@QEAAXPEAVPxBounds3@3@@Z 0000000180001600 f i Cooking.obj
 0001:00000610       ?setNbRunTimePrimitives@AABBTreeBuildNode@Gu@physx@@QEAAXI@Z 0000000180001610 f i Cooking.obj
 0001:00000620       ?takeOwnership@AABBTreeBounds@Gu@physx@@QEAAXXZ 0000000180001620 f i Cooking.obj
 0001:00000630       PxAssembleDeformableVolumeMesh 0000000180001630 f   Cooking.obj
 0001:00000640       PxComputeCollisionData     0000000180001640 f   Cooking.obj
 0001:00000650       PxComputeHullPolygons      0000000180001650 f   Cooking.obj
 0001:00000660       PxComputeModelsMapping     0000000180001660 f   Cooking.obj
 0001:00000670       PxComputeSimulationData    0000000180001670 f   Cooking.obj
 0001:00000680       PxCookBVH                  0000000180001680 f   Cooking.obj
 0001:00000690       PxCookConvexMesh           0000000180001690 f   Cooking.obj
 0001:000006a0       PxCookDeformableVolumeMesh 00000001800016a0 f   Cooking.obj
 0001:000006b0       PxCookHeightField          00000001800016b0 f   Cooking.obj
 0001:000006c0       PxCookTetrahedronMesh      00000001800016c0 f   Cooking.obj
 0001:000006d0       PxCookTriangleMesh         00000001800016d0 f   Cooking.obj
 0001:000006e0       PxCreateBVH                00000001800016e0 f   Cooking.obj
 0001:000006f0       PxCreateBVHInternal        00000001800016f0 f   Cooking.obj
 0001:000007a0       PxCreateConvexMesh         00000001800017a0 f   Cooking.obj
 0001:000007b0       PxCreateDeformableVolumeMesh 00000001800017b0 f   Cooking.obj
 0001:000007c0       PxCreateHeightField        00000001800017c0 f   Cooking.obj
 0001:000007d0       PxCreateTetrahedronMesh    00000001800017d0 f   Cooking.obj
 0001:000007e0       PxCreateTriangleMesh       00000001800017e0 f   Cooking.obj
 0001:000007f0       PxCreateTriangleMeshInternal 00000001800017f0 f   Cooking.obj
 0001:00000890       PxGetStandaloneInsertionCallback 0000000180001890 f   Cooking.obj
 0001:000008a0       PxValidateConvexMesh       00000001800018a0 f   Cooking.obj
 0001:000008b0       PxValidateTriangleMesh     00000001800018b0 f   Cooking.obj
 0001:000008c0       ?cookingDelayHook@@YAP6A_JXZIPEAUDelayLoadInfo@@@Z 00000001800018c0 f   WindowsCookingDelayLoadHook.obj
 0001:000009a0       PxSetPhysXCookingDelayLoadHook 00000001800019a0 f   WindowsCookingDelayLoadHook.obj
 0001:000009a8       getInsertionCallback       00000001800019a8 f   PhysXCommon_64:PhysXCommon_64.dll
 0001:000009ae       __tailMerge_physxcommon_64_dll 00000001800019ae     PhysXCommon_64:PhysXCommon_64.dll
 0001:00000a27       __imp_load_getInsertionCallback 0000000180001a27 f   PhysXCommon_64:PhysXCommon_64.dll
 0001:00000a33       cookBVH                    0000000180001a33 f   PhysXCommon_64:PhysXCommon_64.dll
 0001:00000a39       __imp_load_cookBVH         0000000180001a39 f   PhysXCommon_64:PhysXCommon_64.dll
 0001:00000a45       createBVH                  0000000180001a45 f   PhysXCommon_64:PhysXCommon_64.dll
 0001:00000a4b       __imp_load_createBVH       0000000180001a4b f   PhysXCommon_64:PhysXCommon_64.dll
 0001:00000a57       cookHeightField            0000000180001a57 f   PhysXCommon_64:PhysXCommon_64.dll
 0001:00000a5d       __imp_load_cookHeightField 0000000180001a5d f   PhysXCommon_64:PhysXCommon_64.dll
 0001:00000a69       createHeightField          0000000180001a69 f   PhysXCommon_64:PhysXCommon_64.dll
 0001:00000a6f       __imp_load_createHeightField 0000000180001a6f f   PhysXCommon_64:PhysXCommon_64.dll
 0001:00000a7b       cookConvexMesh             0000000180001a7b f   PhysXCommon_64:PhysXCommon_64.dll
 0001:00000a81       __imp_load_cookConvexMesh  0000000180001a81 f   PhysXCommon_64:PhysXCommon_64.dll
 0001:00000a8d       createConvexMesh           0000000180001a8d f   PhysXCommon_64:PhysXCommon_64.dll
 0001:00000a93       __imp_load_createConvexMesh 0000000180001a93 f   PhysXCommon_64:PhysXCommon_64.dll
 0001:00000a9f       validateConvexMesh         0000000180001a9f f   PhysXCommon_64:PhysXCommon_64.dll
 0001:00000aa5       __imp_load_validateConvexMesh 0000000180001aa5 f   PhysXCommon_64:PhysXCommon_64.dll
 0001:00000ab1       computeHullPolygons        0000000180001ab1 f   PhysXCommon_64:PhysXCommon_64.dll
 0001:00000ab7       __imp_load_computeHullPolygons 0000000180001ab7 f   PhysXCommon_64:PhysXCommon_64.dll
 0001:00000ac3       validateTriangleMesh       0000000180001ac3 f   PhysXCommon_64:PhysXCommon_64.dll
 0001:00000ac9       __imp_load_validateTriangleMesh 0000000180001ac9 f   PhysXCommon_64:PhysXCommon_64.dll
 0001:00000ad5       createTriangleMesh         0000000180001ad5 f   PhysXCommon_64:PhysXCommon_64.dll
 0001:00000adb       __imp_load_createTriangleMesh 0000000180001adb f   PhysXCommon_64:PhysXCommon_64.dll
 0001:00000ae7       cookTriangleMesh           0000000180001ae7 f   PhysXCommon_64:PhysXCommon_64.dll
 0001:00000aed       __imp_load_cookTriangleMesh 0000000180001aed f   PhysXCommon_64:PhysXCommon_64.dll
 0001:00000af9       cookTetrahedronMesh        0000000180001af9 f   PhysXCommon_64:PhysXCommon_64.dll
 0001:00000aff       __imp_load_cookTetrahedronMesh 0000000180001aff f   PhysXCommon_64:PhysXCommon_64.dll
 0001:00000b0b       createTetrahedronMesh      0000000180001b0b f   PhysXCommon_64:PhysXCommon_64.dll
 0001:00000b11       __imp_load_createTetrahedronMesh 0000000180001b11 f   PhysXCommon_64:PhysXCommon_64.dll
 0001:00000b1d       cookDeformableVolumeMesh   0000000180001b1d f   PhysXCommon_64:PhysXCommon_64.dll
 0001:00000b23       __imp_load_cookDeformableVolumeMesh 0000000180001b23 f   PhysXCommon_64:PhysXCommon_64.dll
 0001:00000b2f       createDeformableVolumeMesh 0000000180001b2f f   PhysXCommon_64:PhysXCommon_64.dll
 0001:00000b35       __imp_load_createDeformableVolumeMesh 0000000180001b35 f   PhysXCommon_64:PhysXCommon_64.dll
 0001:00000b41       computeModelsMapping       0000000180001b41 f   PhysXCommon_64:PhysXCommon_64.dll
 0001:00000b47       __imp_load_computeModelsMapping 0000000180001b47 f   PhysXCommon_64:PhysXCommon_64.dll
 0001:00000b53       computeCollisionData       0000000180001b53 f   PhysXCommon_64:PhysXCommon_64.dll
 0001:00000b59       __imp_load_computeCollisionData 0000000180001b59 f   PhysXCommon_64:PhysXCommon_64.dll
 0001:00000b65       computeSimulationData      0000000180001b65 f   PhysXCommon_64:PhysXCommon_64.dll
 0001:00000b6b       __imp_load_computeSimulationData 0000000180001b6b f   PhysXCommon_64:PhysXCommon_64.dll
 0001:00000b77       assembleDeformableVolumeMesh 0000000180001b77 f   PhysXCommon_64:PhysXCommon_64.dll
 0001:00000b7d       __imp_load_assembleDeformableVolumeMesh 0000000180001b7d f   PhysXCommon_64:PhysXCommon_64.dll
 0001:00000b89       ?release@AABBTreeBounds@Gu@physx@@QEAAXXZ 0000000180001b89 f   PhysXCommon_64:PhysXCommon_64.dll
 0001:00000b8f       __imp_load_?release@AABBTreeBounds@Gu@physx@@QEAAXXZ 0000000180001b8f f   PhysXCommon_64:PhysXCommon_64.dll
 0001:00000b9b       ??0BVH@Gu@physx@@QEAA@AEBUPxBVHInternalData@2@@Z 0000000180001b9b f   PhysXCommon_64:PhysXCommon_64.dll
 0001:00000ba1       __imp_load_??0BVH@Gu@physx@@QEAA@AEBUPxBVHInternalData@2@@Z 0000000180001ba1 f   PhysXCommon_64:PhysXCommon_64.dll
 0001:00000bad       ??0BV4TriangleMesh@Gu@physx@@QEAA@AEBUPxTriangleMeshInternalData@2@@Z 0000000180001bad f   PhysXCommon_64:PhysXCommon_64.dll
 0001:00000bb3       __imp_load_??0BV4TriangleMesh@Gu@physx@@QEAA@AEBUPxTriangleMeshInternalData@2@@Z 0000000180001bb3 f   PhysXCommon_64:PhysXCommon_64.dll
 0001:00000bbf       PxGetBroadcastAllocator    0000000180001bbf f   PhysXFoundation_64:PhysXFoundation_64.dll
 0001:00000bc5       __tailMerge_physxfoundation_64_dll 0000000180001bc5     PhysXFoundation_64:PhysXFoundation_64.dll
 0001:00000c3e       __imp_load_PxGetBroadcastAllocator 0000000180001c3e f   PhysXFoundation_64:PhysXFoundation_64.dll
 0001:00000c4c       ?DloadAcquireSectionWriteAccess@@YAXXZ 0000000180001c4c f i Delayimp:delayhlp.obj
 0001:00000cf8       ?DloadGetSRWLockFunctionPointers@@YAEXZ 0000000180001cf8 f i Delayimp:delayhlp.obj
 0001:00000d98       ?DloadMakePermanentImageCommit@@YAXPEAX_K@Z 0000000180001d98 f i Delayimp:delayhlp.obj
 0001:00000e30       ?DloadObtainSection@@YAPEAXPEAK0@Z 0000000180001e30 f i Delayimp:delayhlp.obj
 0001:00000ecc       ?DloadProtectSection@@YAXKPEAK@Z 0000000180001ecc f i Delayimp:delayhlp.obj
 0001:00000f5c       ?DloadReleaseSectionWriteAccess@@YAXXZ 0000000180001f5c f i Delayimp:delayhlp.obj
 0001:00000ff0       __delayLoadHelper2         0000000180001ff0 f   Delayimp:delayhlp.obj
 0001:000012c8       ??3@YAXPEAX@Z              00000001800022c8 f   MSVCRT:delete_scalar.obj
 0001:000012d0       ??3@YAXPEAX_K@Z            00000001800022d0 f   MSVCRT:delete_scalar_size.obj
 0001:000012d0       ??_V@YAXPEAX@Z             00000001800022d0 f   MSVCRT:delete_array.obj
 0001:000012d8       ??_V@YAXPEAX_K@Z           00000001800022d8 f   MSVCRT:delete_array_size.obj
 0001:000012e0       ??_Etype_info@@UEAAPEAXI@Z 00000001800022e0 f i MSVCRT:std_type_info_static.obj
 0001:000012e0       ??_Gtype_info@@UEAAPEAXI@Z 00000001800022e0 f i MSVCRT:std_type_info_static.obj
 0001:0000130c       ?__scrt_initialize_type_info@@YAXXZ 000000018000230c f   MSVCRT:tncleanup.obj
 0001:0000131c       ?__scrt_uninitialize_type_info@@YAXXZ 000000018000231c f   MSVCRT:tncleanup.obj
 0001:00001644       _DllMainCRTStartup         0000000180002644 f   MSVCRT:dll_dllmain.obj
 0001:00001684       __security_init_cookie     0000000180002684 f   MSVCRT:gs_support.obj
 0001:00001730       DllMain                    0000000180002730 f   MSVCRT:dll_dllmain_stub.obj
 0001:00001754       __local_stdio_printf_options 0000000180002754 f i MSVCRT:default_local_stdio_options.obj
 0001:0000175c       __local_stdio_scanf_options 000000018000275c f i MSVCRT:default_local_stdio_options.obj
 0001:00001764       __scrt_initialize_default_local_stdio_options 0000000180002764 f   MSVCRT:default_local_stdio_options.obj
 0001:00001780       __scrt_acquire_startup_lock 0000000180002780 f   MSVCRT:utility.obj
 0001:000017bc       __scrt_dllmain_after_initialize_c 00000001800027bc f   MSVCRT:utility.obj
 0001:000017f0       __scrt_dllmain_before_initialize_c 00000001800027f0 f   MSVCRT:utility.obj
 0001:00001808       __scrt_dllmain_crt_thread_attach 0000000180002808 f   MSVCRT:utility.obj
 0001:00001830       __scrt_dllmain_crt_thread_detach 0000000180002830 f   MSVCRT:utility.obj
 0001:00001848       __scrt_dllmain_exception_filter 0000000180002848 f   MSVCRT:utility.obj
 0001:000018a8       __scrt_dllmain_uninitialize_c 00000001800028a8 f   MSVCRT:utility.obj
 0001:000018d8       __scrt_dllmain_uninitialize_critical 00000001800028d8 f   MSVCRT:utility.obj
 0001:000018ec       __scrt_initialize_crt      00000001800028ec f   MSVCRT:utility.obj
 0001:00001928       __scrt_initialize_onexit_tables 0000000180002928 f   MSVCRT:utility.obj
 0001:000019b4       __scrt_is_nonwritable_in_current_image 00000001800029b4 f   MSVCRT:utility.obj
 0001:00001a4c       __scrt_release_startup_lock 0000000180002a4c f   MSVCRT:utility.obj
 0001:00001a70       __scrt_uninitialize_crt    0000000180002a70 f   MSVCRT:utility.obj
 0001:00001a9c       __scrt_get_dyn_tls_init_callback 0000000180002a9c f   MSVCRT:dyn_tls_init.obj
 0001:00001aa4       __crt_debugger_hook        0000000180002aa4 f   MSVCRT:utility_desktop.obj
 0001:00001aac       __scrt_fastfail            0000000180002aac f   MSVCRT:utility_desktop.obj
 0001:00001bf4       _RTC_Initialize            0000000180002bf4 f   MSVCRT:initsect.obj
 0001:00001c30       _RTC_Terminate             0000000180002c30 f   MSVCRT:initsect.obj
 0001:00001c70       __isa_available_init       0000000180002c70 f   MSVCRT:cpu_disp.obj
 0001:00001e1c       _get_startup_argv_mode     0000000180002e1c f   MSVCRT:argv_mode.obj
 0001:00001e24       __scrt_is_ucrt_dll_in_use  0000000180002e24 f   MSVCRT:ucrt_detection.obj
 0001:00001e30       _purecall                  0000000180002e30 f   vcruntime:VCRUNTIME140.dll
 0001:00001e36       __std_type_info_name       0000000180002e36 f   vcruntime:VCRUNTIME140.dll
 0001:00001e3c       memset                     0000000180002e3c f   vcruntime:VCRUNTIME140.dll
 0001:00001e42       strstr                     0000000180002e42 f   vcruntime:VCRUNTIME140.dll
 0001:00001e48       __std_type_info_destroy_list 0000000180002e48 f   vcruntime:VCRUNTIME140.dll
 0001:00001e4e       __C_specific_handler       0000000180002e4e f   vcruntime:VCRUNTIME140.dll
 0001:00001e54       memcpy                     0000000180002e54 f   vcruntime:VCRUNTIME140.dll
 0001:00001e5a       free                       0000000180002e5a f   ucrt:api-ms-win-crt-heap-l1-1-0.dll
 0001:00001e60       _initterm                  0000000180002e60 f   ucrt:api-ms-win-crt-runtime-l1-1-0.dll
 0001:00001e66       _initterm_e                0000000180002e66 f   ucrt:api-ms-win-crt-runtime-l1-1-0.dll
 0001:00001e6c       _seh_filter_dll            0000000180002e6c f   ucrt:api-ms-win-crt-runtime-l1-1-0.dll
 0001:00001e72       _configure_narrow_argv     0000000180002e72 f   ucrt:api-ms-win-crt-runtime-l1-1-0.dll
 0001:00001e78       _initialize_narrow_environment 0000000180002e78 f   ucrt:api-ms-win-crt-runtime-l1-1-0.dll
 0001:00001e7e       _initialize_onexit_table   0000000180002e7e f   ucrt:api-ms-win-crt-runtime-l1-1-0.dll
 0001:00001e84       _execute_onexit_table      0000000180002e84 f   ucrt:api-ms-win-crt-runtime-l1-1-0.dll
 0001:00001e8a       _cexit                     0000000180002e8a f   ucrt:api-ms-win-crt-runtime-l1-1-0.dll
 0001:00001e90       __acrt_initialize          0000000180002e90 f   MSVCRT:ucrt_stubs.obj
 0001:00001e90       __acrt_thread_attach       0000000180002e90 f   MSVCRT:ucrt_stubs.obj
 0001:00001e90       __acrt_thread_detach       0000000180002e90 f   MSVCRT:ucrt_stubs.obj
 0001:00001e90       __acrt_uninitialize        0000000180002e90 f   MSVCRT:ucrt_stubs.obj
 0001:00001e90       __acrt_uninitialize_critical 0000000180002e90 f   MSVCRT:ucrt_stubs.obj
 0001:00001e90       __scrt_stub_for_acrt_initialize 0000000180002e90 f   MSVCRT:ucrt_stubs.obj
 0001:00001e90       __scrt_stub_for_acrt_thread_attach 0000000180002e90 f   MSVCRT:ucrt_stubs.obj
 0001:00001e90       __scrt_stub_for_acrt_thread_detach 0000000180002e90 f   MSVCRT:ucrt_stubs.obj
 0001:00001e90       __scrt_stub_for_acrt_uninitialize 0000000180002e90 f   MSVCRT:ucrt_stubs.obj
 0001:00001e90       __scrt_stub_for_acrt_uninitialize_critical 0000000180002e90 f   MSVCRT:ucrt_stubs.obj
 0001:00001e90       __vcrt_initialize          0000000180002e90 f   MSVCRT:ucrt_stubs.obj
 0001:00001e90       __vcrt_thread_attach       0000000180002e90 f   MSVCRT:ucrt_stubs.obj
 0001:00001e90       __vcrt_thread_detach       0000000180002e90 f   MSVCRT:ucrt_stubs.obj
 0001:00001e90       __vcrt_uninitialize        0000000180002e90 f   MSVCRT:ucrt_stubs.obj
 0001:00001e90       __vcrt_uninitialize_critical 0000000180002e90 f   MSVCRT:ucrt_stubs.obj
 0001:00001e94       __scrt_stub_for_is_c_termination_complete 0000000180002e94 f   MSVCRT:ucrt_stubs.obj
 0001:00001e94       _is_c_termination_complete 0000000180002e94 f   MSVCRT:ucrt_stubs.obj
 0001:00001eb0       _guard_dispatch_icall_nop  0000000180002eb0 f   MSVCRT:guard_dispatch.obj
 0001:00001ed0       _guard_xfg_dispatch_icall_nop 0000000180002ed0 f   MSVCRT:guard_xfg_dispatch.obj
 0002:00000000       __imp_LoadLibraryA         0000000180003000     kernel32:KERNEL32.dll
 0002:00000008       __imp_SetUnhandledExceptionFilter 0000000180003008     kernel32:KERNEL32.dll
 0002:00000010       __imp_UnhandledExceptionFilter 0000000180003010     kernel32:KERNEL32.dll
 0002:00000018       __imp_IsDebuggerPresent    0000000180003018     kernel32:KERNEL32.dll
 0002:00000020       __imp_RtlVirtualUnwind     0000000180003020     kernel32:KERNEL32.dll
 0002:00000028       __imp_RtlLookupFunctionEntry 0000000180003028     kernel32:KERNEL32.dll
 0002:00000030       __imp_RtlCaptureContext    0000000180003030     kernel32:KERNEL32.dll
 0002:00000038       __imp_DisableThreadLibraryCalls 0000000180003038     kernel32:KERNEL32.dll
 0002:00000040       __imp_GetSystemTimeAsFileTime 0000000180003040     kernel32:KERNEL32.dll
 0002:00000048       __imp_GetCurrentThreadId   0000000180003048     kernel32:KERNEL32.dll
 0002:00000050       __imp_GetCurrentProcessId  0000000180003050     kernel32:KERNEL32.dll
 0002:00000058       __imp_QueryPerformanceCounter 0000000180003058     kernel32:KERNEL32.dll
 0002:00000060       __imp_InitializeSListHead  0000000180003060     kernel32:KERNEL32.dll
 0002:00000068       __imp_LoadLibraryExA       0000000180003068     kernel32:KERNEL32.dll
 0002:00000070       __imp_GetProcAddress       0000000180003070     kernel32:KERNEL32.dll
 0002:00000078       __imp_GetModuleHandleW     0000000180003078     kernel32:KERNEL32.dll
 0002:00000080       __imp_FreeLibrary          0000000180003080     kernel32:KERNEL32.dll
 0002:00000088       __imp_VirtualQuery         0000000180003088     kernel32:KERNEL32.dll
 0002:00000090       __imp_VirtualProtect       0000000180003090     kernel32:KERNEL32.dll
 0002:00000098       __imp_GetSystemInfo        0000000180003098     kernel32:KERNEL32.dll
 0002:000000a0       __imp_GetLastError         00000001800030a0     kernel32:KERNEL32.dll
 0002:000000a8       __imp_RaiseException       00000001800030a8     kernel32:KERNEL32.dll
 0002:000000b0       __imp_IsProcessorFeaturePresent 00000001800030b0     kernel32:KERNEL32.dll
 0002:000000b8       \177KERNEL32_NULL_THUNK_DATA 00000001800030b8     kernel32:KERNEL32.dll
 0002:000000c0       __imp___std_type_info_destroy_list 00000001800030c0     vcruntime:VCRUNTIME140.dll
 0002:000000c8       __imp__purecall            00000001800030c8     vcruntime:VCRUNTIME140.dll
 0002:000000d0       __imp___std_type_info_name 00000001800030d0     vcruntime:VCRUNTIME140.dll
 0002:000000d8       __imp_memset               00000001800030d8     vcruntime:VCRUNTIME140.dll
 0002:000000e0       __imp_strstr               00000001800030e0     vcruntime:VCRUNTIME140.dll
 0002:000000e8       __imp___C_specific_handler 00000001800030e8     vcruntime:VCRUNTIME140.dll
 0002:000000f0       __imp_memcpy               00000001800030f0     vcruntime:VCRUNTIME140.dll
 0002:000000f8       \177VCRUNTIME140_NULL_THUNK_DATA 00000001800030f8     vcruntime:VCRUNTIME140.dll
 0002:00000100       __imp_free                 0000000180003100     ucrt:api-ms-win-crt-heap-l1-1-0.dll
 0002:00000108       \177api-ms-win-crt-heap-l1-1-0_NULL_THUNK_DATA 0000000180003108     ucrt:api-ms-win-crt-heap-l1-1-0.dll
 0002:00000110       __imp__initterm            0000000180003110     ucrt:api-ms-win-crt-runtime-l1-1-0.dll
 0002:00000118       __imp__initterm_e          0000000180003118     ucrt:api-ms-win-crt-runtime-l1-1-0.dll
 0002:00000120       __imp__seh_filter_dll      0000000180003120     ucrt:api-ms-win-crt-runtime-l1-1-0.dll
 0002:00000128       __imp__configure_narrow_argv 0000000180003128     ucrt:api-ms-win-crt-runtime-l1-1-0.dll
 0002:00000130       __imp__initialize_narrow_environment 0000000180003130     ucrt:api-ms-win-crt-runtime-l1-1-0.dll
 0002:00000138       __imp__initialize_onexit_table 0000000180003138     ucrt:api-ms-win-crt-runtime-l1-1-0.dll
 0002:00000140       __imp__execute_onexit_table 0000000180003140     ucrt:api-ms-win-crt-runtime-l1-1-0.dll
 0002:00000148       __imp__cexit               0000000180003148     ucrt:api-ms-win-crt-runtime-l1-1-0.dll
 0002:00000150       \177api-ms-win-crt-runtime-l1-1-0_NULL_THUNK_DATA 0000000180003150     ucrt:api-ms-win-crt-runtime-l1-1-0.dll
 0002:00000158       __guard_check_icall_fptr   0000000180003158     MSVCRT:guard_support.obj
 0002:00000160       __guard_xfg_check_icall_fptr 0000000180003160     MSVCRT:guard_support.obj
 0002:00000168       __guard_dispatch_icall_fptr 0000000180003168     MSVCRT:guard_support.obj
 0002:00000170       __guard_xfg_dispatch_icall_fptr 0000000180003170     MSVCRT:guard_support.obj
 0002:00000178       __guard_xfg_table_dispatch_icall_fptr 0000000180003178     MSVCRT:guard_support.obj
 0002:00000180       __castguard_check_failure_os_handled_fptr 0000000180003180     MSVCRT:guard_support.obj
 0002:00000188       __guard_memcpy_fptr        0000000180003188     vcruntime:softmemtag.obj
 0002:00000190       __xc_a                     0000000180003190     MSVCRT:initializers.obj
 0002:000001c8       __xc_z                     00000001800031c8     MSVCRT:initializers.obj
 0002:000001d0       __xi_a                     00000001800031d0     MSVCRT:initializers.obj
 0002:000001d8       __xi_z                     00000001800031d8     MSVCRT:initializers.obj
 0002:000001e0       __xp_a                     00000001800031e0     MSVCRT:initializers.obj
 0002:000001e8       __xp_z                     00000001800031e8     MSVCRT:initializers.obj
 0002:000001f0       __xt_a                     00000001800031f0     MSVCRT:initializers.obj
 0002:000001f8       __xt_z                     00000001800031f8     MSVCRT:initializers.obj
 0002:00000220       ??_7PxFoundation@physx@@6B@ 0000000180003220     Cooking.obj
 0002:00000290       ??_C@_0EA@BNMKJEGN@D?3?2Projects?2PhysXRepo?2physx?2sou@ 0000000180003290     Cooking.obj
 0002:000002d0       ??_C@_0BM@OIFKLHDN@?$DMallocation?5names?5disabled?$DO@ 00000001800032d0     Cooking.obj
 0002:000002f0       ??_C@_0DJ@MKLDLIHF@D?3?2Projects?2PhysXRepo?2physx?2inc@ 00000001800032f0     Cooking.obj
 0002:00000330       __xmm@000000003a83126f3a83126f3a83126f 0000000180003330     Cooking.obj
 0002:00000340       __xmm@00000000ba83126fba83126fba83126f 0000000180003340     Cooking.obj
 0002:00000350       __xmm@3a83126f3a83126f3a83126f3a83126f 0000000180003350     Cooking.obj
 0002:00000360       __xmm@ba83126fba83126fba83126fba83126f 0000000180003360     Cooking.obj
 0002:00000370       __xmm@cdcdcdcdcdcdcdcdcdcdcdcdcdcdcdcd 0000000180003370     Cooking.obj
 0002:00000380       ??_C@_0BA@EGLNOO@PhysXFoundation@ 0000000180003380     WindowsCookingDelayLoadHook.obj
 0002:00000390       ??_C@_0M@ILKNCJKN@PhysXCommon@ 0000000180003390     WindowsCookingDelayLoadHook.obj
 0002:000003a0       __sz_PhysXCommon_64_dll    00000001800033a0     PhysXCommon_64:PhysXCommon_64.dll
 0002:000003c0       __sz_PhysXFoundation_64_dll 00000001800033c0     PhysXFoundation_64:PhysXFoundation_64.dll
 0002:000003d8       ??_C@_1BK@DBDEIDLH@?$AAK?$AAE?$AAR?$AAN?$AAE?$AAL?$AA3?$AA2?$AA?4?$AAD?$AAL?$AAL@ 00000001800033d8     Delayimp:delayhlp.obj
 0002:000003f8       ??_C@_0BI@OMNLIJDB@AcquireSRWLockExclusive@ 00000001800033f8     Delayimp:delayhlp.obj
 0002:00000410       ??_C@_0BI@HMIEPCNJ@ReleaseSRWLockExclusive@ 0000000180003410     Delayimp:delayhlp.obj
 0002:00000428       __pfnDliFailureHook2       0000000180003428     Delayimp:delayhk1.obj
 0002:00000438       ??_7type_info@@6B@         0000000180003438     MSVCRT:std_type_info_static.obj
 0002:00000440       _pDefaultRawDllMain        0000000180003440     MSVCRT:dll_dllmain.obj
 0002:00000440       _pRawDllMain               0000000180003440     MSVCRT:dll_dllmain.obj
 0002:00000450       _load_config_used          0000000180003450     MSVCRT:loadcfg.obj
 0002:00000590       __xmm@ffffffffffffffffffffffffffffffff 0000000180003590     MSVCRT:utility.obj
 0002:00000600       ??_R4type_info@@6B@        0000000180003600     MSVCRT:std_type_info_static.obj
 0002:00000628       ??_R3type_info@@8          0000000180003628     MSVCRT:std_type_info_static.obj
 0002:00000640       ??_R2type_info@@8          0000000180003640     MSVCRT:std_type_info_static.obj
 0002:00000650       ??_R1A@?0A@EA@type_info@@8 0000000180003650     MSVCRT:std_type_info_static.obj
 0002:00000674       __volatile_metadata        0000000180003674     <linker-defined>
 0002:00000aa0       __rtc_iaa                  0000000180003aa0     MSVCRT:initsect.obj
 0002:00000aa8       __rtc_izz                  0000000180003aa8     MSVCRT:initsect.obj
 0002:00000ab0       __rtc_taa                  0000000180003ab0     MSVCRT:initsect.obj
 0002:00000ab8       __rtc_tzz                  0000000180003ab8     MSVCRT:initsect.obj
 0002:00000d8c       __DELAY_IMPORT_DESCRIPTOR_physxcommon_64_dll 0000000180003d8c     PhysXCommon_64:PhysXCommon_64.dll
 0002:00000dac       __DELAY_IMPORT_DESCRIPTOR_physxfoundation_64_dll 0000000180003dac     PhysXFoundation_64:PhysXFoundation_64.dll
 0002:00000dcc       __NULL_DELAY_IMPORT_DESCRIPTOR 0000000180003dcc     PhysXCommon_64:PhysXCommon_64.dll
 0002:00000ea8       \177PhysXCommon_64_NULL_THUNK_DATA_DLN 0000000180003ea8     PhysXCommon_64:PhysXCommon_64.dll
 0002:00000eb8       \177PhysXFoundation_64_NULL_THUNK_DATA_DLN 0000000180003eb8     PhysXFoundation_64:PhysXFoundation_64.dll
 0002:00001148       \177PhysXCommon_64_NULL_THUNK_DATA_DLB 0000000180004148     PhysXCommon_64:PhysXCommon_64.dll
 0002:00001208       \177PhysXFoundation_64_NULL_THUNK_DATA_DLB 0000000180004208     PhysXFoundation_64:PhysXFoundation_64.dll
 0002:00001e28       __IMPORT_DESCRIPTOR_KERNEL32 0000000180004e28     kernel32:KERNEL32.dll
 0002:00001e3c       __IMPORT_DESCRIPTOR_VCRUNTIME140 0000000180004e3c     vcruntime:VCRUNTIME140.dll
 0002:00001e50       __IMPORT_DESCRIPTOR_api-ms-win-crt-heap-l1-1-0 0000000180004e50     ucrt:api-ms-win-crt-heap-l1-1-0.dll
 0002:00001e64       __IMPORT_DESCRIPTOR_api-ms-win-crt-runtime-l1-1-0 0000000180004e64     ucrt:api-ms-win-crt-runtime-l1-1-0.dll
 0002:00001e78       __NULL_IMPORT_DESCRIPTOR   0000000180004e78     kernel32:KERNEL32.dll
 0003:00000000       __pfnDliNotifyHook2        0000000180006000     WindowsCookingDelayLoadHook.obj
 0003:00000008       _fltused                   0000000180006008     MSVCRT:fltused.obj
 0003:0000000c       __scrt_native_dllmain_reason 000000018000600c     MSVCRT:utility.obj
 0003:00000040       __security_cookie          0000000180006040     MSVCRT:gs_cookie.obj
 0003:00000080       __security_cookie_complement 0000000180006080     MSVCRT:gs_cookie.obj
 0003:00000090       __isa_available            0000000180006090     MSVCRT:cpu_disp.obj
 0003:00000094       __isa_enabled              0000000180006094     MSVCRT:cpu_disp.obj
 0003:00000098       __memset_fast_string_threshold 0000000180006098     MSVCRT:cpu_disp.obj
 0003:000000a0       __memset_nt_threshold      00000001800060a0     MSVCRT:cpu_disp.obj
 0003:000000a8       __scrt_ucrt_dll_is_in_use  00000001800060a8     MSVCRT:ucrt_stubs.obj
 0003:000000b0       ??_R0?AVBVH@Gu@physx@@@8   00000001800060b0     Cooking.obj
 0003:000000d8       ??_R0?AVBV4TriangleMesh@Gu@physx@@@8 00000001800060d8     Cooking.obj
 0003:00000108       ??_R0?AUSlab@NodeAllocator@Gu@physx@@@8 0000000180006108     Cooking.obj
 0003:00000140       ??_R0?AVtype_info@@@8      0000000180006140     MSVCRT:std_type_info_static.obj
 0003:00000160       __imp_getInsertionCallback 0000000180006160     PhysXCommon_64:PhysXCommon_64.dll
 0003:00000168       __imp_??0BV4TriangleMesh@Gu@physx@@QEAA@AEBUPxTriangleMeshInternalData@2@@Z 0000000180006168     PhysXCommon_64:PhysXCommon_64.dll
 0003:00000170       __imp_cookBVH              0000000180006170     PhysXCommon_64:PhysXCommon_64.dll
 0003:00000178       __imp_createBVH            0000000180006178     PhysXCommon_64:PhysXCommon_64.dll
 0003:00000180       __imp_cookHeightField      0000000180006180     PhysXCommon_64:PhysXCommon_64.dll
 0003:00000188       __imp_createHeightField    0000000180006188     PhysXCommon_64:PhysXCommon_64.dll
 0003:00000190       __imp_cookConvexMesh       0000000180006190     PhysXCommon_64:PhysXCommon_64.dll
 0003:00000198       __imp_createConvexMesh     0000000180006198     PhysXCommon_64:PhysXCommon_64.dll
 0003:000001a0       __imp_validateConvexMesh   00000001800061a0     PhysXCommon_64:PhysXCommon_64.dll
 0003:000001a8       __imp_computeHullPolygons  00000001800061a8     PhysXCommon_64:PhysXCommon_64.dll
 0003:000001b0       __imp_validateTriangleMesh 00000001800061b0     PhysXCommon_64:PhysXCommon_64.dll
 0003:000001b8       __imp_createTriangleMesh   00000001800061b8     PhysXCommon_64:PhysXCommon_64.dll
 0003:000001c0       __imp_cookTriangleMesh     00000001800061c0     PhysXCommon_64:PhysXCommon_64.dll
 0003:000001c8       __imp_cookTetrahedronMesh  00000001800061c8     PhysXCommon_64:PhysXCommon_64.dll
 0003:000001d0       __imp_createTetrahedronMesh 00000001800061d0     PhysXCommon_64:PhysXCommon_64.dll
 0003:000001d8       __imp_cookDeformableVolumeMesh 00000001800061d8     PhysXCommon_64:PhysXCommon_64.dll
 0003:000001e0       __imp_createDeformableVolumeMesh 00000001800061e0     PhysXCommon_64:PhysXCommon_64.dll
 0003:000001e8       __imp_computeModelsMapping 00000001800061e8     PhysXCommon_64:PhysXCommon_64.dll
 0003:000001f0       __imp_computeCollisionData 00000001800061f0     PhysXCommon_64:PhysXCommon_64.dll
 0003:000001f8       __imp_computeSimulationData 00000001800061f8     PhysXCommon_64:PhysXCommon_64.dll
 0003:00000200       __imp_assembleDeformableVolumeMesh 0000000180006200     PhysXCommon_64:PhysXCommon_64.dll
 0003:00000208       __imp_?release@AABBTreeBounds@Gu@physx@@QEAAXXZ 0000000180006208     PhysXCommon_64:PhysXCommon_64.dll
 0003:00000210       __imp_??0BVH@Gu@physx@@QEAA@AEBUPxBVHInternalData@2@@Z 0000000180006210     PhysXCommon_64:PhysXCommon_64.dll
 0003:00000218       \177PhysXCommon_64_NULL_THUNK_DATA_DLA 0000000180006218     PhysXCommon_64:PhysXCommon_64.dll
 0003:00000220       __imp_PxGetBroadcastAllocator 0000000180006220     PhysXFoundation_64:PhysXFoundation_64.dll
 0003:00000228       \177PhysXFoundation_64_NULL_THUNK_DATA_DLA 0000000180006228     PhysXFoundation_64:PhysXFoundation_64.dll
 0003:00000298       __hmod__PhysXCommon_64_dll 0000000180006298     PhysXCommon_64:PhysXCommon_64.dll
 0003:000002a0       __hmod__PhysXFoundation_64_dll 00000001800062a0     PhysXFoundation_64:PhysXFoundation_64.dll
 0003:000002a8       ?DloadKernel32@@3PEAUHINSTANCE__@@EA 00000001800062a8     Delayimp:delayhlp.obj
 0003:000002b0       ?DloadAcquireSRWLockExclusive@@3P6AXPEA_K@ZEA 00000001800062b0     Delayimp:delayhlp.obj
 0003:000002b8       ?DloadReleaseSRWLockExclusive@@3P6AXPEA_K@ZEA 00000001800062b8     Delayimp:delayhlp.obj
 0003:000002c0       ?DloadSrwLock@@3_KA        00000001800062c0     Delayimp:delayhlp.obj
 0003:000002c8       ?DloadSectionLockCount@@3KA 00000001800062c8     Delayimp:delayhlp.obj
 0003:000002cc       ?DloadSectionOldProtection@@3KA 00000001800062cc     Delayimp:delayhlp.obj
 0003:000002d0       ?DloadSectionCommitPermanent@@3KA 00000001800062d0     Delayimp:delayhlp.obj
 0003:000002e0       ?__type_info_root_node@@3U__type_info_node@@A 00000001800062e0     MSVCRT:tncleanup.obj
 0003:000002f8       ?_OptionsStorage@?1??__local_stdio_printf_options@@9@4_KA 00000001800062f8     MSVCRT:default_local_stdio_options.obj
 0003:00000300       ?_OptionsStorage@?1??__local_stdio_scanf_options@@9@4_KA 0000000180006300     MSVCRT:default_local_stdio_options.obj
 0003:00000308       __scrt_current_native_startup_state 0000000180006308     MSVCRT:utility.obj
 0003:00000310       __scrt_native_startup_lock 0000000180006310     MSVCRT:utility.obj
 0003:00000350       __scrt_debugger_hook_flag  0000000180006350     MSVCRT:utility_desktop.obj
 0003:00000354       __favor                    0000000180006354     MSVCRT:cpu_disp.obj
 0003:00000358       __dyn_tls_init_callback    0000000180006358     <common>

 entry point at        0001:00001644

 Static symbols

 0000:ffff6000       .debug$S                   0000000180000000     PhysXCooking_64.exp
 0000:ffff6000       .debug$S                   0000000180000000     ucrt:api-ms-win-crt-heap-l1-1-0.dll
 0000:ffff6000       .debug$S                   0000000180000000     ucrt:api-ms-win-crt-runtime-l1-1-0.dll
 0000:ffff6000       .debug$S                   0000000180000000     ucrt:api-ms-win-crt-runtime-l1-1-0.dll
 0000:ffff6000       .debug$S                   0000000180000000     ucrt:api-ms-win-crt-runtime-l1-1-0.dll
 0000:ffff6000       .debug$S                   0000000180000000     ucrt:api-ms-win-crt-runtime-l1-1-0.dll
 0000:ffff6000       .debug$S                   0000000180000000     ucrt:api-ms-win-crt-runtime-l1-1-0.dll
 0000:ffff6000       .debug$S                   0000000180000000     ucrt:api-ms-win-crt-runtime-l1-1-0.dll
 0000:ffff6000       .debug$S                   0000000180000000     ucrt:api-ms-win-crt-runtime-l1-1-0.dll
 0000:ffff6000       .debug$S                   0000000180000000     ucrt:api-ms-win-crt-runtime-l1-1-0.dll
 0000:ffff6000       .debug$S                   0000000180000000     ucrt:api-ms-win-crt-runtime-l1-1-0.dll
 0000:ffff6000       .debug$S                   0000000180000000     ucrt:api-ms-win-crt-runtime-l1-1-0.dll
 0000:ffff6000       .debug$S                   0000000180000000     ucrt:api-ms-win-crt-runtime-l1-1-0.dll
 0000:ffff6000       .debug$S                   0000000180000000     ucrt:api-ms-win-crt-runtime-l1-1-0.dll
 0000:ffff6000       .debug$S                   0000000180000000     kernel32:KERNEL32.dll
 0000:ffff6000       .debug$S                   0000000180000000     kernel32:KERNEL32.dll
 0000:ffff6000       .debug$S                   0000000180000000     kernel32:KERNEL32.dll
 0000:ffff6000       .debug$S                   0000000180000000     kernel32:KERNEL32.dll
 0000:ffff6000       .debug$S                   0000000180000000     kernel32:KERNEL32.dll
 0000:ffff6000       .debug$S                   0000000180000000     kernel32:KERNEL32.dll
 0000:ffff6000       .debug$S                   0000000180000000     kernel32:KERNEL32.dll
 0000:ffff6000       .debug$S                   0000000180000000     kernel32:KERNEL32.dll
 0000:ffff6000       .debug$S                   0000000180000000     kernel32:KERNEL32.dll
 0000:ffff6000       .debug$S                   0000000180000000     kernel32:KERNEL32.dll
 0000:ffff6000       .debug$S                   0000000180000000     kernel32:KERNEL32.dll
 0000:ffff6000       .debug$S                   0000000180000000     kernel32:KERNEL32.dll
 0000:ffff6000       .debug$S                   0000000180000000     kernel32:KERNEL32.dll
 0000:ffff6000       .debug$S                   0000000180000000     kernel32:KERNEL32.dll
 0000:ffff6000       .debug$S                   0000000180000000     kernel32:KERNEL32.dll
 0000:ffff6000       .debug$S                   0000000180000000     kernel32:KERNEL32.dll
 0000:ffff6000       .debug$S                   0000000180000000     kernel32:KERNEL32.dll
 0000:ffff6000       .debug$S                   0000000180000000     kernel32:KERNEL32.dll
 0000:ffff6000       .debug$S                   0000000180000000     kernel32:KERNEL32.dll
 0000:ffff6000       .debug$S                   0000000180000000     kernel32:KERNEL32.dll
 0000:ffff6000       .debug$S                   0000000180000000     kernel32:KERNEL32.dll
 0000:ffff6000       .debug$S                   0000000180000000     kernel32:KERNEL32.dll
 0000:ffff6000       .debug$S                   0000000180000000     kernel32:KERNEL32.dll
 0000:ffff6000       .debug$S                   0000000180000000     kernel32:KERNEL32.dll
 0000:ffff6000       .debug$S                   0000000180000000     vcruntime:VCRUNTIME140.dll
 0000:ffff6000       .debug$S                   0000000180000000     vcruntime:VCRUNTIME140.dll
 0000:ffff6000       .debug$S                   0000000180000000     vcruntime:VCRUNTIME140.dll
 0000:ffff6000       .debug$S                   0000000180000000     vcruntime:VCRUNTIME140.dll
 0000:ffff6000       .debug$S                   0000000180000000     vcruntime:VCRUNTIME140.dll
 0000:ffff6000       .debug$S                   0000000180000000     vcruntime:VCRUNTIME140.dll
 0000:ffff6000       .debug$S                   0000000180000000     vcruntime:VCRUNTIME140.dll
 0000:ffff6000       .debug$S                   0000000180000000     vcruntime:VCRUNTIME140.dll
 0000:ffff6000       .debug$S                   0000000180000000     vcruntime:VCRUNTIME140.dll
 0000:ffff6000       .debug$S                   0000000180000000     PhysXCommon_64:PhysXCommon_64.dll
 0000:ffff6000       .debug$S                   0000000180000000     PhysXCommon_64:PhysXCommon_64.dll
 0000:ffff6000       .debug$S                   0000000180000000     PhysXCommon_64:PhysXCommon_64.dll
 0000:ffff6000       .debug$S                   0000000180000000     PhysXCommon_64:PhysXCommon_64.dll
 0000:ffff6000       .debug$S                   0000000180000000     PhysXCommon_64:PhysXCommon_64.dll
 0000:ffff6000       .debug$S                   0000000180000000     PhysXCommon_64:PhysXCommon_64.dll
 0000:ffff6000       .debug$S                   0000000180000000     PhysXCommon_64:PhysXCommon_64.dll
 0000:ffff6000       .debug$S                   0000000180000000     PhysXCommon_64:PhysXCommon_64.dll
 0000:ffff6000       .debug$S                   0000000180000000     PhysXCommon_64:PhysXCommon_64.dll
 0000:ffff6000       .debug$S                   0000000180000000     PhysXCommon_64:PhysXCommon_64.dll
 0000:ffff6000       .debug$S                   0000000180000000     PhysXCommon_64:PhysXCommon_64.dll
 0000:ffff6000       .debug$S                   0000000180000000     PhysXCommon_64:PhysXCommon_64.dll
 0000:ffff6000       .debug$S                   0000000180000000     PhysXCommon_64:PhysXCommon_64.dll
 0000:ffff6000       .debug$S                   0000000180000000     PhysXCommon_64:PhysXCommon_64.dll
 0000:ffff6000       .debug$S                   0000000180000000     PhysXCommon_64:PhysXCommon_64.dll
 0000:ffff6000       .debug$S                   0000000180000000     PhysXCommon_64:PhysXCommon_64.dll
 0000:ffff6000       .debug$S                   0000000180000000     PhysXCommon_64:PhysXCommon_64.dll
 0000:ffff6000       .debug$S                   0000000180000000     PhysXCommon_64:PhysXCommon_64.dll
 0000:ffff6000       .debug$S                   0000000180000000     PhysXCommon_64:PhysXCommon_64.dll
 0000:ffff6000       .debug$S                   0000000180000000     PhysXCommon_64:PhysXCommon_64.dll
 0000:ffff6000       .debug$S                   0000000180000000     PhysXCommon_64:PhysXCommon_64.dll
 0000:ffff6000       .debug$S                   0000000180000000     PhysXCommon_64:PhysXCommon_64.dll
 0000:ffff6000       .debug$S                   0000000180000000     PhysXCommon_64:PhysXCommon_64.dll
 0000:ffff6000       .debug$S                   0000000180000000     PhysXFoundation_64:PhysXFoundation_64.dll
 0001:00000000       ??__EmaxFError@vecMathTests@aos@physx@@YAXXZ 0000000180001000 f   Cooking.obj
 0001:00000010       ??__EmaxV3Error@vecMathTests@aos@physx@@YAXXZ 0000000180001010 f   Cooking.obj
 0001:00000020       ??__EmaxV4Error@vecMathTests@aos@physx@@YAXXZ 0000000180001020 f   Cooking.obj
 0001:00000030       ??__EminFError@vecMathTests@aos@physx@@YAXXZ 0000000180001030 f   Cooking.obj
 0001:00000040       ??__EminV3Error@vecMathTests@aos@physx@@YAXXZ 0000000180001040 f   Cooking.obj
 0001:00000050       ??__EminV4Error@vecMathTests@aos@physx@@YAXXZ 0000000180001050 f   Cooking.obj
 0001:00000980       $LN24                      0000000180001980     WindowsCookingDelayLoadHook.obj
 0001:00001328       ?dllmain_crt_dispatch@@YAHQEAUHINSTANCE__@@KQEAX@Z 0000000180002328 f   MSVCRT:dll_dllmain.obj
 0001:00001378       ?dllmain_crt_process_attach@@YAHQEAUHINSTANCE__@@QEAX@Z 0000000180002378 f   MSVCRT:dll_dllmain.obj
 0001:00001490       ?dllmain_crt_process_detach@@YAH_N@Z 0000000180002490 f   MSVCRT:dll_dllmain.obj
 0001:00001510       ?dllmain_dispatch@@YAHQEAUHINSTANCE__@@KQEAX@Z 0000000180002510 f   MSVCRT:dll_dllmain.obj
 0001:00001ea0       $$000000                   0000000180002ea0     MSVCRT:guard_dispatch.obj
 0001:00001ec0       $$000000                   0000000180002ec0     MSVCRT:guard_xfg_dispatch.obj
 0001:00001ed6       ?fin$0@?0??dllmain_crt_process_attach@@YAHQEAUHINSTANCE__@@QEAX@Z@4HA 0000000180002ed6 f   MSVCRT:dll_dllmain.obj
 0001:00001eed       ?fin$0@?0??dllmain_crt_process_detach@@YAH_N@Z@4HA 0000000180002eed f   MSVCRT:dll_dllmain.obj
 0001:00001f06       ?fin$1@?0??dllmain_crt_process_detach@@YAH_N@Z@4HA 0000000180002f06 f   MSVCRT:dll_dllmain.obj
 0001:00001f1a       ?filt$0@?0??dllmain_dispatch@@YAHQEAUHINSTANCE__@@KQEAX@Z@4HA 0000000180002f1a f   MSVCRT:dll_dllmain.obj
 0001:00001f50       __scrt_is_nonwritable_in_current_image$filt$0 0000000180002f50 f   MSVCRT:utility.obj
 0002:00000198       ?minFError$initializer$@vecMathTests@aos@physx@@3P6AXXZEA 0000000180003198     Cooking.obj
 0002:000001a0       ?maxFError$initializer$@vecMathTests@aos@physx@@3P6AXXZEA 00000001800031a0     Cooking.obj
 0002:000001a8       ?minV3Error$initializer$@vecMathTests@aos@physx@@3P6AXXZEA 00000001800031a8     Cooking.obj
 0002:000001b0       ?maxV3Error$initializer$@vecMathTests@aos@physx@@3P6AXXZEA 00000001800031b0     Cooking.obj
 0002:000001b8       ?minV4Error$initializer$@vecMathTests@aos@physx@@3P6AXXZEA 00000001800031b8     Cooking.obj
 0002:000001c0       ?maxV4Error$initializer$@vecMathTests@aos@physx@@3P6AXXZEA 00000001800031c0     Cooking.obj
 0002:00000200       ?minus1w@?A0x253f25f8@aos@physx@@3QBMB 0000000180003200     Cooking.obj
 0002:00000210       ?gMaskXYZ@internalSimd@aos@physx@@3QBIB 0000000180003210     Cooking.obj
 0002:00000ac0       $unwind$??_EPxFoundation@physx@@MEAAPEAXI@Z 0000000180003ac0     Cooking.obj
 0002:00000ac0       $unwind$?DloadAcquireSectionWriteAccess@@YAXXZ 0000000180003ac0     Delayimp:delayhlp.obj
 0002:00000ac0       $unwind$??_Gtype_info@@UEAAPEAXI@Z 0000000180003ac0     MSVCRT:std_type_info_static.obj
 0002:00000ac0       $unwind$__scrt_initialize_onexit_tables 0000000180003ac0     MSVCRT:utility.obj
 0002:00000ac0       $unwind$__scrt_release_startup_lock 0000000180003ac0     MSVCRT:utility.obj
 0002:00000ac0       $unwind$__scrt_uninitialize_crt 0000000180003ac0     MSVCRT:utility.obj
 0002:00000ac8       $chain$0$??_EPxFoundation@physx@@MEAAPEAXI@Z 0000000180003ac8     Cooking.obj
 0002:00000adc       $chain$1$??_EPxFoundation@physx@@MEAAPEAXI@Z 0000000180003adc     Cooking.obj
 0002:00000aec       $unwind$??1AABBTreeBuildParams@Gu@physx@@QEAA@XZ 0000000180003aec     Cooking.obj
 0002:00000aec       $unwind$?reset@AABBTreeBuildParams@Gu@physx@@QEAAXXZ 0000000180003aec     Cooking.obj
 0002:00000aec       $unwind$_DllMainCRTStartup 0000000180003aec     MSVCRT:dll_dllmain.obj
 0002:00000afc       $unwind$?allocate@?$PxArray@USlab@NodeAllocator@Gu@physx@@V?$PxReflectionAllocator@USlab@NodeAllocator@Gu@physx@@@4@@physx@@IEAAPEAUSlab@NodeAllocator@Gu@2@IPEAI@Z 0000000180003afc     Cooking.obj
 0002:00000b08       $chain$0$?allocate@?$PxArray@USlab@NodeAllocator@Gu@physx@@V?$PxReflectionAllocator@USlab@NodeAllocator@Gu@physx@@@4@@physx@@IEAAPEAUSlab@NodeAllocator@Gu@2@IPEAI@Z 0000000180003b08     Cooking.obj
 0002:00000b1c       $chain$1$?allocate@?$PxArray@USlab@NodeAllocator@Gu@physx@@V?$PxReflectionAllocator@USlab@NodeAllocator@Gu@physx@@@4@@physx@@IEAAPEAUSlab@NodeAllocator@Gu@2@IPEAI@Z 0000000180003b1c     Cooking.obj
 0002:00000b2c       $unwind$?recreate@?$PxArray@USlab@NodeAllocator@Gu@physx@@V?$PxReflectionAllocator@USlab@NodeAllocator@Gu@physx@@@4@@physx@@IEAAXI@Z 0000000180003b2c     Cooking.obj
 0002:00000b38       $chain$0$?recreate@?$PxArray@USlab@NodeAllocator@Gu@physx@@V?$PxReflectionAllocator@USlab@NodeAllocator@Gu@physx@@@4@@physx@@IEAAXI@Z 0000000180003b38     Cooking.obj
 0002:00000b4c       $chain$1$?recreate@?$PxArray@USlab@NodeAllocator@Gu@physx@@V?$PxReflectionAllocator@USlab@NodeAllocator@Gu@physx@@@4@@physx@@IEAAXI@Z 0000000180003b4c     Cooking.obj
 0002:00000b5c       $chain$2$?recreate@?$PxArray@USlab@NodeAllocator@Gu@physx@@V?$PxReflectionAllocator@USlab@NodeAllocator@Gu@physx@@@4@@physx@@IEAAXI@Z 0000000180003b5c     Cooking.obj
 0002:00000b70       $chain$3$?recreate@?$PxArray@USlab@NodeAllocator@Gu@physx@@V?$PxReflectionAllocator@USlab@NodeAllocator@Gu@physx@@@4@@physx@@IEAAXI@Z 0000000180003b70     Cooking.obj
 0002:00000b80       $unwind$??$copy@V?$PxReflectionAllocator@USlab@NodeAllocator@Gu@physx@@@physx@@@?$PxArray@USlab@NodeAllocator@Gu@physx@@V?$PxReflectionAllocator@USlab@NodeAllocator@Gu@physx@@@4@@physx@@IEAAXAEBV01@@Z 0000000180003b80     Cooking.obj
 0002:00000b80       $unwind$??0NodeAllocator@Gu@physx@@QEAA@AEBV012@@Z 0000000180003b80     Cooking.obj
 0002:00000b80       $unwind$?DloadGetSRWLockFunctionPointers@@YAEXZ 0000000180003b80     Delayimp:delayhlp.obj
 0002:00000b80       $unwind$_RTC_Initialize    0000000180003b80     MSVCRT:initsect.obj
 0002:00000b80       $unwind$_RTC_Terminate     0000000180003b80     MSVCRT:initsect.obj
 0002:00000b8c       $unwind$??4NodeAllocator@Gu@physx@@QEAAAEAV012@AEBV012@@Z 0000000180003b8c     Cooking.obj
 0002:00000ba0       $unwind$PxCreateBVHInternal 0000000180003ba0     Cooking.obj
 0002:00000ba0       $unwind$PxCreateTriangleMeshInternal 0000000180003ba0     Cooking.obj
 0002:00000bac       $unwind$?cookingDelayHook@@YAP6A_JXZIPEAUDelayLoadInfo@@@Z 0000000180003bac     WindowsCookingDelayLoadHook.obj
 0002:00000bac       $unwind$?DloadReleaseSectionWriteAccess@@YAXXZ 0000000180003bac     Delayimp:delayhlp.obj
 0002:00000bac       $unwind$__scrt_initialize_default_local_stdio_options 0000000180003bac     MSVCRT:default_local_stdio_options.obj
 0002:00000bac       $unwind$?dllmain_crt_dispatch@@YAHQEAUHINSTANCE__@@KQEAX@Z 0000000180003bac     MSVCRT:dll_dllmain.obj
 0002:00000bac       $unwind$DllMain            0000000180003bac     MSVCRT:dll_dllmain_stub.obj
 0002:00000bac       $unwind$__scrt_acquire_startup_lock 0000000180003bac     MSVCRT:utility.obj
 0002:00000bac       $unwind$__scrt_dllmain_after_initialize_c 0000000180003bac     MSVCRT:utility.obj
 0002:00000bac       $unwind$__scrt_dllmain_before_initialize_c 0000000180003bac     MSVCRT:utility.obj
 0002:00000bac       $unwind$__scrt_dllmain_crt_thread_attach 0000000180003bac     MSVCRT:utility.obj
 0002:00000bac       $unwind$__scrt_dllmain_crt_thread_detach 0000000180003bac     MSVCRT:utility.obj
 0002:00000bac       $unwind$__scrt_dllmain_uninitialize_c 0000000180003bac     MSVCRT:utility.obj
 0002:00000bac       $unwind$__scrt_dllmain_uninitialize_critical 0000000180003bac     MSVCRT:utility.obj
 0002:00000bac       $unwind$__scrt_initialize_crt 0000000180003bac     MSVCRT:utility.obj
 0002:00000bb4       $chain$1$?cookingDelayHook@@YAP6A_JXZIPEAUDelayLoadInfo@@@Z 0000000180003bb4     WindowsCookingDelayLoadHook.obj
 0002:00000bcc       $chain$3$?cookingDelayHook@@YAP6A_JXZIPEAUDelayLoadInfo@@@Z 0000000180003bcc     WindowsCookingDelayLoadHook.obj
 0002:00000bcc       $chain$5$?cookingDelayHook@@YAP6A_JXZIPEAUDelayLoadInfo@@@Z 0000000180003bcc     WindowsCookingDelayLoadHook.obj
 0002:00000be4       $chain$6$?cookingDelayHook@@YAP6A_JXZIPEAUDelayLoadInfo@@@Z 0000000180003be4     WindowsCookingDelayLoadHook.obj
 0002:00000bf4       xdata                      0000000180003bf4     PhysXCommon_64:PhysXCommon_64.dll
 0002:00000bfc       xdata                      0000000180003bfc     PhysXFoundation_64:PhysXFoundation_64.dll
 0002:00000c04       $unwind$?DloadObtainSection@@YAPEAXPEAK0@Z 0000000180003c04     Delayimp:delayhlp.obj
 0002:00000c14       $unwind$?DloadMakePermanentImageCommit@@YAXPEAX_K@Z 0000000180003c14     Delayimp:delayhlp.obj
 0002:00000c20       $unwind$?DloadProtectSection@@YAXKPEAK@Z 0000000180003c20     Delayimp:delayhlp.obj
 0002:00000c30       $unwind$__delayLoadHelper2 0000000180003c30     Delayimp:delayhlp.obj
 0002:00000c4c       $unwind$?dllmain_crt_process_attach@@YAHQEAUHINSTANCE__@@QEAX@Z 0000000180003c4c     MSVCRT:dll_dllmain.obj
 0002:00000c88       $unwind$?fin$0@?0??dllmain_crt_process_attach@@YAHQEAUHINSTANCE__@@QEAX@Z@4HA 0000000180003c88     MSVCRT:dll_dllmain.obj
 0002:00000c88       $unwind$?fin$0@?0??dllmain_crt_process_detach@@YAH_N@Z@4HA 0000000180003c88     MSVCRT:dll_dllmain.obj
 0002:00000c88       $unwind$?fin$1@?0??dllmain_crt_process_detach@@YAH_N@Z@4HA 0000000180003c88     MSVCRT:dll_dllmain.obj
 0002:00000c90       $unwind$?dllmain_crt_process_detach@@YAH_N@Z 0000000180003c90     MSVCRT:dll_dllmain.obj
 0002:00000ce4       $unwind$?dllmain_dispatch@@YAHQEAUHINSTANCE__@@KQEAX@Z 0000000180003ce4     MSVCRT:dll_dllmain.obj
 0002:00000d0c       $unwind$?filt$0@?0??dllmain_dispatch@@YAHQEAUHINSTANCE__@@KQEAX@Z@4HA 0000000180003d0c     MSVCRT:dll_dllmain.obj
 0002:00000d14       $unwind$__security_init_cookie 0000000180003d14     MSVCRT:gs_support.obj
 0002:00000d20       $unwind$__scrt_is_nonwritable_in_current_image 0000000180003d20     MSVCRT:utility.obj
 0002:00000d40       $unwind$__scrt_is_nonwritable_in_current_image$filt$0 0000000180003d40     MSVCRT:utility.obj
 0002:00000d48       $unwind$__scrt_dllmain_exception_filter 0000000180003d48     MSVCRT:utility.obj
 0002:00000d5c       $unwind$__scrt_fastfail    0000000180003d5c     MSVCRT:utility_desktop.obj
 0002:00000d70       $xdatasym                  0000000180003d70     MSVCRT:guard_dispatch.obj
 0002:00000d78       $xdatasym                  0000000180003d78     MSVCRT:guard_xfg_dispatch.obj
 0002:00000d7c       $unwind$__isa_available_init 0000000180003d7c     MSVCRT:cpu_disp.obj
 0002:00001330       .edata                     0000000180004330     PhysXCooking_64.exp
 0002:00001358       rgpv                       0000000180004358     PhysXCooking_64.exp
 0002:0000143c       rgszName                   000000018000443c     PhysXCooking_64.exp
 0002:00001520       rgwOrd                     0000000180004520     PhysXCooking_64.exp
 0002:00001592       szName                     0000000180004592     PhysXCooking_64.exp
 0002:000015a6       $N00001                    00000001800045a6     PhysXCooking_64.exp
 0002:000015ca       $N00002                    00000001800045ca     PhysXCooking_64.exp
 0002:000015f9       $N00003                    00000001800045f9     PhysXCooking_64.exp
 0002:00001620       $N00004                    0000000180004620     PhysXCooking_64.exp
 0002:00001677       $N00005                    0000000180004677     PhysXCooking_64.exp
 0002:000016a2       $N00006                    00000001800046a2     PhysXCooking_64.exp
 0002:000016c8       $N00007                    00000001800046c8     PhysXCooking_64.exp
 0002:000016e7       $N00008                    00000001800046e7     PhysXCooking_64.exp
 0002:0000170b       $N00009                    000000018000470b     PhysXCooking_64.exp
 0002:00001732       $N00010                    0000000180004732     PhysXCooking_64.exp
 0002:0000175b       $N00011                    000000018000475b     PhysXCooking_64.exp
 0002:0000177a       $N00012                    000000018000477a     PhysXCooking_64.exp
 0002:000017ad       $N00013                    00000001800047ad     PhysXCooking_64.exp
 0002:000017e3       $N00014                    00000001800047e3     PhysXCooking_64.exp
 0002:0000181b       $N00015                    000000018000481b     PhysXCooking_64.exp
 0002:0000184d       $N00016                    000000018000484d     PhysXCooking_64.exp
 0002:00001879       $N00017                    0000000180004879     PhysXCooking_64.exp
 0002:00001895       $N00018                    0000000180004895     PhysXCooking_64.exp
 0002:000018bf       $N00019                    00000001800048bf     PhysXCooking_64.exp
 0002:000018fb       $N00020                    00000001800048fb     PhysXCooking_64.exp
 0002:00001936       $N00021                    0000000180004936     PhysXCooking_64.exp
 0002:00001971       $N00022                    0000000180004971     PhysXCooking_64.exp
 0002:000019a6       $N00023                    00000001800049a6     PhysXCooking_64.exp
 0002:000019e2       $N00024                    00000001800049e2     PhysXCooking_64.exp
 0002:00001a15       $N00025                    0000000180004a15     PhysXCooking_64.exp
 0002:00001a48       $N00026                    0000000180004a48     PhysXCooking_64.exp
 0002:00001a82       $N00027                    0000000180004a82     PhysXCooking_64.exp
 0002:00001abc       $N00028                    0000000180004abc     PhysXCooking_64.exp
 0002:00001ae9       $N00029                    0000000180004ae9     PhysXCooking_64.exp
 0002:00001b1c       $N00030                    0000000180004b1c     PhysXCooking_64.exp
 0002:00001b4a       $N00031                    0000000180004b4a     PhysXCooking_64.exp
 0002:00001b77       $N00032                    0000000180004b77     PhysXCooking_64.exp
 0002:00001bb3       $N00033                    0000000180004bb3     PhysXCooking_64.exp
 0002:00001bf0       $N00034                    0000000180004bf0     PhysXCooking_64.exp
 0002:00001c20       $N00035                    0000000180004c20     PhysXCooking_64.exp
 0002:00001c3f       $N00036                    0000000180004c3f     PhysXCooking_64.exp
 0002:00001c56       $N00037                    0000000180004c56     PhysXCooking_64.exp
 0002:00001c6c       $N00038                    0000000180004c6c     PhysXCooking_64.exp
 0002:00001c83       $N00039                    0000000180004c83     PhysXCooking_64.exp
 0002:00001c9b       $N00040                    0000000180004c9b     PhysXCooking_64.exp
 0002:00001ca5       $N00041                    0000000180004ca5     PhysXCooking_64.exp
 0002:00001cb6       $N00042                    0000000180004cb6     PhysXCooking_64.exp
 0002:00001cd1       $N00043                    0000000180004cd1     PhysXCooking_64.exp
 0002:00001ce3       $N00044                    0000000180004ce3     PhysXCooking_64.exp
 0002:00001cf9       $N00045                    0000000180004cf9     PhysXCooking_64.exp
 0002:00001d0c       $N00046                    0000000180004d0c     PhysXCooking_64.exp
 0002:00001d18       $N00047                    0000000180004d18     PhysXCooking_64.exp
 0002:00001d2c       $N00048                    0000000180004d2c     PhysXCooking_64.exp
 0002:00001d3f       $N00049                    0000000180004d3f     PhysXCooking_64.exp
 0002:00001d5c       $N00050                    0000000180004d5c     PhysXCooking_64.exp
 0002:00001d70       $N00051                    0000000180004d70     PhysXCooking_64.exp
 0002:00001d88       $N00052                    0000000180004d88     PhysXCooking_64.exp
 0002:00001d9d       $N00053                    0000000180004d9d     PhysXCooking_64.exp
 0002:00001dba       $N00054                    0000000180004dba     PhysXCooking_64.exp
 0002:00001ddb       $N00055                    0000000180004ddb     PhysXCooking_64.exp
 0002:00001dfa       $N00056                    0000000180004dfa     PhysXCooking_64.exp
 0002:00001e0f       $N00057                    0000000180004e0f     PhysXCooking_64.exp
 0002:00001ff8       .idata$6                   0000000180004ff8     kernel32:KERNEL32.dll
 0002:00002076       .idata$6                   0000000180005076     vcruntime:VCRUNTIME140.dll
 0002:00002140       .idata$6                   0000000180005140     ucrt:api-ms-win-crt-heap-l1-1-0.dll
 0002:00002160       .idata$6                   0000000180005160     ucrt:api-ms-win-crt-runtime-l1-1-0.dll
 0003:00000230       ?maxV3Error@vecMathTests@aos@physx@@3T__m128@@B 0000000180006230     Cooking.obj
 0003:00000240       ?minFError@vecMathTests@aos@physx@@3T__m128@@B 0000000180006240     Cooking.obj
 0003:00000250       ?maxV4Error@vecMathTests@aos@physx@@3T__m128@@B 0000000180006250     Cooking.obj
 0003:00000260       ?minV4Error@vecMathTests@aos@physx@@3T__m128@@B 0000000180006260     Cooking.obj
 0003:00000270       ?minV3Error@vecMathTests@aos@physx@@3T__m128@@B 0000000180006270     Cooking.obj
 0003:00000280       ?maxFError@vecMathTests@aos@physx@@3T__m128@@B 0000000180006280     Cooking.obj
 0003:00000290       ?gCookingDelayLoadHook@@3PEBVPxDelayLoadHook@physx@@EB 0000000180006290     WindowsCookingDelayLoadHook.obj
 0003:000002f0       ?__proc_attached@@3HA      00000001800062f0     MSVCRT:dll_dllmain.obj
 0003:00000318       ?is_initialized_as_dll@@3_NA 0000000180006318     MSVCRT:utility.obj
 0003:00000319       ?module_local_atexit_table_initialized@@3_NA 0000000180006319     MSVCRT:utility.obj
 0003:00000320       ?module_local_atexit_table@@3U_onexit_table_t@@A 0000000180006320     MSVCRT:utility.obj
 0003:00000338       ?module_local_at_quick_exit_table@@3U_onexit_table_t@@A 0000000180006338     MSVCRT:utility.obj
 0005:000000a0       $R000000                   00000001800080a0     PhysXCooking.res
 0005:000003d0       $R000330                   00000001800083d0     PhysXCooking.res
