 PhysXCooking_64

 Timestamp is 6a354e4e (Fri Jun 19 16:12:30 2026)

 Preferred load address is 0000000180000000

 Start         Length     Name                   Class
 0001:00000000 00000120H .text$di                CODE
 0001:00000120 00005d20H .text$mn                CODE
 0001:00005e40 00000040H .text$mn$00             CODE
 0001:00005e80 00000100H .text$x                 CODE
 0002:00000000 00000220H .idata$5                DATA
 0002:00000220 00000038H .00cfg                  DATA
 0002:00000258 00000008H .CRT$XCA                DATA
 0002:00000260 00000030H .CRT$XCU                DATA
 0002:00000290 00000008H .CRT$XCZ                DATA
 0002:00000298 00000008H .CRT$XIA                DATA
 0002:000002a0 00000008H .CRT$XIZ                DATA
 0002:000002a8 00000008H .CRT$XPA                DATA
 0002:000002b0 00000008H .CRT$XPZ                DATA
 0002:000002b8 00000008H .CRT$XTA                DATA
 0002:000002c0 00000010H .CRT$XTZ                DATA
 0002:000002c8 00000000H .gehcont$y              DATA
 0002:000002c8 00000000H .gfids$y                DATA
 0002:000002d0 00000db0H .rdata                  DATA
 0002:00001080 00000080H .rdata$CastGuardVftablesA DATA
 0002:00001100 00000080H .rdata$CastGuardVftablesC DATA
 0002:00001180 00000074H .rdata$r                DATA
 0002:000011f4 000000c8H .rdata$voltmd           DATA
 0002:000012bc 0000041cH .rdata$zzzdbg           DATA
 0002:000016d8 00000008H .rtc$IAA                DATA
 0002:000016e0 00000010H .rtc$IMZ                DATA
 0002:000016f0 00000008H .rtc$IZZ                DATA
 0002:000016f8 00000008H .rtc$TAA                DATA
 0002:00001700 00000010H .rtc$TMZ                DATA
 0002:00001710 00000008H .rtc$TZZ                DATA
 0002:00001718 000007fcH .xdata                  DATA
 0002:00001f14 00000040H .didat$2                DATA
 0002:00001f54 00000024H .didat$3                DATA
 0002:00001f78 000000d8H .didat$4                DATA
 0002:00002050 000002a0H .didat$6                DATA
 0002:000022f0 000001f0H .didat$7                DATA
 0002:000024e0 00000af8H .edata                  DATA
 0002:00002fd8 0000003cH .idata$2                DATA
 0002:00003014 00000014H .idata$3                DATA
 0002:00003028 00000220H .idata$4                DATA
 0002:00003248 00000542H .idata$6                DATA
 0003:00000000 000000c8H .data                   DATA
 0003:000000c8 00000090H .data$r                 DATA
 0003:00000158 00000020H .data$rs                DATA
 0003:00000178 000000d8H .didat$5                DATA
 0003:00000250 000006c8H .bss                    DATA
 0004:00000000 00000954H .pdata                  DATA
 0005:00000000 000000a0H .rsrc$01                DATA
 0005:000000a0 000004b0H .rsrc$02                DATA

  Address         Publics by Value              Rva+Base               Lib:Object

 0000:00000000       __AbsoluteZero             0000000000000000     <absolute>
 0000:00000000       ___safe_se_handler_count   0000000000000000     <absolute>
 0000:00000000       ___safe_se_handler_table   0000000000000000     <absolute>
 0000:00000000       __arm64x_extra_rfe_table   0000000000000000     <absolute>
 0000:00000000       __arm64x_extra_rfe_table_size 0000000000000000     <absolute>
 0000:00000000       __arm64x_native_entrypoint 0000000000000000     <absolute>
 0000:00000000       __arm64x_redirection_metadata 0000000000000000     <absolute>
 0000:00000000       __arm64x_redirection_metadata_count 0000000000000000     <absolute>
 0000:00000000       __dynamic_value_reloc_table 0000000000000000     <absolute>
 0000:00000000       __enclave_config           0000000000000000     <absolute>
 0000:00000000       __guard_check_icall_a64n_fptr 0000000000000000     <absolute>
 0000:00000000       __guard_eh_cont_count      0000000000000000     <absolute>
 0000:00000000       __guard_eh_cont_table      0000000000000000     <absolute>
 0000:00000000       __guard_fids_count         0000000000000000     <absolute>
 0000:00000000       __guard_fids_table         0000000000000000     <absolute>
 0000:00000000       __guard_iat_count          0000000000000000     <absolute>
 0000:00000000       __guard_iat_table          0000000000000000     <absolute>
 0000:00000000       __guard_longjmp_count      0000000000000000     <absolute>
 0000:00000000       __guard_longjmp_table      0000000000000000     <absolute>
 0000:00000000       __hybrid_auxiliary_delayload_iat 0000000000000000     <absolute>
 0000:00000000       __hybrid_auxiliary_delayload_iat_copy 0000000000000000     <absolute>
 0000:00000000       __hybrid_auxiliary_iat     0000000000000000     <absolute>
 0000:00000000       __hybrid_auxiliary_iat_copy 0000000000000000     <absolute>
 0000:00000000       __hybrid_code_map          0000000000000000     <absolute>
 0000:00000000       __hybrid_code_map_count    0000000000000000     <absolute>
 0000:00000000       __hybrid_image_info_bitfield 0000000000000000     <absolute>
 0000:00000000       __x64_code_ranges_to_entry_points 0000000000000000     <absolute>
 0000:00000000       __x64_code_ranges_to_entry_points_count 0000000000000000     <absolute>
 0000:00000100       __guard_flags              0000000000000100     <absolute>
 0000:00000000       __ImageBase                0000000180000000     <linker-defined>
 0001:00000120       PxGetStandaloneInsertionCallback 0000000180001120 f   Cooking.obj
 0001:00000140       PxCookBVH                  0000000180001140 f   Cooking.obj
 0001:00000170       PxCreateBVH                0000000180001170 f   Cooking.obj
 0001:000001a0       PxCookHeightField          00000001800011a0 f   Cooking.obj
 0001:000001d0       PxCreateHeightField        00000001800011d0 f   Cooking.obj
 0001:00000200       PxCookConvexMesh           0000000180001200 f   Cooking.obj
 0001:00000240       PxCreateConvexMesh         0000000180001240 f   Cooking.obj
 0001:00000280       PxValidateConvexMesh       0000000180001280 f   Cooking.obj
 0001:000002b0       PxComputeHullPolygons      00000001800012b0 f   Cooking.obj
 0001:00000330       PxValidateTriangleMesh     0000000180001330 f   Cooking.obj
 0001:00000360       PxCookTriangleMesh         0000000180001360 f   Cooking.obj
 0001:000003a0       PxCreateTriangleMesh       00000001800013a0 f   Cooking.obj
 0001:000003e0       PxCookTetrahedronMesh      00000001800013e0 f   Cooking.obj
 0001:00000420       PxCreateTetrahedronMesh    0000000180001420 f   Cooking.obj
 0001:00000460       PxCookDeformableVolumeMesh 0000000180001460 f   Cooking.obj
 0001:000004b0       PxCreateDeformableVolumeMesh 00000001800014b0 f   Cooking.obj
 0001:00000500       PxComputeModelsMapping     0000000180001500 f   Cooking.obj
 0001:00000550       PxComputeCollisionData     0000000180001550 f   Cooking.obj
 0001:00000580       PxComputeSimulationData    0000000180001580 f   Cooking.obj
 0001:000005b0       PxAssembleDeformableVolumeMesh 00000001800015b0 f   Cooking.obj
 0001:00000600       PxCreateTriangleMeshInternal 0000000180001600 f   Cooking.obj
 0001:000006a0       PxCreateBVHInternal        00000001800016a0 f   Cooking.obj
 0001:00000740       ??$?4V?$PxReflectionAllocator@USlab@NodeAllocator@Gu@physx@@@physx@@@?$PxArray@USlab@NodeAllocator@Gu@physx@@V?$PxReflectionAllocator@USlab@NodeAllocator@Gu@physx@@@4@@physx@@QEAAAEAV01@AEBV01@@Z 0000000180001740 f i Cooking.obj
 0001:000007d0       ??$PX_UNUSED@PEAI@@YAXAEBQEAI@Z 00000001800017d0 f i Cooking.obj
 0001:000007e0       ??$copy@V?$PxReflectionAllocator@USlab@NodeAllocator@Gu@physx@@@physx@@@?$PxArray@USlab@NodeAllocator@Gu@physx@@V?$PxReflectionAllocator@USlab@NodeAllocator@Gu@physx@@@4@@physx@@IEAAXAEBV01@@Z 00000001800017e0 f i Cooking.obj
 0001:000008a0       ??0?$PxArray@USlab@NodeAllocator@Gu@physx@@V?$PxReflectionAllocator@USlab@NodeAllocator@Gu@physx@@@4@@physx@@QEAA@AEBV01@AEBV?$PxReflectionAllocator@USlab@NodeAllocator@Gu@physx@@@1@@Z 00000001800018a0 f i Cooking.obj
 0001:000008e0       ??0?$PxReflectionAllocator@USlab@NodeAllocator@Gu@physx@@@physx@@QEAA@AEBV01@@Z 00000001800018e0 f i Cooking.obj
 0001:000008f0       ??0?$PxReflectionAllocator@USlab@NodeAllocator@Gu@physx@@@physx@@QEAA@PEBD@Z 00000001800018f0 f i Cooking.obj
 0001:00000900       ??0?$PxReflectionAllocator@VBV4TriangleMesh@Gu@physx@@@physx@@QEAA@PEBD@Z 0000000180001900 f i Cooking.obj
 0001:00000910       ??0?$PxReflectionAllocator@VBVH@Gu@physx@@@physx@@QEAA@PEBD@Z 0000000180001910 f i Cooking.obj
 0001:00000920       ??0?$PxVec3T@M@physx@@QEAA@XZ 0000000180001920 f i Cooking.obj
 0001:00000930       ??0AABBTreeBounds@Gu@physx@@QEAA@XZ 0000000180001930 f i Cooking.obj
 0001:00000960       ??0AABBTreeBuildNode@Gu@physx@@QEAA@AEBV012@@Z 0000000180001960 f i Cooking.obj
 0001:000009c0       ??0AABBTreeBuildNode@Gu@physx@@QEAA@XZ 00000001800019c0 f i Cooking.obj
 0001:000009e0       ??0AABBTreeBuildParams@Gu@physx@@QEAA@IIPEBVAABBTreeBounds@12@W4BVHBuildStrategy@12@@Z 00000001800019e0 f i Cooking.obj
 0001:00000a40       ??0NodeAllocator@Gu@physx@@QEAA@AEBV012@@Z 0000000180001a40 f i Cooking.obj
 0001:00000ac0       ??0PxAllocator@physx@@QEAA@PEBD@Z 0000000180001ac0 f i Cooking.obj
 0001:00000ad0       ??0PxBounds3@physx@@QEAA@AEBV01@@Z 0000000180001ad0 f i Cooking.obj
 0001:00000b40       ??0PxBounds3@physx@@QEAA@XZ 0000000180001b40 f i Cooking.obj
 0001:00000b80       ??0PxFoundation@physx@@QEAA@AEBV01@@Z 0000000180001b80 f i Cooking.obj
 0001:00000ba0       ??0PxFoundation@physx@@QEAA@XZ 0000000180001ba0 f i Cooking.obj
 0001:00000bc0       ??1AABBTreeBounds@Gu@physx@@QEAA@XZ 0000000180001bc0 f i Cooking.obj
 0001:00000be0       ??1AABBTreeBuildNode@Gu@physx@@QEAA@XZ 0000000180001be0 f i Cooking.obj
 0001:00000bf0       ??1AABBTreeBuildParams@Gu@physx@@QEAA@XZ 0000000180001bf0 f i Cooking.obj
 0001:00000c10       ??1PxFoundation@physx@@MEAA@XZ 0000000180001c10 f i Cooking.obj
 0001:00000c30       ??2@YAPEAX_KPEAX@Z         0000000180001c30 f i Cooking.obj
 0001:00000c40       ??2PxUserAllocated@physx@@SAPEAX_KPEAX@Z 0000000180001c40 f i Cooking.obj
 0001:00000c50       ??4?$PxArray@USlab@NodeAllocator@Gu@physx@@V?$PxReflectionAllocator@USlab@NodeAllocator@Gu@physx@@@4@@physx@@QEAAAEAV01@AEBV01@@Z 0000000180001c50 f i Cooking.obj
 0001:00000c80       ??4?$PxVec3T@M@physx@@QEAAAEAV01@AEBV01@@Z 0000000180001c80 f i Cooking.obj
 0001:00000cd0       ??4AABBTreeBounds@Gu@physx@@QEAAAEAV012@AEBV012@@Z 0000000180001cd0 f i Cooking.obj
 0001:00000d00       ??4AABBTreeBuildNode@Gu@physx@@QEAAAEAV012@AEBV012@@Z 0000000180001d00 f i Cooking.obj
 0001:00000d60       ??4AABBTreeBuildParams@Gu@physx@@QEAAAEAV012@AEBV012@@Z 0000000180001d60 f i Cooking.obj
 0001:00000d90       ??4NodeAllocator@Gu@physx@@QEAAAEAV012@AEBV012@@Z 0000000180001d90 f i Cooking.obj
 0001:00000e00       ??4PxBounds3@physx@@QEAAXAEBV01@@Z 0000000180001e00 f i Cooking.obj
 0001:00000e40       ??4PxFoundation@physx@@QEAAAEAV01@AEBV01@@Z 0000000180001e40 f i Cooking.obj
 0001:00000e50       ??_EPxFoundation@physx@@MEAAPEAXI@Z 0000000180001e50 f i Cooking.obj
 0001:00000ef0       ??_FAABBTreeBuildParams@Gu@physx@@QEAAXXZ 0000000180001ef0 f i Cooking.obj
 0001:00000f20       ??_GPxFoundation@physx@@MEAAPEAXI@Z 0000000180001f20 f i Cooking.obj
 0001:00000f60       ??_H@YAXPEAX_K1P6APEAX0@Z@Z 0000000180001f60 f i Cooking.obj
 0001:00000fe0       ??_I@YAXPEAX_K1P6AX0@Z@Z   0000000180001fe0 f i Cooking.obj
 0001:00001070       ?FLoad@aos@physx@@YA?AT__m128@@M@Z 0000000180002070 f i Cooking.obj
 0001:000010a0       ?PxMarkSerializedMemory@physx@@YAXPEAXI@Z 00000001800020a0 f i Cooking.obj
 0001:000010d0       ?PxMemSet@physx@@YAPEAXPEAXHI@Z 00000001800020d0 f i Cooking.obj
 0001:00001120       ?V3Load@aos@physx@@YA?AT__m128@@M@Z 0000000180002120 f i Cooking.obj
 0001:00001160       ?V4Load@aos@physx@@YA?AT__m128@@M@Z 0000000180002160 f i Cooking.obj
 0001:00001190       ?__empty_global_delete@@YAXPEAX@Z 0000000180002190 f i Cooking.obj
 0001:000011a0       ?__empty_global_delete@@YAXPEAX_K@Z 00000001800021a0 f i Cooking.obj
 0001:000011b0       ?__global_array_delete@@YAXPEAX@Z 00000001800021b0 f i Cooking.obj
 0001:000011d0       ?__global_array_delete@@YAXPEAX_K@Z 00000001800021d0 f i Cooking.obj
 0001:00001200       ?__global_delete@@YAXPEAX@Z 0000000180002200 f i Cooking.obj
 0001:00001220       ?__global_delete@@YAXPEAX_K@Z 0000000180002220 f i Cooking.obj
 0001:00001250       ?allocate@?$PxArray@USlab@NodeAllocator@Gu@physx@@V?$PxReflectionAllocator@USlab@NodeAllocator@Gu@physx@@@4@@physx@@IEAAPEAUSlab@NodeAllocator@Gu@2@IPEAI@Z 0000000180002250 f i Cooking.obj
 0001:000012c0       ?allocate@?$PxReflectionAllocator@USlab@NodeAllocator@Gu@physx@@@physx@@SAPEAX_KPEBDHPEAI@Z 00000001800022c0 f i Cooking.obj
 0001:00001340       ?allocate@?$PxReflectionAllocator@VBV4TriangleMesh@Gu@physx@@@physx@@SAPEAX_KPEBDHPEAI@Z 0000000180002340 f i Cooking.obj
 0001:000013c0       ?allocate@?$PxReflectionAllocator@VBVH@Gu@physx@@@physx@@SAPEAX_KPEBDHPEAI@Z 00000001800023c0 f i Cooking.obj
 0001:00001440       ?begin@?$PxArray@USlab@NodeAllocator@Gu@physx@@V?$PxReflectionAllocator@USlab@NodeAllocator@Gu@physx@@@4@@physx@@QEBAPEBUSlab@NodeAllocator@Gu@2@XZ 0000000180002440 f i Cooking.obj
 0001:00001450       ?capacity@?$PxArray@USlab@NodeAllocator@Gu@physx@@V?$PxReflectionAllocator@USlab@NodeAllocator@Gu@physx@@@4@@physx@@QEBAIXZ 0000000180002450 f i Cooking.obj
 0001:00001470       ?clear@?$PxArray@USlab@NodeAllocator@Gu@physx@@V?$PxReflectionAllocator@USlab@NodeAllocator@Gu@physx@@@4@@physx@@QEAAXXZ 0000000180002470 f i Cooking.obj
 0001:000014b0       ?copy@?$PxArray@USlab@NodeAllocator@Gu@physx@@V?$PxReflectionAllocator@USlab@NodeAllocator@Gu@physx@@@4@@physx@@KAXPEAUSlab@NodeAllocator@Gu@2@0PEBU3452@@Z 00000001800024b0 f i Cooking.obj
 0001:00001530       ?deallocate@?$PxArray@USlab@NodeAllocator@Gu@physx@@V?$PxReflectionAllocator@USlab@NodeAllocator@Gu@physx@@@4@@physx@@IEAAXPEAXPEAI@Z 0000000180002530 f i Cooking.obj
 0001:00001560       ?deallocate@?$PxReflectionAllocator@USlab@NodeAllocator@Gu@physx@@@physx@@SAXPEAXPEAI@Z 0000000180002560 f i Cooking.obj
 0001:000015b0       ?deallocate@PxAllocator@physx@@SAXPEAXPEAI@Z 00000001800025b0 f i Cooking.obj
 0001:00001600       ?destroy@?$PxArray@USlab@NodeAllocator@Gu@physx@@V?$PxReflectionAllocator@USlab@NodeAllocator@Gu@physx@@@4@@physx@@KAXPEAUSlab@NodeAllocator@Gu@2@0@Z 0000000180002600 f i Cooking.obj
 0001:00001630       ?empty@?$PxArray@USlab@NodeAllocator@Gu@physx@@V?$PxReflectionAllocator@USlab@NodeAllocator@Gu@physx@@@4@@physx@@QEBA_NXZ 0000000180002630 f i Cooking.obj
 0001:00001660       ?getAABB@AABBTreeBuildNode@Gu@physx@@QEBAAEBVPxBounds3@3@XZ 0000000180002660 f i Cooking.obj
 0001:00001670       ?getBounds@AABBTreeBounds@Gu@physx@@QEAAPEAVPxBounds3@3@XZ 0000000180002670 f i Cooking.obj
 0001:00001680       ?getBounds@AABBTreeBounds@Gu@physx@@QEBAPEBVPxBounds3@3@XZ 0000000180002680 f i Cooking.obj
 0001:00001690       ?getName@?$PxReflectionAllocator@USlab@NodeAllocator@Gu@physx@@@physx@@CAPEBD_N@Z 0000000180002690 f i Cooking.obj
 0001:000016c0       ?getName@?$PxReflectionAllocator@VBV4TriangleMesh@Gu@physx@@@physx@@CAPEBD_N@Z 00000001800026c0 f i Cooking.obj
 0001:000016f0       ?getName@?$PxReflectionAllocator@VBVH@Gu@physx@@@physx@@CAPEBD_N@Z 00000001800026f0 f i Cooking.obj
 0001:00001720       ?getNbPrimitives@AABBTreeBuildNode@Gu@physx@@QEBAIXZ 0000000180002720 f i Cooking.obj
 0001:00001730       ?getNbRuntimePrimitives@AABBTreeBuildNode@Gu@physx@@QEBAIXZ 0000000180002730 f i Cooking.obj
 0001:00001740       ?getNeg@AABBTreeBuildNode@Gu@physx@@QEBAPEBV123@XZ 0000000180002740 f i Cooking.obj
 0001:00001780       ?getPos@AABBTreeBuildNode@Gu@physx@@QEBAPEBV123@XZ 0000000180002780 f i Cooking.obj
 0001:00001790       ?getPrimitives@AABBTreeBuildNode@Gu@physx@@QEAAPEAIPEAI@Z 0000000180002790 f i Cooking.obj
 0001:000017b0       ?getPrimitives@AABBTreeBuildNode@Gu@physx@@QEBAPEBIPEBI@Z 00000001800027b0 f i Cooking.obj
 0001:000017d0       ?grow@?$PxArray@USlab@NodeAllocator@Gu@physx@@V?$PxReflectionAllocator@USlab@NodeAllocator@Gu@physx@@@4@@physx@@IEAAXI@Z 00000001800027d0 f i Cooking.obj
 0001:00001830       ?isInUserMemory@?$PxArray@USlab@NodeAllocator@Gu@physx@@V?$PxReflectionAllocator@USlab@NodeAllocator@Gu@physx@@@4@@physx@@QEBAIXZ 0000000180002830 f i Cooking.obj
 0001:00001850       ?isLeaf@AABBTreeBuildNode@Gu@physx@@QEBA_NXZ 0000000180002850 f i Cooking.obj
 0001:00001890       ?memSet@intrinsics@physx@@YAPEAXPEAXH_K@Z 0000000180002890 f i Cooking.obj
 0001:000018c0       ?moveFrom@AABBTreeBounds@Gu@physx@@QEAAXAEAV123@@Z 00000001800028c0 f i Cooking.obj
 0001:000018f0       ?name@type_info@@QEBAPEBDXZ 00000001800028f0 f i Cooking.obj
 0001:00001920       ?ownsMemory@AABBTreeBounds@Gu@physx@@QEBA_NXZ 0000000180002920 f i Cooking.obj
 0001:00001950       ?recreate@?$PxArray@USlab@NodeAllocator@Gu@physx@@V?$PxReflectionAllocator@USlab@NodeAllocator@Gu@physx@@@4@@physx@@IEAAXI@Z 0000000180002950 f i Cooking.obj
 0001:00001a60       ?reserve@?$PxArray@USlab@NodeAllocator@Gu@physx@@V?$PxReflectionAllocator@USlab@NodeAllocator@Gu@physx@@@4@@physx@@QEAAXI@Z 0000000180002a60 f i Cooking.obj
 0001:00001a90       ?reset@AABBTreeBuildParams@Gu@physx@@QEAAXXZ 0000000180002a90 f i Cooking.obj
 0001:00001b00       ?setBounds@AABBTreeBounds@Gu@physx@@QEAAXPEAVPxBounds3@3@@Z 0000000180002b00 f i Cooking.obj
 0001:00001b30       ?setNbRunTimePrimitives@AABBTreeBuildNode@Gu@physx@@QEAAXI@Z 0000000180002b30 f i Cooking.obj
 0001:00001b50       ?size@?$PxArray@USlab@NodeAllocator@Gu@physx@@V?$PxReflectionAllocator@USlab@NodeAllocator@Gu@physx@@@4@@physx@@QEBAIXZ 0000000180002b50 f i Cooking.obj
 0001:00001b60       ?takeOwnership@AABBTreeBounds@Gu@physx@@QEAAXXZ 0000000180002b60 f i Cooking.obj
 0001:00001b80       PxSetPhysXCookingDelayLoadHook 0000000180002b80 f   WindowsCookingDelayLoadHook.obj
 0001:00001ba0       ?cookingDelayHook@@YAP6A_JXZIPEAUDelayLoadInfo@@@Z 0000000180002ba0 f   WindowsCookingDelayLoadHook.obj
 0001:00001c20       ?loadLibrary@Cm@physx@@YAPEAUHINSTANCE__@@PEBD@Z 0000000180002c20 f i WindowsCookingDelayLoadHook.obj
 0001:00001c40       ?physXCommonDliNotePreLoadLibrary@Cm@physx@@YAP6A_JXZPEBDPEBVPxDelayLoadHook@2@@Z 0000000180002c40 f i WindowsCookingDelayLoadHook.obj
 0001:00001ccb       getInsertionCallback       0000000180002ccb f   PhysXCommon_64:PhysXCommon_64.dll
 0001:00001cd1       __tailMerge_physxcommon_64_dll 0000000180002cd1     PhysXCommon_64:PhysXCommon_64.dll
 0001:00001d4a       __imp_load_getInsertionCallback 0000000180002d4a f   PhysXCommon_64:PhysXCommon_64.dll
 0001:00001d56       cookBVH                    0000000180002d56 f   PhysXCommon_64:PhysXCommon_64.dll
 0001:00001d5c       __imp_load_cookBVH         0000000180002d5c f   PhysXCommon_64:PhysXCommon_64.dll
 0001:00001d68       createBVH                  0000000180002d68 f   PhysXCommon_64:PhysXCommon_64.dll
 0001:00001d6e       __imp_load_createBVH       0000000180002d6e f   PhysXCommon_64:PhysXCommon_64.dll
 0001:00001d7a       cookHeightField            0000000180002d7a f   PhysXCommon_64:PhysXCommon_64.dll
 0001:00001d80       __imp_load_cookHeightField 0000000180002d80 f   PhysXCommon_64:PhysXCommon_64.dll
 0001:00001d8c       createHeightField          0000000180002d8c f   PhysXCommon_64:PhysXCommon_64.dll
 0001:00001d92       __imp_load_createHeightField 0000000180002d92 f   PhysXCommon_64:PhysXCommon_64.dll
 0001:00001d9e       cookConvexMesh             0000000180002d9e f   PhysXCommon_64:PhysXCommon_64.dll
 0001:00001da4       __imp_load_cookConvexMesh  0000000180002da4 f   PhysXCommon_64:PhysXCommon_64.dll
 0001:00001db0       createConvexMesh           0000000180002db0 f   PhysXCommon_64:PhysXCommon_64.dll
 0001:00001db6       __imp_load_createConvexMesh 0000000180002db6 f   PhysXCommon_64:PhysXCommon_64.dll
 0001:00001dc2       validateConvexMesh         0000000180002dc2 f   PhysXCommon_64:PhysXCommon_64.dll
 0001:00001dc8       __imp_load_validateConvexMesh 0000000180002dc8 f   PhysXCommon_64:PhysXCommon_64.dll
 0001:00001dd4       computeHullPolygons        0000000180002dd4 f   PhysXCommon_64:PhysXCommon_64.dll
 0001:00001dda       __imp_load_computeHullPolygons 0000000180002dda f   PhysXCommon_64:PhysXCommon_64.dll
 0001:00001de6       validateTriangleMesh       0000000180002de6 f   PhysXCommon_64:PhysXCommon_64.dll
 0001:00001dec       __imp_load_validateTriangleMesh 0000000180002dec f   PhysXCommon_64:PhysXCommon_64.dll
 0001:00001df8       createTriangleMesh         0000000180002df8 f   PhysXCommon_64:PhysXCommon_64.dll
 0001:00001dfe       __imp_load_createTriangleMesh 0000000180002dfe f   PhysXCommon_64:PhysXCommon_64.dll
 0001:00001e0a       cookTriangleMesh           0000000180002e0a f   PhysXCommon_64:PhysXCommon_64.dll
 0001:00001e10       __imp_load_cookTriangleMesh 0000000180002e10 f   PhysXCommon_64:PhysXCommon_64.dll
 0001:00001e1c       cookTetrahedronMesh        0000000180002e1c f   PhysXCommon_64:PhysXCommon_64.dll
 0001:00001e22       __imp_load_cookTetrahedronMesh 0000000180002e22 f   PhysXCommon_64:PhysXCommon_64.dll
 0001:00001e2e       createTetrahedronMesh      0000000180002e2e f   PhysXCommon_64:PhysXCommon_64.dll
 0001:00001e34       __imp_load_createTetrahedronMesh 0000000180002e34 f   PhysXCommon_64:PhysXCommon_64.dll
 0001:00001e40       cookDeformableVolumeMesh   0000000180002e40 f   PhysXCommon_64:PhysXCommon_64.dll
 0001:00001e46       __imp_load_cookDeformableVolumeMesh 0000000180002e46 f   PhysXCommon_64:PhysXCommon_64.dll
 0001:00001e52       createDeformableVolumeMesh 0000000180002e52 f   PhysXCommon_64:PhysXCommon_64.dll
 0001:00001e58       __imp_load_createDeformableVolumeMesh 0000000180002e58 f   PhysXCommon_64:PhysXCommon_64.dll
 0001:00001e64       computeModelsMapping       0000000180002e64 f   PhysXCommon_64:PhysXCommon_64.dll
 0001:00001e6a       __imp_load_computeModelsMapping 0000000180002e6a f   PhysXCommon_64:PhysXCommon_64.dll
 0001:00001e76       computeCollisionData       0000000180002e76 f   PhysXCommon_64:PhysXCommon_64.dll
 0001:00001e7c       __imp_load_computeCollisionData 0000000180002e7c f   PhysXCommon_64:PhysXCommon_64.dll
 0001:00001e88       computeSimulationData      0000000180002e88 f   PhysXCommon_64:PhysXCommon_64.dll
 0001:00001e8e       __imp_load_computeSimulationData 0000000180002e8e f   PhysXCommon_64:PhysXCommon_64.dll
 0001:00001e9a       assembleDeformableVolumeMesh 0000000180002e9a f   PhysXCommon_64:PhysXCommon_64.dll
 0001:00001ea0       __imp_load_assembleDeformableVolumeMesh 0000000180002ea0 f   PhysXCommon_64:PhysXCommon_64.dll
 0001:00001eac       ?release@AABBTreeBounds@Gu@physx@@QEAAXXZ 0000000180002eac f   PhysXCommon_64:PhysXCommon_64.dll
 0001:00001eb2       __imp_load_?release@AABBTreeBounds@Gu@physx@@QEAAXXZ 0000000180002eb2 f   PhysXCommon_64:PhysXCommon_64.dll
 0001:00001ebe       ??0BVH@Gu@physx@@QEAA@AEBUPxBVHInternalData@2@@Z 0000000180002ebe f   PhysXCommon_64:PhysXCommon_64.dll
 0001:00001ec4       __imp_load_??0BVH@Gu@physx@@QEAA@AEBUPxBVHInternalData@2@@Z 0000000180002ec4 f   PhysXCommon_64:PhysXCommon_64.dll
 0001:00001ed0       ??0BV4TriangleMesh@Gu@physx@@QEAA@AEBUPxTriangleMeshInternalData@2@@Z 0000000180002ed0 f   PhysXCommon_64:PhysXCommon_64.dll
 0001:00001ed6       __imp_load_??0BV4TriangleMesh@Gu@physx@@QEAA@AEBUPxTriangleMeshInternalData@2@@Z 0000000180002ed6 f   PhysXCommon_64:PhysXCommon_64.dll
 0001:00001ee2       ?PxAssert@physx@@YAXPEBD0HAEA_N@Z 0000000180002ee2 f   PhysXFoundation_64:PhysXFoundation_64.dll
 0001:00001ee8       __tailMerge_physxfoundation_64_dll 0000000180002ee8     PhysXFoundation_64:PhysXFoundation_64.dll
 0001:00001f61       __imp_load_?PxAssert@physx@@YAXPEBD0HAEA_N@Z 0000000180002f61 f   PhysXFoundation_64:PhysXFoundation_64.dll
 0001:00001f6d       PxGetBroadcastAllocator    0000000180002f6d f   PhysXFoundation_64:PhysXFoundation_64.dll
 0001:00001f73       __imp_load_PxGetBroadcastAllocator 0000000180002f73 f   PhysXFoundation_64:PhysXFoundation_64.dll
 0001:00001f7f       LoadLibraryA               0000000180002f7f f   kernel32:KERNEL32.dll
 0001:00001f88       ??$PFromRva@PEAP6A_JXZ@@YAPEAP6A_JXZK@Z 0000000180002f88 f i Delayimp:delayhlp.obj
 0001:00001f98       ??$PFromRva@PEAPEAUHINSTANCE__@@@@YAPEAPEAUHINSTANCE__@@K@Z 0000000180002f98 f i Delayimp:delayhlp.obj
 0001:00001fa8       ??$PFromRva@PEAU_IMAGE_IMPORT_BY_NAME@@@@YAPEAU_IMAGE_IMPORT_BY_NAME@@K@Z 0000000180002fa8 f i Delayimp:delayhlp.obj
 0001:00001fb8       ??$PFromRva@PEAU_IMAGE_THUNK_DATA64@@@@YAPEAU_IMAGE_THUNK_DATA64@@K@Z 0000000180002fb8 f i Delayimp:delayhlp.obj
 0001:00001fc8       ??$PFromRva@PEBD@@YAPEBDK@Z 0000000180002fc8 f i Delayimp:delayhlp.obj
 0001:00001fd8       ??$PFromRva@PEBUImgDelayDescr@@@@YAPEBUImgDelayDescr@@K@Z 0000000180002fd8 f i Delayimp:delayhlp.obj
 0001:00001fe8       ??$PFromRva@PEBU_IMAGE_THUNK_DATA64@@@@YAPEBU_IMAGE_THUNK_DATA64@@K@Z 0000000180002fe8 f i Delayimp:delayhlp.obj
 0001:00001ff8       ?CountOfImports@@YAIPEBU_IMAGE_THUNK_DATA64@@@Z 0000000180002ff8 f i Delayimp:delayhlp.obj
 0001:0000200c       ?DloadAcquireSectionWriteAccess@@YAXXZ 000000018000300c f i Delayimp:delayhlp.obj
 0001:000020b8       ?DloadGetSRWLockFunctionPointers@@YAEXZ 00000001800030b8 f i Delayimp:delayhlp.obj
 0001:00002158       ?DloadLock@@YAXXZ          0000000180003158 f i Delayimp:delayhlp.obj
 0001:000021a0       ?DloadMakePermanentImageCommit@@YAXPEAX_K@Z 00000001800031a0 f i Delayimp:delayhlp.obj
 0001:00002238       ?DloadObtainSection@@YAPEAXPEAK0@Z 0000000180003238 f i Delayimp:delayhlp.obj
 0001:000022d4       ?DloadProtectSection@@YAXKPEAK@Z 00000001800032d4 f i Delayimp:delayhlp.obj
 0001:00002364       ?DloadReleaseSectionWriteAccess@@YAXXZ 0000000180003364 f i Delayimp:delayhlp.obj
 0001:000023f8       ?DloadUnlock@@YAXXZ        00000001800033f8 f i Delayimp:delayhlp.obj
 0001:00002438       ?IndexFromPImgThunkData@@YAIPEBU_IMAGE_THUNK_DATA64@@0@Z 0000000180003438 f i Delayimp:delayhlp.obj
 0001:00002580       HRESULT_FROM_WIN32         0000000180003580 f i Delayimp:delayhlp.obj
 0001:00002590       ReadAcquire64              0000000180003590 f i Delayimp:delayhlp.obj
 0001:00002594       ReadPointerAcquire         0000000180003594 f i Delayimp:delayhlp.obj
 0001:00002598       WritePointerRelease        0000000180003598 f i Delayimp:delayhlp.obj
 0001:0000259c       WriteRelease64             000000018000359c f i Delayimp:delayhlp.obj
 0001:000025a0       __FUnloadDelayLoadedDLL2   00000001800035a0 f   Delayimp:delayhlp.obj
 0001:0000265c       __HrLoadAllImportsForDll   000000018000365c f   Delayimp:delayhlp.obj
 0001:000026d0       __delayLoadHelper2         00000001800036d0 f   Delayimp:delayhlp.obj
 0001:000029b0       ??3@YAXPEAX@Z              00000001800039b0 f   MSVCRTD:delete_scalar.obj
 0001:000029d0       ??3@YAXPEAX_K@Z            00000001800039d0 f   MSVCRTD:delete_scalar_size.obj
 0001:000029f0       ??_V@YAXPEAX@Z             00000001800039f0 f   MSVCRTD:delete_array.obj
 0001:00002a10       ??_V@YAXPEAX_K@Z           0000000180003a10 f   MSVCRTD:delete_array_size.obj
 0001:00002a30       _CRT_RTC_INIT              0000000180003a30 f   MSVCRTD:init.obj
 0001:00002a40       _CRT_RTC_INITW             0000000180003a40 f   MSVCRTD:init.obj
 0001:00002a50       _RTC_InitBase              0000000180003a50 f   MSVCRTD:init.obj
 0001:00002a90       _RTC_Shutdown              0000000180003a90 f   MSVCRTD:init.obj
 0001:00002ac0       ??1type_info@@UEAA@XZ      0000000180003ac0 f   MSVCRTD:std_type_info_static.obj
 0001:00002ae0       ??_Etype_info@@UEAAPEAXI@Z 0000000180003ae0 f i MSVCRTD:std_type_info_static.obj
 0001:00002ae0       ??_Gtype_info@@UEAAPEAXI@Z 0000000180003ae0 f i MSVCRTD:std_type_info_static.obj
 0001:00002b20       ?__scrt_initialize_type_info@@YAXXZ 0000000180003b20 f   MSVCRTD:tncleanup.obj
 0001:00002b40       ?__scrt_uninitialize_type_info@@YAXXZ 0000000180003b40 f   MSVCRTD:tncleanup.obj
 0001:00002f70       _CRT_INIT                  0000000180003f70 f   MSVCRTD:dll_dllmain.obj
 0001:00002fa0       _DllMainCRTStartup         0000000180003fa0 f   MSVCRTD:dll_dllmain.obj
 0001:00002fe0       _guard_check_icall_nop     0000000180003fe0 f i MSVCRTD:guard_support.obj
 0001:00002ff0       ReadNoFence64              0000000180003ff0 f i MSVCRTD:guard_support.obj
 0001:00003010       ReadPointerNoFence         0000000180004010 f i MSVCRTD:guard_support.obj
 0001:00003030       __castguard_check_failure_debugbreak 0000000180004030 f i MSVCRTD:guard_support.obj
 0001:00003050       __castguard_check_failure_fastfail 0000000180004050 f i MSVCRTD:guard_support.obj
 0001:00003080       __castguard_check_failure_nop 0000000180004080 f i MSVCRTD:guard_support.obj
 0001:00003090       __castguard_check_failure_os_handled 0000000180004090 f i MSVCRTD:guard_support.obj
 0001:000030f0       __castguard_check_failure_user_handled 00000001800040f0 f i MSVCRTD:guard_support.obj
 0001:000031e0       __castguard_set_user_handler 00000001800041e0 f i MSVCRTD:guard_support.obj
 0001:00003210       __castguard_slow_path_check_debugbreak 0000000180004210 f i MSVCRTD:guard_support.obj
 0001:00003250       __castguard_slow_path_check_fastfail 0000000180004250 f i MSVCRTD:guard_support.obj
 0001:000032a0       __castguard_slow_path_check_nop 00000001800042a0 f i MSVCRTD:guard_support.obj
 0001:000032b0       __castguard_slow_path_check_os_handled 00000001800042b0 f i MSVCRTD:guard_support.obj
 0001:00003300       __castguard_slow_path_check_user_handled 0000000180004300 f i MSVCRTD:guard_support.obj
 0001:000033c0       _guard_icall_checks_enforced 00000001800043c0 f i MSVCRTD:guard_support.obj
 0001:00003400       _guard_rf_checks_enforced  0000000180004400 f i MSVCRTD:guard_support.obj
 0001:00003410       ?_RTC_GetErrorFunc@@YAP6AHHPEBDH00ZZPEBX@Z 0000000180004410 f   MSVCRTD:userapi.obj
 0001:00003420       ?_RTC_GetErrorFuncW@@YAP6AHHPEB_WH00ZZPEBX@Z 0000000180004420 f   MSVCRTD:userapi.obj
 0001:00003430       _RTC_GetErrDesc            0000000180004430 f   MSVCRTD:userapi.obj
 0001:00003450       _RTC_NumErrors             0000000180004450 f   MSVCRTD:userapi.obj
 0001:00003460       _RTC_SetErrorFunc          0000000180004460 f   MSVCRTD:userapi.obj
 0001:00003480       _RTC_SetErrorFuncW         0000000180004480 f   MSVCRTD:userapi.obj
 0001:000034a0       _RTC_SetErrorType          00000001800044a0 f   MSVCRTD:userapi.obj
 0001:00003580       __security_init_cookie     0000000180004580 f   MSVCRTD:gs_support.obj
 0001:00003600       DllMain                    0000000180004600 f   MSVCRTD:dll_dllmain_stub.obj
 0001:00003640       __local_stdio_printf_options 0000000180004640 f i MSVCRTD:default_local_stdio_options.obj
 0001:00003650       __local_stdio_scanf_options 0000000180004650 f i MSVCRTD:default_local_stdio_options.obj
 0001:00003660       __scrt_initialize_default_local_stdio_options 0000000180004660 f   MSVCRTD:default_local_stdio_options.obj
 0001:000036b0       ?configure_argv@__scrt_narrow_argv_policy@@SAHXZ 00000001800046b0 f i MSVCRTD:utility.obj
 0001:000037a0       ?initialize_environment@__scrt_narrow_environment_policy@@SAHXZ 00000001800047a0 f i MSVCRTD:utility.obj
 0001:00003840       NtCurrentTeb               0000000180004840 f i MSVCRTD:utility.obj
 0001:00003850       __scrt_acquire_startup_lock 0000000180004850 f   MSVCRTD:utility.obj
 0001:000038c0       __scrt_dllmain_after_initialize_c 00000001800048c0 f   MSVCRTD:utility.obj
 0001:000038f0       __scrt_dllmain_before_initialize_c 00000001800048f0 f   MSVCRTD:utility.obj
 0001:00003910       __scrt_dllmain_crt_thread_attach 0000000180004910 f   MSVCRTD:utility.obj
 0001:00003940       __scrt_dllmain_crt_thread_detach 0000000180004940 f   MSVCRTD:utility.obj
 0001:00003960       __scrt_dllmain_exception_filter 0000000180004960 f   MSVCRTD:utility.obj
 0001:000039d0       __scrt_dllmain_uninitialize_c 00000001800049d0 f   MSVCRTD:utility.obj
 0001:00003a00       __scrt_dllmain_uninitialize_critical 0000000180004a00 f   MSVCRTD:utility.obj
 0001:00003a20       __scrt_initialize_crt      0000000180004a20 f   MSVCRTD:utility.obj
 0001:00003a70       __scrt_initialize_onexit_tables 0000000180004a70 f   MSVCRTD:utility.obj
 0001:00003b80       __scrt_is_nonwritable_in_current_image 0000000180004b80 f   MSVCRTD:utility.obj
 0001:00003c10       __scrt_release_startup_lock 0000000180004c10 f   MSVCRTD:utility.obj
 0001:00003c40       __scrt_uninitialize_crt    0000000180004c40 f   MSVCRTD:utility.obj
 0001:00003c80       _onexit                    0000000180004c80 f   MSVCRTD:utility.obj
 0001:00003d00       at_quick_exit              0000000180004d00 f   MSVCRTD:utility.obj
 0001:00003d50       atexit                     0000000180004d50 f   MSVCRTD:utility.obj
 0001:00003d90       __scrt_get_dyn_tls_init_callback 0000000180004d90 f   MSVCRTD:dyn_tls_init.obj
 0001:00003da0       __crt_debugger_hook        0000000180004da0 f   MSVCRTD:utility_desktop.obj
 0001:00003db0       __scrt_fastfail            0000000180004db0 f   MSVCRTD:utility_desktop.obj
 0001:00003f50       __scrt_get_show_window_mode 0000000180004f50 f   MSVCRTD:utility_desktop.obj
 0001:00003fb0       __scrt_initialize_mta      0000000180004fb0 f   MSVCRTD:utility_desktop.obj
 0001:00003fc0       __scrt_initialize_winrt    0000000180004fc0 f   MSVCRTD:utility_desktop.obj
 0001:00003fd0       __scrt_is_managed_app      0000000180004fd0 f   MSVCRTD:utility_desktop.obj
 0001:00004080       __scrt_set_unhandled_exception_filter 0000000180005080 f   MSVCRTD:utility_desktop.obj
 0001:000040a0       __scrt_exe_initialize_mta  00000001800050a0 f   MSVCRTD:utility_desktop.obj
 0001:000040a0       __scrt_stub_for_initialize_mta 00000001800050a0 f   MSVCRTD:utility_desktop.obj
 0001:000040b0       __scrt_unhandled_exception_filter 00000001800050b0 f   MSVCRTD:utility_desktop.obj
 0001:00004150       _RTC_Initialize            0000000180005150 f   MSVCRTD:initsect.obj
 0001:000041a0       _RTC_Terminate             00000001800051a0 f   MSVCRTD:initsect.obj
 0001:00004280       ?_RTC_AllocaFailure@@YAXPEAXPEAU_RTC_ALLOCA_NODE@@H@Z 0000000180005280 f   MSVCRTD:error.obj
 0001:000043e0       ?_RTC_Failure@@YAXPEAXH@Z  00000001800053e0 f   MSVCRTD:error.obj
 0001:00004430       ?_RTC_StackFailure@@YAXPEAXPEBD@Z 0000000180005430 f   MSVCRTD:error.obj
 0001:00004860       _RTC_UninitUse             0000000180005860 f   MSVCRTD:error.obj
 0001:00004930       _vsprintf_s_l              0000000180005930 f i MSVCRTD:error.obj
 0001:000049a0       sprintf_s                  00000001800059a0 f i MSVCRTD:error.obj
 0001:000049d0       __isa_available_init       00000001800059d0 f   MSVCRTD:cpu_disp.obj
 0001:00004d80       _get_startup_argv_mode     0000000180005d80 f   MSVCRTD:argv_mode.obj
 0001:00004d90       __scrt_is_ucrt_dll_in_use  0000000180005d90 f   MSVCRTD:ucrt_detection.obj
 0001:000052d0       ?_RTC_GetSrcLine@@YAHPEAEPEA_WKPEAH1K@Z 00000001800062d0 f   MSVCRTD:pdblkup.obj
 0001:000056a0       __GSHandlerCheck           00000001800066a0 f   MSVCRTD:gshandler.obj
 0001:000056e0       __GSHandlerCheckCommon     00000001800066e0 f   MSVCRTD:gshandler.obj
 0001:000057f0       __security_check_cookie    00000001800067f0 f   MSVCRTD:amdsecgs.obj
 0001:00005810       __raise_securityfailure    0000000180006810 f   MSVCRTD:gs_report.obj
 0001:00005850       __report_gsfailure         0000000180006850 f   MSVCRTD:gs_report.obj
 0001:00005930       __report_rangecheckfailure 0000000180006930 f   MSVCRTD:gs_report.obj
 0001:00005950       __report_securityfailure   0000000180006950 f   MSVCRTD:gs_report.obj
 0001:000059f0       __report_securityfailureEx 00000001800069f0 f   MSVCRTD:gs_report.obj
 0001:00005c52       _purecall                  0000000180006c52 f   vcruntimed:VCRUNTIME140D.dll
 0001:00005c58       memset                     0000000180006c58 f   vcruntimed:VCRUNTIME140D.dll
 0001:00005c5e       __std_type_info_name       0000000180006c5e f   vcruntimed:VCRUNTIME140D.dll
 0001:00005c64       strstr                     0000000180006c64 f   vcruntimed:VCRUNTIME140D.dll
 0001:00005c6a       __std_type_info_destroy_list 0000000180006c6a f   vcruntimed:VCRUNTIME140D.dll
 0001:00005c70       __C_specific_handler       0000000180006c70 f   vcruntimed:VCRUNTIME140D.dll
 0001:00005c76       __current_exception        0000000180006c76 f   vcruntimed:VCRUNTIME140D.dll
 0001:00005c7c       __current_exception_context 0000000180006c7c f   vcruntimed:VCRUNTIME140D.dll
 0001:00005c82       __C_specific_handler_noexcept 0000000180006c82 f   vcruntimed:VCRUNTIME140D.dll
 0001:00005c88       __vcrt_GetModuleFileNameW  0000000180006c88 f   vcruntimed:VCRUNTIME140D.dll
 0001:00005c8e       __vcrt_GetModuleHandleW    0000000180006c8e f   vcruntimed:VCRUNTIME140D.dll
 0001:00005c94       __vcrt_LoadLibraryExW      0000000180006c94 f   vcruntimed:VCRUNTIME140D.dll
 0001:00005c9a       memcpy                     0000000180006c9a f   vcruntimed:VCRUNTIME140D.dll
 0001:00005ca0       _free_dbg                  0000000180006ca0 f   ucrtd:ucrtbased.dll
 0001:00005ca6       _CrtDbgReport              0000000180006ca6 f   ucrtd:ucrtbased.dll
 0001:00005cac       _CrtDbgReportW             0000000180006cac f   ucrtd:ucrtbased.dll
 0001:00005cb2       _initterm                  0000000180006cb2 f   ucrtd:ucrtbased.dll
 0001:00005cb8       _initterm_e                0000000180006cb8 f   ucrtd:ucrtbased.dll
 0001:00005cbe       _seh_filter_dll            0000000180006cbe f   ucrtd:ucrtbased.dll
 0001:00005cc4       _configure_narrow_argv     0000000180006cc4 f   ucrtd:ucrtbased.dll
 0001:00005cca       _initialize_narrow_environment 0000000180006cca f   ucrtd:ucrtbased.dll
 0001:00005cd0       _initialize_onexit_table   0000000180006cd0 f   ucrtd:ucrtbased.dll
 0001:00005cd6       _register_onexit_function  0000000180006cd6 f   ucrtd:ucrtbased.dll
 0001:00005cdc       _execute_onexit_table      0000000180006cdc f   ucrtd:ucrtbased.dll
 0001:00005ce2       _crt_atexit                0000000180006ce2 f   ucrtd:ucrtbased.dll
 0001:00005ce8       _crt_at_quick_exit         0000000180006ce8 f   ucrtd:ucrtbased.dll
 0001:00005cee       _cexit                     0000000180006cee f   ucrtd:ucrtbased.dll
 0001:00005cf4       terminate                  0000000180006cf4 f   ucrtd:ucrtbased.dll
 0001:00005cfa       strcpy_s                   0000000180006cfa f   ucrtd:ucrtbased.dll
 0001:00005d00       strcat_s                   0000000180006d00 f   ucrtd:ucrtbased.dll
 0001:00005d06       __stdio_common_vsprintf_s  0000000180006d06 f   ucrtd:ucrtbased.dll
 0001:00005d0c       _wmakepath_s               0000000180006d0c f   ucrtd:ucrtbased.dll
 0001:00005d12       _wsplitpath_s              0000000180006d12 f   ucrtd:ucrtbased.dll
 0001:00005d18       wcscpy_s                   0000000180006d18 f   ucrtd:ucrtbased.dll
 0001:00005d1e       RaiseException             0000000180006d1e f   kernel32:KERNEL32.dll
 0001:00005d24       GetLastError               0000000180006d24 f   kernel32:KERNEL32.dll
 0001:00005d2a       GetSystemInfo              0000000180006d2a f   kernel32:KERNEL32.dll
 0001:00005d30       VirtualProtect             0000000180006d30 f   kernel32:KERNEL32.dll
 0001:00005d36       VirtualQuery               0000000180006d36 f   kernel32:KERNEL32.dll
 0001:00005d3c       FreeLibrary                0000000180006d3c f   kernel32:KERNEL32.dll
 0001:00005d42       GetModuleHandleW           0000000180006d42 f   kernel32:KERNEL32.dll
 0001:00005d48       GetProcAddress             0000000180006d48 f   kernel32:KERNEL32.dll
 0001:00005d4e       LoadLibraryExA             0000000180006d4e f   kernel32:KERNEL32.dll
 0001:00005d54       InitializeSListHead        0000000180006d54 f   kernel32:KERNEL32.dll
 0001:00005d5a       QueryPerformanceCounter    0000000180006d5a f   kernel32:KERNEL32.dll
 0001:00005d60       GetCurrentProcessId        0000000180006d60 f   kernel32:KERNEL32.dll
 0001:00005d66       GetCurrentThreadId         0000000180006d66 f   kernel32:KERNEL32.dll
 0001:00005d6c       GetSystemTimeAsFileTime    0000000180006d6c f   kernel32:KERNEL32.dll
 0001:00005d72       DisableThreadLibraryCalls  0000000180006d72 f   kernel32:KERNEL32.dll
 0001:00005d78       RtlCaptureContext          0000000180006d78 f   kernel32:KERNEL32.dll
 0001:00005d7e       RtlLookupFunctionEntry     0000000180006d7e f   kernel32:KERNEL32.dll
 0001:00005d84       RtlVirtualUnwind           0000000180006d84 f   kernel32:KERNEL32.dll
 0001:00005d8a       IsDebuggerPresent          0000000180006d8a f   kernel32:KERNEL32.dll
 0001:00005d90       UnhandledExceptionFilter   0000000180006d90 f   kernel32:KERNEL32.dll
 0001:00005d96       SetUnhandledExceptionFilter 0000000180006d96 f   kernel32:KERNEL32.dll
 0001:00005d9c       GetStartupInfoW            0000000180006d9c f   kernel32:KERNEL32.dll
 0001:00005da2       IsProcessorFeaturePresent  0000000180006da2 f   kernel32:KERNEL32.dll
 0001:00005da8       MultiByteToWideChar        0000000180006da8 f   kernel32:KERNEL32.dll
 0001:00005dae       WideCharToMultiByte        0000000180006dae f   kernel32:KERNEL32.dll
 0001:00005db4       HeapAlloc                  0000000180006db4 f   kernel32:KERNEL32.dll
 0001:00005dba       HeapFree                   0000000180006dba f   kernel32:KERNEL32.dll
 0001:00005dc0       GetProcessHeap             0000000180006dc0 f   kernel32:KERNEL32.dll
 0001:00005dc6       GetCurrentProcess          0000000180006dc6 f   kernel32:KERNEL32.dll
 0001:00005dcc       TerminateProcess           0000000180006dcc f   kernel32:KERNEL32.dll
 0001:00005de0       __acrt_initialize          0000000180006de0 f   MSVCRTD:ucrt_stubs.obj
 0001:00005de0       __scrt_stub_for_acrt_initialize 0000000180006de0 f   MSVCRTD:ucrt_stubs.obj
 0001:00005de0       __vcrt_initialize          0000000180006de0 f   MSVCRTD:ucrt_stubs.obj
 0001:00005df0       __acrt_thread_attach       0000000180006df0 f   MSVCRTD:ucrt_stubs.obj
 0001:00005df0       __scrt_stub_for_acrt_thread_attach 0000000180006df0 f   MSVCRTD:ucrt_stubs.obj
 0001:00005df0       __vcrt_thread_attach       0000000180006df0 f   MSVCRTD:ucrt_stubs.obj
 0001:00005e00       __acrt_thread_detach       0000000180006e00 f   MSVCRTD:ucrt_stubs.obj
 0001:00005e00       __scrt_stub_for_acrt_thread_detach 0000000180006e00 f   MSVCRTD:ucrt_stubs.obj
 0001:00005e00       __vcrt_thread_detach       0000000180006e00 f   MSVCRTD:ucrt_stubs.obj
 0001:00005e10       __acrt_uninitialize        0000000180006e10 f   MSVCRTD:ucrt_stubs.obj
 0001:00005e10       __scrt_stub_for_acrt_uninitialize 0000000180006e10 f   MSVCRTD:ucrt_stubs.obj
 0001:00005e10       __vcrt_uninitialize        0000000180006e10 f   MSVCRTD:ucrt_stubs.obj
 0001:00005e20       __acrt_uninitialize_critical 0000000180006e20 f   MSVCRTD:ucrt_stubs.obj
 0001:00005e20       __scrt_stub_for_acrt_uninitialize_critical 0000000180006e20 f   MSVCRTD:ucrt_stubs.obj
 0001:00005e20       __vcrt_uninitialize_critical 0000000180006e20 f   MSVCRTD:ucrt_stubs.obj
 0001:00005e30       __scrt_stub_for_is_c_termination_complete 0000000180006e30 f   MSVCRTD:ucrt_stubs.obj
 0001:00005e30       _is_c_termination_complete 0000000180006e30 f   MSVCRTD:ucrt_stubs.obj
 0001:00005e50       _guard_dispatch_icall_nop  0000000180006e50 f   MSVCRTD:guard_dispatch.obj
 0001:00005e70       _guard_xfg_dispatch_icall_nop 0000000180006e70 f   MSVCRTD:guard_xfg_dispatch.obj
 0002:00000000       __imp_LoadLibraryA         0000000180007000     kernel32:KERNEL32.dll
 0002:00000008       __imp_GetCurrentProcess    0000000180007008     kernel32:KERNEL32.dll
 0002:00000010       __imp_GetProcessHeap       0000000180007010     kernel32:KERNEL32.dll
 0002:00000018       __imp_HeapFree             0000000180007018     kernel32:KERNEL32.dll
 0002:00000020       __imp_HeapAlloc            0000000180007020     kernel32:KERNEL32.dll
 0002:00000028       __imp_WideCharToMultiByte  0000000180007028     kernel32:KERNEL32.dll
 0002:00000030       __imp_MultiByteToWideChar  0000000180007030     kernel32:KERNEL32.dll
 0002:00000038       __imp_IsProcessorFeaturePresent 0000000180007038     kernel32:KERNEL32.dll
 0002:00000040       __imp_GetStartupInfoW      0000000180007040     kernel32:KERNEL32.dll
 0002:00000048       __imp_SetUnhandledExceptionFilter 0000000180007048     kernel32:KERNEL32.dll
 0002:00000050       __imp_UnhandledExceptionFilter 0000000180007050     kernel32:KERNEL32.dll
 0002:00000058       __imp_IsDebuggerPresent    0000000180007058     kernel32:KERNEL32.dll
 0002:00000060       __imp_RtlVirtualUnwind     0000000180007060     kernel32:KERNEL32.dll
 0002:00000068       __imp_RtlLookupFunctionEntry 0000000180007068     kernel32:KERNEL32.dll
 0002:00000070       __imp_RtlCaptureContext    0000000180007070     kernel32:KERNEL32.dll
 0002:00000078       __imp_DisableThreadLibraryCalls 0000000180007078     kernel32:KERNEL32.dll
 0002:00000080       __imp_GetSystemTimeAsFileTime 0000000180007080     kernel32:KERNEL32.dll
 0002:00000088       __imp_GetCurrentThreadId   0000000180007088     kernel32:KERNEL32.dll
 0002:00000090       __imp_GetCurrentProcessId  0000000180007090     kernel32:KERNEL32.dll
 0002:00000098       __imp_QueryPerformanceCounter 0000000180007098     kernel32:KERNEL32.dll
 0002:000000a0       __imp_InitializeSListHead  00000001800070a0     kernel32:KERNEL32.dll
 0002:000000a8       __imp_LoadLibraryExA       00000001800070a8     kernel32:KERNEL32.dll
 0002:000000b0       __imp_GetProcAddress       00000001800070b0     kernel32:KERNEL32.dll
 0002:000000b8       __imp_GetModuleHandleW     00000001800070b8     kernel32:KERNEL32.dll
 0002:000000c0       __imp_FreeLibrary          00000001800070c0     kernel32:KERNEL32.dll
 0002:000000c8       __imp_VirtualQuery         00000001800070c8     kernel32:KERNEL32.dll
 0002:000000d0       __imp_VirtualProtect       00000001800070d0     kernel32:KERNEL32.dll
 0002:000000d8       __imp_GetSystemInfo        00000001800070d8     kernel32:KERNEL32.dll
 0002:000000e0       __imp_GetLastError         00000001800070e0     kernel32:KERNEL32.dll
 0002:000000e8       __imp_RaiseException       00000001800070e8     kernel32:KERNEL32.dll
 0002:000000f0       __imp_TerminateProcess     00000001800070f0     kernel32:KERNEL32.dll
 0002:000000f8       \177KERNEL32_NULL_THUNK_DATA 00000001800070f8     kernel32:KERNEL32.dll
 0002:00000100       __imp_strstr               0000000180007100     vcruntimed:VCRUNTIME140D.dll
 0002:00000108       __imp___std_type_info_destroy_list 0000000180007108     vcruntimed:VCRUNTIME140D.dll
 0002:00000110       __imp___C_specific_handler 0000000180007110     vcruntimed:VCRUNTIME140D.dll
 0002:00000118       __imp___current_exception  0000000180007118     vcruntimed:VCRUNTIME140D.dll
 0002:00000120       __imp___std_type_info_name 0000000180007120     vcruntimed:VCRUNTIME140D.dll
 0002:00000128       __imp__purecall            0000000180007128     vcruntimed:VCRUNTIME140D.dll
 0002:00000130       __imp___current_exception_context 0000000180007130     vcruntimed:VCRUNTIME140D.dll
 0002:00000138       __imp___C_specific_handler_noexcept 0000000180007138     vcruntimed:VCRUNTIME140D.dll
 0002:00000140       __imp___vcrt_GetModuleFileNameW 0000000180007140     vcruntimed:VCRUNTIME140D.dll
 0002:00000148       __imp___vcrt_GetModuleHandleW 0000000180007148     vcruntimed:VCRUNTIME140D.dll
 0002:00000150       __imp___vcrt_LoadLibraryExW 0000000180007150     vcruntimed:VCRUNTIME140D.dll
 0002:00000158       __imp_memcpy               0000000180007158     vcruntimed:VCRUNTIME140D.dll
 0002:00000160       __imp_memset               0000000180007160     vcruntimed:VCRUNTIME140D.dll
 0002:00000168       \177VCRUNTIME140D_NULL_THUNK_DATA 0000000180007168     vcruntimed:VCRUNTIME140D.dll
 0002:00000170       __imp__initterm_e          0000000180007170     ucrtd:ucrtbased.dll
 0002:00000178       __imp__initialize_narrow_environment 0000000180007178     ucrtd:ucrtbased.dll
 0002:00000180       __imp__CrtDbgReportW       0000000180007180     ucrtd:ucrtbased.dll
 0002:00000188       __imp__CrtDbgReport        0000000180007188     ucrtd:ucrtbased.dll
 0002:00000190       __imp__free_dbg            0000000180007190     ucrtd:ucrtbased.dll
 0002:00000198       __imp__seh_filter_dll      0000000180007198     ucrtd:ucrtbased.dll
 0002:000001a0       __imp__configure_narrow_argv 00000001800071a0     ucrtd:ucrtbased.dll
 0002:000001a8       __imp__initialize_onexit_table 00000001800071a8     ucrtd:ucrtbased.dll
 0002:000001b0       __imp__register_onexit_function 00000001800071b0     ucrtd:ucrtbased.dll
 0002:000001b8       __imp__execute_onexit_table 00000001800071b8     ucrtd:ucrtbased.dll
 0002:000001c0       __imp__crt_atexit          00000001800071c0     ucrtd:ucrtbased.dll
 0002:000001c8       __imp__crt_at_quick_exit   00000001800071c8     ucrtd:ucrtbased.dll
 0002:000001d0       __imp__cexit               00000001800071d0     ucrtd:ucrtbased.dll
 0002:000001d8       __imp_wcscpy_s             00000001800071d8     ucrtd:ucrtbased.dll
 0002:000001e0       __imp__wsplitpath_s        00000001800071e0     ucrtd:ucrtbased.dll
 0002:000001e8       __imp_terminate            00000001800071e8     ucrtd:ucrtbased.dll
 0002:000001f0       __imp___stdio_common_vsprintf_s 00000001800071f0     ucrtd:ucrtbased.dll
 0002:000001f8       __imp_strcat_s             00000001800071f8     ucrtd:ucrtbased.dll
 0002:00000200       __imp__initterm            0000000180007200     ucrtd:ucrtbased.dll
 0002:00000208       __imp_strcpy_s             0000000180007208     ucrtd:ucrtbased.dll
 0002:00000210       __imp__wmakepath_s         0000000180007210     ucrtd:ucrtbased.dll
 0002:00000218       \177ucrtbased_NULL_THUNK_DATA 0000000180007218     ucrtd:ucrtbased.dll
 0002:00000220       __guard_check_icall_fptr   0000000180007220     MSVCRTD:guard_support.obj
 0002:00000228       __guard_xfg_check_icall_fptr 0000000180007228     MSVCRTD:guard_support.obj
 0002:00000230       __guard_dispatch_icall_fptr 0000000180007230     MSVCRTD:guard_support.obj
 0002:00000238       __guard_xfg_dispatch_icall_fptr 0000000180007238     MSVCRTD:guard_support.obj
 0002:00000240       __guard_xfg_table_dispatch_icall_fptr 0000000180007240     MSVCRTD:guard_support.obj
 0002:00000248       __castguard_check_failure_os_handled_fptr 0000000180007248     MSVCRTD:guard_support.obj
 0002:00000250       __guard_memcpy_fptr        0000000180007250     vcruntimed:softmemtag.obj
 0002:00000258       __xc_a                     0000000180007258     MSVCRTD:initializers.obj
 0002:00000290       __xc_z                     0000000180007290     MSVCRTD:initializers.obj
 0002:00000298       __xi_a                     0000000180007298     MSVCRTD:initializers.obj
 0002:000002a0       __xi_z                     00000001800072a0     MSVCRTD:initializers.obj
 0002:000002a8       __xp_a                     00000001800072a8     MSVCRTD:initializers.obj
 0002:000002b0       __xp_z                     00000001800072b0     MSVCRTD:initializers.obj
 0002:000002b8       __xt_a                     00000001800072b8     MSVCRTD:initializers.obj
 0002:000002c0       __xt_z                     00000001800072c0     MSVCRTD:initializers.obj
 0002:000002f0       ?g_PXSinCoefficients0@aos@physx@@3UPX_VECTORF32@12@B 00000001800072f0     Cooking.obj
 0002:00000300       ?g_PXSinCoefficients1@aos@physx@@3UPX_VECTORF32@12@B 0000000180007300     Cooking.obj
 0002:00000310       ?g_PXSinCoefficients2@aos@physx@@3UPX_VECTORF32@12@B 0000000180007310     Cooking.obj
 0002:00000320       ?g_PXCosCoefficients0@aos@physx@@3UPX_VECTORF32@12@B 0000000180007320     Cooking.obj
 0002:00000330       ?g_PXCosCoefficients1@aos@physx@@3UPX_VECTORF32@12@B 0000000180007330     Cooking.obj
 0002:00000340       ?g_PXCosCoefficients2@aos@physx@@3UPX_VECTORF32@12@B 0000000180007340     Cooking.obj
 0002:00000350       ?g_PXReciprocalTwoPi@aos@physx@@3UPX_VECTORF32@12@B 0000000180007350     Cooking.obj
 0002:00000360       ?g_PXTwoPi@aos@physx@@3UPX_VECTORF32@12@B 0000000180007360     Cooking.obj
 0002:00000370       ??_7PxFoundation@physx@@6B@ 0000000180007370     Cooking.obj
 0002:000003e0       ??_C@_0EA@BNMKJEGN@D?3?2Projects?2PhysXRepo?2physx?2sou@ 00000001800073e0     Cooking.obj
 0002:00000420       ??_C@_0BM@OIFKLHDN@?$DMallocation?5names?5disabled?$DO@ 0000000180007420     Cooking.obj
 0002:00000440       ??_C@_0DJ@MKLDLIHF@D?3?2Projects?2PhysXRepo?2physx?2inc@ 0000000180007440     Cooking.obj
 0002:00000480       ??_C@_0BM@BMFMDKFG@this?9?$DOcapacity?$CI?$CJ?5?$DM?5capacity@ 0000000180007480     Cooking.obj
 0002:000004a0       ??_C@_0CP@CPGGIPKL@?$CI?$CBcapacity?$CJ?5?$HM?$HM?5?$CInewData?5?$CG?$CG?5?$CInew@ 00000001800074a0     Cooking.obj
 0002:000004d0       __real@3a83126f            00000001800074d0     Cooking.obj
 0002:000004d4       __real@ba83126f            00000001800074d4     Cooking.obj
 0002:000004d8       ??_C@_0BA@EGLNOO@PhysXFoundation@ 00000001800074d8     WindowsCookingDelayLoadHook.obj
 0002:000004e8       ??_C@_0M@ILKNCJKN@PhysXCommon@ 00000001800074e8     WindowsCookingDelayLoadHook.obj
 0002:00000500       __sz_PhysXCommon_64_dll    0000000180007500     PhysXCommon_64:PhysXCommon_64.dll
 0002:00000520       __sz_PhysXFoundation_64_dll 0000000180007520     PhysXFoundation_64:PhysXFoundation_64.dll
 0002:00000538       ??_C@_1BK@DBDEIDLH@?$AAK?$AAE?$AAR?$AAN?$AAE?$AAL?$AA3?$AA2?$AA?4?$AAD?$AAL?$AAL@ 0000000180007538     Delayimp:delayhlp.obj
 0002:00000558       ??_C@_0BI@OMNLIJDB@AcquireSRWLockExclusive@ 0000000180007558     Delayimp:delayhlp.obj
 0002:00000570       ??_C@_0BI@HMIEPCNJ@ReleaseSRWLockExclusive@ 0000000180007570     Delayimp:delayhlp.obj
 0002:00000588       __pfnDliFailureHook2       0000000180007588     Delayimp:delayhk1.obj
 0002:00000598       ??_7type_info@@6B@         0000000180007598     MSVCRTD:std_type_info_static.obj
 0002:000005a0       _pDefaultRawDllMain        00000001800075a0     MSVCRTD:dll_dllmain.obj
 0002:000005a0       _pRawDllMain               00000001800075a0     MSVCRTD:dll_dllmain.obj
 0002:000005b0       _load_config_used          00000001800075b0     MSVCRTD:loadcfg.obj
 0002:00000718       ??_C@_0BJ@HEGAHDFO@Stack?5pointer?5corruption@ 0000000180007718     MSVCRTD:userapi.obj
 0002:00000738       ??_C@_0CK@FEGOIOPB@Cast?5to?5smaller?5type?5causing?5lo@ 0000000180007738     MSVCRTD:userapi.obj
 0002:00000768       ??_C@_0BI@CIGMDCBH@Stack?5memory?5corruption@ 0000000180007768     MSVCRTD:userapi.obj
 0002:00000780       ??_C@_0CK@CNLNOEPB@Local?5variable?5used?5before?5init@ 0000000180007780     MSVCRTD:userapi.obj
 0002:000007b0       ??_C@_0BP@OGBCLIBO@Stack?5around?5_alloca?5corrupted@ 00000001800077b0     MSVCRTD:userapi.obj
 0002:00000890       ??_C@_0NN@JMPELKLB@The?5value?5of?5ESP?5was?5not?5proper@ 0000000180007890     MSVCRTD:error.obj
 0002:00000970       ??_C@_0BBN@ELNNILBE@A?5cast?5to?5a?5smaller?5data?5type?5h@ 0000000180007970     MSVCRTD:error.obj
 0002:00000a90       ??_C@_0BN@BPOGFMJL@Stack?5memory?5was?5corrupted?$AN?6@ 0000000180007a90     MSVCRTD:error.obj
 0002:00000ab0       ??_C@_0DG@DAJCDLPN@A?5local?5variable?5was?5used?5befor@ 0000000180007ab0     MSVCRTD:error.obj
 0002:00000ae8       ??_C@_0CM@JMIDGKLA@Stack?5memory?5around?5_alloca?5was@ 0000000180007ae8     MSVCRTD:error.obj
 0002:00000b18       ??_C@_0BO@CHIONIOI@Unknown?5Runtime?5Check?5Error?$AN?6@ 0000000180007b18     MSVCRTD:error.obj
 0002:00000b40       ??_C@_1GM@CNOOJIHC@?$AAR?$AAu?$AAn?$AAt?$AAi?$AAm?$AAe?$AA?5?$AAC?$AAh?$AAe?$AAc?$AAk?$AA?5?$AAE@ 0000000180007b40     MSVCRTD:error.obj
 0002:00000bb0       ??_C@_1EA@NFKNIFJP@?$AAR?$AAu?$AAn?$AA?9?$AAT?$AAi?$AAm?$AAe?$AA?5?$AAC?$AAh?$AAe?$AAc?$AAk?$AA?5@ 0000000180007bb0     MSVCRTD:error.obj
 0002:00000bf0       ??_C@_0BB@PFFGGCJP@Unknown?5Filename@ 0000000180007bf0     MSVCRTD:error.obj
 0002:00000c08       ??_C@_0BE@GNBOBNCK@Unknown?5Module?5Name@ 0000000180007c08     MSVCRTD:error.obj
 0002:00000c20       ??_C@_0CA@IODNCDPG@Run?9Time?5Check?5Failure?5?$CD?$CFd?5?9?5?$CFs@ 0000000180007c20     MSVCRTD:error.obj
 0002:00000c40       ??_C@_0CG@IAFNJNEE@Stack?5corrupted?5near?5unknown?5va@ 0000000180007c40     MSVCRTD:error.obj
 0002:00000c68       ??_C@_05MKKEDADM@?$CF?42X?5@ 0000000180007c68     MSVCRTD:error.obj
 0002:00000c70       ??_C@_0EJ@LJKNEOLN@Stack?5area?5around?5_alloca?5memor@ 0000000180007c70     MSVCRTD:error.obj
 0002:00000cbc       ??_C@_01EEMJAFIK@?6@       0000000180007cbc     MSVCRTD:error.obj
 0002:00000cc0       ??_C@_02LLMPMKNF@?$DO?5@   0000000180007cc0     MSVCRTD:error.obj
 0002:00000cc8       ??_C@_08OMAHNMHJ@?6Data?3?5?$DM@ 0000000180007cc8     MSVCRTD:error.obj
 0002:00000cd8       ??_C@_0CK@DKGBICFE@?6Allocation?5number?5within?5this?5@ 0000000180007cd8     MSVCRTD:error.obj
 0002:00000d08       ??_C@_07DFDJCKFN@?6Size?3?5@ 0000000180007d08     MSVCRTD:error.obj
 0002:00000d10       ??_C@_0N@MHFFIMFG@?6Address?3?50x@ 0000000180007d10     MSVCRTD:error.obj
 0002:00000d20       ??_C@_0EI@CLEPFNGI@Stack?5area?5around?5_alloca?5memor@ 0000000180007d20     MSVCRTD:error.obj
 0002:00000d68       ??_C@_0BK@ODNDAGKB@?$CFs?$CFs?$CFp?$CFs?$CFzd?$CFs?$CFd?$CFs?$CFs?$CFs?$CFs?$CFs@ 0000000180007d68     MSVCRTD:error.obj
 0002:00000d88       ??_C@_0DE@OHJBPMBP@A?5variable?5is?5being?5used?5withou@ 0000000180007d88     MSVCRTD:error.obj
 0002:00000e20       ??_C@_1EI@MLPKHBGE@?$AAa?$AAp?$AAi?$AA?9?$AAm?$AAs?$AA?9?$AAw?$AAi?$AAn?$AA?9?$AAc?$AAo?$AAr?$AAe@ 0000000180007e20     MSVCRTD:pdblkup.obj
 0002:00000e68       ??_C@_1BK@JHLNAEJL@?$AAa?$AAd?$AAv?$AAa?$AAp?$AAi?$AA3?$AA2?$AA?4?$AAd?$AAl?$AAl@ 0000000180007e68     MSVCRTD:pdblkup.obj
 0002:00000e88       ??_C@_0O@COHOBMLB@RegOpenKeyExW@ 0000000180007e88     MSVCRTD:pdblkup.obj
 0002:00000e98       ??_C@_0BB@GLNAEDBD@RegQueryValueExW@ 0000000180007e98     MSVCRTD:pdblkup.obj
 0002:00000eb0       ??_C@_0M@HLOHPNFA@RegCloseKey@ 0000000180007eb0     MSVCRTD:pdblkup.obj
 0002:00000ec0       ??_C@_1HE@EBEAGLFB@?$AAS?$AAO?$AAF?$AAT?$AAW?$AAA?$AAR?$AAE?$AA?2?$AAW?$AAo?$AAw?$AA6?$AA4?$AA3@ 0000000180007ec0     MSVCRTD:pdblkup.obj
 0002:00000f38       ??_C@_1BG@EABPBLLF@?$AAP?$AAr?$AAo?$AAd?$AAu?$AAc?$AAt?$AAD?$AAi?$AAr@ 0000000180007f38     MSVCRTD:pdblkup.obj
 0002:00000f70       ??_C@_1BC@JINFINNJ@?$AAM?$AAS?$AAP?$AAD?$AAB?$AA1?$AA4?$AA0@ 0000000180007f70     MSVCRTD:pdblkup.obj
 0002:00000f88       ??_C@_0BB@KCIACLNC@PDBOpenValidate5@ 0000000180007f88     MSVCRTD:pdblkup.obj
 0002:00000f9c       ??_C@_01KDCPPGHE@r@        0000000180007f9c     MSVCRTD:pdblkup.obj
 0002:00001080       __CastGuardVftablesStart   0000000180008080     MSVCRTD:guard_support.obj
 0002:00001100       __CastGuardVftablesEnd     0000000180008100     MSVCRTD:guard_support.obj
 0002:00001180       ??_R4type_info@@6B@        0000000180008180     MSVCRTD:std_type_info_static.obj
 0002:000011a8       ??_R3type_info@@8          00000001800081a8     MSVCRTD:std_type_info_static.obj
 0002:000011c0       ??_R2type_info@@8          00000001800081c0     MSVCRTD:std_type_info_static.obj
 0002:000011d0       ??_R1A@?0A@EA@type_info@@8 00000001800081d0     MSVCRTD:std_type_info_static.obj
 0002:000011f4       __volatile_metadata        00000001800081f4     <linker-defined>
 0002:000016d8       __rtc_iaa                  00000001800086d8     MSVCRTD:initsect.obj
 0002:000016f0       __rtc_izz                  00000001800086f0     MSVCRTD:initsect.obj
 0002:000016f8       __rtc_taa                  00000001800086f8     MSVCRTD:initsect.obj
 0002:00001710       __rtc_tzz                  0000000180008710     MSVCRTD:initsect.obj
 0002:00001f14       __DELAY_IMPORT_DESCRIPTOR_physxcommon_64_dll 0000000180008f14     PhysXCommon_64:PhysXCommon_64.dll
 0002:00001f34       __DELAY_IMPORT_DESCRIPTOR_physxfoundation_64_dll 0000000180008f34     PhysXFoundation_64:PhysXFoundation_64.dll
 0002:00001f54       __NULL_DELAY_IMPORT_DESCRIPTOR 0000000180008f54     PhysXCommon_64:PhysXCommon_64.dll
 0002:00002030       \177PhysXCommon_64_NULL_THUNK_DATA_DLN 0000000180009030     PhysXCommon_64:PhysXCommon_64.dll
 0002:00002048       \177PhysXFoundation_64_NULL_THUNK_DATA_DLN 0000000180009048     PhysXFoundation_64:PhysXFoundation_64.dll
 0002:000022f8       \177PhysXCommon_64_NULL_THUNK_DATA_DLB 00000001800092f8     PhysXCommon_64:PhysXCommon_64.dll
 0002:000023b8       \177PhysXFoundation_64_NULL_THUNK_DATA_DLB 00000001800093b8     PhysXFoundation_64:PhysXFoundation_64.dll
 0002:00002fd8       __IMPORT_DESCRIPTOR_KERNEL32 0000000180009fd8     kernel32:KERNEL32.dll
 0002:00002fec       __IMPORT_DESCRIPTOR_VCRUNTIME140D 0000000180009fec     vcruntimed:VCRUNTIME140D.dll
 0002:00003000       __IMPORT_DESCRIPTOR_ucrtbased 000000018000a000     ucrtd:ucrtbased.dll
 0002:00003014       __NULL_IMPORT_DESCRIPTOR   000000018000a014     kernel32:KERNEL32.dll
 0003:00000000       __pfnDliNotifyHook2        000000018000b000     WindowsCookingDelayLoadHook.obj
 0003:00000008       _fltused                   000000018000b008     MSVCRTD:fltused.obj
 0003:0000000c       __scrt_native_dllmain_reason 000000018000b00c     MSVCRTD:utility.obj
 0003:00000040       __security_cookie          000000018000b040     MSVCRTD:gs_cookie.obj
 0003:00000080       __security_cookie_complement 000000018000b080     MSVCRTD:gs_cookie.obj
 0003:00000090       ?_RTC_ErrorLevels@@3PAHA   000000018000b090     MSVCRTD:error.obj
 0003:000000a8       __isa_available            000000018000b0a8     MSVCRTD:cpu_disp.obj
 0003:000000ac       __isa_enabled              000000018000b0ac     MSVCRTD:cpu_disp.obj
 0003:000000b0       __memset_fast_string_threshold 000000018000b0b0     MSVCRTD:cpu_disp.obj
 0003:000000b8       __memset_nt_threshold      000000018000b0b8     MSVCRTD:cpu_disp.obj
 0003:000000c0       __scrt_ucrt_dll_is_in_use  000000018000b0c0     MSVCRTD:ucrt_stubs.obj
 0003:000000c8       ??_R0?AVBVH@Gu@physx@@@8   000000018000b0c8     Cooking.obj
 0003:000000f0       ??_R0?AVBV4TriangleMesh@Gu@physx@@@8 000000018000b0f0     Cooking.obj
 0003:00000120       ??_R0?AUSlab@NodeAllocator@Gu@physx@@@8 000000018000b120     Cooking.obj
 0003:00000158       ??_R0?AVtype_info@@@8      000000018000b158     MSVCRTD:std_type_info_static.obj
 0003:00000178       __imp_getInsertionCallback 000000018000b178     PhysXCommon_64:PhysXCommon_64.dll
 0003:00000180       __imp_??0BV4TriangleMesh@Gu@physx@@QEAA@AEBUPxTriangleMeshInternalData@2@@Z 000000018000b180     PhysXCommon_64:PhysXCommon_64.dll
 0003:00000188       __imp_cookBVH              000000018000b188     PhysXCommon_64:PhysXCommon_64.dll
 0003:00000190       __imp_createBVH            000000018000b190     PhysXCommon_64:PhysXCommon_64.dll
 0003:00000198       __imp_cookHeightField      000000018000b198     PhysXCommon_64:PhysXCommon_64.dll
 0003:000001a0       __imp_createHeightField    000000018000b1a0     PhysXCommon_64:PhysXCommon_64.dll
 0003:000001a8       __imp_cookConvexMesh       000000018000b1a8     PhysXCommon_64:PhysXCommon_64.dll
 0003:000001b0       __imp_createConvexMesh     000000018000b1b0     PhysXCommon_64:PhysXCommon_64.dll
 0003:000001b8       __imp_validateConvexMesh   000000018000b1b8     PhysXCommon_64:PhysXCommon_64.dll
 0003:000001c0       __imp_computeHullPolygons  000000018000b1c0     PhysXCommon_64:PhysXCommon_64.dll
 0003:000001c8       __imp_validateTriangleMesh 000000018000b1c8     PhysXCommon_64:PhysXCommon_64.dll
 0003:000001d0       __imp_createTriangleMesh   000000018000b1d0     PhysXCommon_64:PhysXCommon_64.dll
 0003:000001d8       __imp_cookTriangleMesh     000000018000b1d8     PhysXCommon_64:PhysXCommon_64.dll
 0003:000001e0       __imp_cookTetrahedronMesh  000000018000b1e0     PhysXCommon_64:PhysXCommon_64.dll
 0003:000001e8       __imp_createTetrahedronMesh 000000018000b1e8     PhysXCommon_64:PhysXCommon_64.dll
 0003:000001f0       __imp_cookDeformableVolumeMesh 000000018000b1f0     PhysXCommon_64:PhysXCommon_64.dll
 0003:000001f8       __imp_createDeformableVolumeMesh 000000018000b1f8     PhysXCommon_64:PhysXCommon_64.dll
 0003:00000200       __imp_computeModelsMapping 000000018000b200     PhysXCommon_64:PhysXCommon_64.dll
 0003:00000208       __imp_computeCollisionData 000000018000b208     PhysXCommon_64:PhysXCommon_64.dll
 0003:00000210       __imp_computeSimulationData 000000018000b210     PhysXCommon_64:PhysXCommon_64.dll
 0003:00000218       __imp_assembleDeformableVolumeMesh 000000018000b218     PhysXCommon_64:PhysXCommon_64.dll
 0003:00000220       __imp_?release@AABBTreeBounds@Gu@physx@@QEAAXXZ 000000018000b220     PhysXCommon_64:PhysXCommon_64.dll
 0003:00000228       __imp_??0BVH@Gu@physx@@QEAA@AEBUPxBVHInternalData@2@@Z 000000018000b228     PhysXCommon_64:PhysXCommon_64.dll
 0003:00000230       \177PhysXCommon_64_NULL_THUNK_DATA_DLA 000000018000b230     PhysXCommon_64:PhysXCommon_64.dll
 0003:00000238       __imp_PxGetBroadcastAllocator 000000018000b238     PhysXFoundation_64:PhysXFoundation_64.dll
 0003:00000240       __imp_?PxAssert@physx@@YAXPEBD0HAEA_N@Z 000000018000b240     PhysXFoundation_64:PhysXFoundation_64.dll
 0003:00000248       \177PhysXFoundation_64_NULL_THUNK_DATA_DLA 000000018000b248     PhysXFoundation_64:PhysXFoundation_64.dll
 0003:000002b0       ?_ignore@?2??grow@?$PxArray@USlab@NodeAllocator@Gu@physx@@V?$PxReflectionAllocator@USlab@NodeAllocator@Gu@physx@@@4@@physx@@IEAAXI@Z@4_NA 000000018000b2b0     Cooking.obj
 0003:000002b1       ?_ignore@?2??recreate@?$PxArray@USlab@NodeAllocator@Gu@physx@@V?$PxReflectionAllocator@USlab@NodeAllocator@Gu@physx@@@4@@physx@@IEAAXI@Z@4_NA 000000018000b2b1     Cooking.obj
 0003:000002c0       __hmod__PhysXCommon_64_dll 000000018000b2c0     PhysXCommon_64:PhysXCommon_64.dll
 0003:000002c8       __hmod__PhysXFoundation_64_dll 000000018000b2c8     PhysXFoundation_64:PhysXFoundation_64.dll
 0003:000002d0       ?DloadKernel32@@3PEAUHINSTANCE__@@EA 000000018000b2d0     Delayimp:delayhlp.obj
 0003:000002d8       ?DloadAcquireSRWLockExclusive@@3P6AXPEA_K@ZEA 000000018000b2d8     Delayimp:delayhlp.obj
 0003:000002e0       ?DloadReleaseSRWLockExclusive@@3P6AXPEA_K@ZEA 000000018000b2e0     Delayimp:delayhlp.obj
 0003:000002e8       ?DloadSrwLock@@3_KA        000000018000b2e8     Delayimp:delayhlp.obj
 0003:000002f0       ?DloadSectionLockCount@@3KA 000000018000b2f0     Delayimp:delayhlp.obj
 0003:000002f4       ?DloadSectionOldProtection@@3KA 000000018000b2f4     Delayimp:delayhlp.obj
 0003:000002f8       ?DloadSectionCommitPermanent@@3KA 000000018000b2f8     Delayimp:delayhlp.obj
 0003:00000300       ?__type_info_root_node@@3U__type_info_node@@A 000000018000b300     MSVCRTD:tncleanup.obj
 0003:00000318       __castguard_check_failure_user_handled_fptr 000000018000b318     MSVCRTD:guard_support.obj
 0003:00000330       ?_OptionsStorage@?1??__local_stdio_printf_options@@9@4_KA 000000018000b330     MSVCRTD:default_local_stdio_options.obj
 0003:00000338       ?_OptionsStorage@?1??__local_stdio_scanf_options@@9@4_KA 000000018000b338     MSVCRTD:default_local_stdio_options.obj
 0003:00000340       __scrt_current_native_startup_state 000000018000b340     MSVCRTD:utility.obj
 0003:00000348       __scrt_native_startup_lock 000000018000b348     MSVCRTD:utility.obj
 0003:00000388       __scrt_debugger_hook_flag  000000018000b388     MSVCRTD:utility_desktop.obj
 0003:0000038c       __favor                    000000018000b38c     MSVCRTD:cpu_disp.obj
 0003:00000910       __dyn_tls_init_callback    000000018000b910     <common>

 entry point at        0001:00002fa0

 Static symbols

 0000:ffff1000       .debug$S                   0000000180000000     PhysXCooking_64.exp
 0000:ffff1000       .debug$S                   0000000180000000     ucrtd:ucrtbased.dll
 0000:ffff1000       .debug$S                   0000000180000000     ucrtd:ucrtbased.dll
 0000:ffff1000       .debug$S                   0000000180000000     ucrtd:ucrtbased.dll
 0000:ffff1000       .debug$S                   0000000180000000     ucrtd:ucrtbased.dll
 0000:ffff1000       .debug$S                   0000000180000000     ucrtd:ucrtbased.dll
 0000:ffff1000       .debug$S                   0000000180000000     ucrtd:ucrtbased.dll
 0000:ffff1000       .debug$S                   0000000180000000     ucrtd:ucrtbased.dll
 0000:ffff1000       .debug$S                   0000000180000000     ucrtd:ucrtbased.dll
 0000:ffff1000       .debug$S                   0000000180000000     ucrtd:ucrtbased.dll
 0000:ffff1000       .debug$S                   0000000180000000     ucrtd:ucrtbased.dll
 0000:ffff1000       .debug$S                   0000000180000000     ucrtd:ucrtbased.dll
 0000:ffff1000       .debug$S                   0000000180000000     ucrtd:ucrtbased.dll
 0000:ffff1000       .debug$S                   0000000180000000     ucrtd:ucrtbased.dll
 0000:ffff1000       .debug$S                   0000000180000000     ucrtd:ucrtbased.dll
 0000:ffff1000       .debug$S                   0000000180000000     ucrtd:ucrtbased.dll
 0000:ffff1000       .debug$S                   0000000180000000     ucrtd:ucrtbased.dll
 0000:ffff1000       .debug$S                   0000000180000000     ucrtd:ucrtbased.dll
 0000:ffff1000       .debug$S                   0000000180000000     ucrtd:ucrtbased.dll
 0000:ffff1000       .debug$S                   0000000180000000     ucrtd:ucrtbased.dll
 0000:ffff1000       .debug$S                   0000000180000000     ucrtd:ucrtbased.dll
 0000:ffff1000       .debug$S                   0000000180000000     ucrtd:ucrtbased.dll
 0000:ffff1000       .debug$S                   0000000180000000     kernel32:KERNEL32.dll
 0000:ffff1000       .debug$S                   0000000180000000     kernel32:KERNEL32.dll
 0000:ffff1000       .debug$S                   0000000180000000     kernel32:KERNEL32.dll
 0000:ffff1000       .debug$S                   0000000180000000     kernel32:KERNEL32.dll
 0000:ffff1000       .debug$S                   0000000180000000     kernel32:KERNEL32.dll
 0000:ffff1000       .debug$S                   0000000180000000     kernel32:KERNEL32.dll
 0000:ffff1000       .debug$S                   0000000180000000     kernel32:KERNEL32.dll
 0000:ffff1000       .debug$S                   0000000180000000     kernel32:KERNEL32.dll
 0000:ffff1000       .debug$S                   0000000180000000     kernel32:KERNEL32.dll
 0000:ffff1000       .debug$S                   0000000180000000     kernel32:KERNEL32.dll
 0000:ffff1000       .debug$S                   0000000180000000     kernel32:KERNEL32.dll
 0000:ffff1000       .debug$S                   0000000180000000     kernel32:KERNEL32.dll
 0000:ffff1000       .debug$S                   0000000180000000     kernel32:KERNEL32.dll
 0000:ffff1000       .debug$S                   0000000180000000     kernel32:KERNEL32.dll
 0000:ffff1000       .debug$S                   0000000180000000     kernel32:KERNEL32.dll
 0000:ffff1000       .debug$S                   0000000180000000     kernel32:KERNEL32.dll
 0000:ffff1000       .debug$S                   0000000180000000     kernel32:KERNEL32.dll
 0000:ffff1000       .debug$S                   0000000180000000     kernel32:KERNEL32.dll
 0000:ffff1000       .debug$S                   0000000180000000     kernel32:KERNEL32.dll
 0000:ffff1000       .debug$S                   0000000180000000     kernel32:KERNEL32.dll
 0000:ffff1000       .debug$S                   0000000180000000     kernel32:KERNEL32.dll
 0000:ffff1000       .debug$S                   0000000180000000     kernel32:KERNEL32.dll
 0000:ffff1000       .debug$S                   0000000180000000     kernel32:KERNEL32.dll
 0000:ffff1000       .debug$S                   0000000180000000     kernel32:KERNEL32.dll
 0000:ffff1000       .debug$S                   0000000180000000     kernel32:KERNEL32.dll
 0000:ffff1000       .debug$S                   0000000180000000     kernel32:KERNEL32.dll
 0000:ffff1000       .debug$S                   0000000180000000     kernel32:KERNEL32.dll
 0000:ffff1000       .debug$S                   0000000180000000     kernel32:KERNEL32.dll
 0000:ffff1000       .debug$S                   0000000180000000     kernel32:KERNEL32.dll
 0000:ffff1000       .debug$S                   0000000180000000     kernel32:KERNEL32.dll
 0000:ffff1000       .debug$S                   0000000180000000     kernel32:KERNEL32.dll
 0000:00000000       _volmd                     0000000180000000     Delayimp:delayhlp.obj
 0000:00000000       _volmd                     0000000180000000     Delayimp:delayhlp.obj
 0000:00000000       _volmd                     0000000180000000     Delayimp:delayhlp.obj
 0000:00000000       _volmd                     0000000180000000     Delayimp:delayhlp.obj
 0000:00000000       _volmd                     0000000180000000     Delayimp:delayhlp.obj
 0000:00000000       _volmd                     0000000180000000     Delayimp:delayhlp.obj
 0000:00000000       _volmd                     0000000180000000     Delayimp:delayhlp.obj
 0000:00000000       _volmd                     0000000180000000     Delayimp:delayhlp.obj
 0000:00000000       _volmd                     0000000180000000     Delayimp:delayhlp.obj
 0000:00000000       _volmd                     0000000180000000     Delayimp:delayhlp.obj
 0000:00000000       _volmd                     0000000180000000     Delayimp:delayhlp.obj
 0000:00000000       _volmd                     0000000180000000     MSVCRTD:cpu_disp.obj
 0002:ffff9000       __guard_ehcont_?dllmain_dispatch@@YAHQEAUHINSTANCE__@@KQEAX@Z 0000000180000000     MSVCRTD:dll_dllmain.obj
 0002:ffff9000       __guard_fids_?dllmain_dispatch@@YAHQEAUHINSTANCE__@@KQEAX@Z 0000000180000000     MSVCRTD:dll_dllmain.obj
 0002:ffff9000       __guard_ehcont_?notify_debugger@@YAXAEBUtagEXCEPTION_VISUALCPP_DEBUG_INFO@@@Z 0000000180000000     MSVCRTD:error.obj
 0000:00000000       _volmd                     0000000180000000     MSVCRTD:gs_report.obj
 0000:00000000       _volmd                     0000000180000000     MSVCRTD:gs_report.obj
 0000:00000000       _volmd                     0000000180000000     MSVCRTD:gs_report.obj
 0002:ffff9000       __guard_fids__             0000000180000000     MSVCRTD:guard_support.obj
 0002:ffff9000       __guard_fids__             0000000180000000     MSVCRTD:guard_support.obj
 0002:ffff9000       __guard_fids__guard_icall_checks_enforced 0000000180000000     MSVCRTD:guard_support.obj
 0000:00000000       _volmd                     0000000180000000     MSVCRTD:guard_support.obj
 0000:00000000       _volmd                     0000000180000000     MSVCRTD:guard_support.obj
 0002:ffff9000       __guard_fids__CRT_RTC_INIT 0000000180000000     MSVCRTD:init.obj
 0002:ffff9000       __guard_fids__CRT_RTC_INITW 0000000180000000     MSVCRTD:init.obj
 0002:ffff9000       __guard_fids__             0000000180000000     MSVCRTD:std_type_info_static.obj
 0002:ffff9000       __guard_ehcont___scrt_is_nonwritable_in_current_image 0000000180000000     MSVCRTD:utility.obj
 0000:00000000       _volmd                     0000000180000000     MSVCRTD:utility.obj
 0000:00000000       _volmd                     0000000180000000     MSVCRTD:utility.obj
 0000:00000000       _volmd                     0000000180000000     MSVCRTD:utility.obj
 0002:ffff9000       __guard_fids___scrt_set_unhandled_exception_filter 0000000180000000     MSVCRTD:utility_desktop.obj
 0000:00000000       _volmd                     0000000180000000     MSVCRTD:utility_desktop.obj
 0002:ffff9000       __guard_fids__             0000000180000000     vcruntimed:softmemtag.obj
 0000:ffff1000       .debug$S                   0000000180000000     vcruntimed:VCRUNTIME140D.dll
 0000:ffff1000       .debug$S                   0000000180000000     vcruntimed:VCRUNTIME140D.dll
 0000:ffff1000       .debug$S                   0000000180000000     vcruntimed:VCRUNTIME140D.dll
 0000:ffff1000       .debug$S                   0000000180000000     vcruntimed:VCRUNTIME140D.dll
 0000:ffff1000       .debug$S                   0000000180000000     vcruntimed:VCRUNTIME140D.dll
 0000:ffff1000       .debug$S                   0000000180000000     vcruntimed:VCRUNTIME140D.dll
 0000:ffff1000       .debug$S                   0000000180000000     vcruntimed:VCRUNTIME140D.dll
 0000:ffff1000       .debug$S                   0000000180000000     vcruntimed:VCRUNTIME140D.dll
 0000:ffff1000       .debug$S                   0000000180000000     vcruntimed:VCRUNTIME140D.dll
 0000:ffff1000       .debug$S                   0000000180000000     vcruntimed:VCRUNTIME140D.dll
 0000:ffff1000       .debug$S                   0000000180000000     vcruntimed:VCRUNTIME140D.dll
 0000:ffff1000       .debug$S                   0000000180000000     vcruntimed:VCRUNTIME140D.dll
 0000:ffff1000       .debug$S                   0000000180000000     vcruntimed:VCRUNTIME140D.dll
 0000:ffff1000       .debug$S                   0000000180000000     PhysXCommon_64:PhysXCommon_64.dll
 0000:ffff1000       .debug$S                   0000000180000000     PhysXCommon_64:PhysXCommon_64.dll
 0000:ffff1000       .debug$S                   0000000180000000     PhysXCommon_64:PhysXCommon_64.dll
 0000:ffff1000       .debug$S                   0000000180000000     PhysXCommon_64:PhysXCommon_64.dll
 0000:ffff1000       .debug$S                   0000000180000000     PhysXCommon_64:PhysXCommon_64.dll
 0000:ffff1000       .debug$S                   0000000180000000     PhysXCommon_64:PhysXCommon_64.dll
 0000:ffff1000       .debug$S                   0000000180000000     PhysXCommon_64:PhysXCommon_64.dll
 0000:ffff1000       .debug$S                   0000000180000000     PhysXCommon_64:PhysXCommon_64.dll
 0000:ffff1000       .debug$S                   0000000180000000     PhysXCommon_64:PhysXCommon_64.dll
 0000:ffff1000       .debug$S                   0000000180000000     PhysXCommon_64:PhysXCommon_64.dll
 0000:ffff1000       .debug$S                   0000000180000000     PhysXCommon_64:PhysXCommon_64.dll
 0000:ffff1000       .debug$S                   0000000180000000     PhysXCommon_64:PhysXCommon_64.dll
 0000:ffff1000       .debug$S                   0000000180000000     PhysXCommon_64:PhysXCommon_64.dll
 0000:ffff1000       .debug$S                   0000000180000000     PhysXCommon_64:PhysXCommon_64.dll
 0000:ffff1000       .debug$S                   0000000180000000     PhysXCommon_64:PhysXCommon_64.dll
 0000:ffff1000       .debug$S                   0000000180000000     PhysXCommon_64:PhysXCommon_64.dll
 0000:ffff1000       .debug$S                   0000000180000000     PhysXCommon_64:PhysXCommon_64.dll
 0000:ffff1000       .debug$S                   0000000180000000     PhysXCommon_64:PhysXCommon_64.dll
 0000:ffff1000       .debug$S                   0000000180000000     PhysXCommon_64:PhysXCommon_64.dll
 0000:ffff1000       .debug$S                   0000000180000000     PhysXCommon_64:PhysXCommon_64.dll
 0000:ffff1000       .debug$S                   0000000180000000     PhysXCommon_64:PhysXCommon_64.dll
 0000:ffff1000       .debug$S                   0000000180000000     PhysXCommon_64:PhysXCommon_64.dll
 0000:ffff1000       .debug$S                   0000000180000000     PhysXCommon_64:PhysXCommon_64.dll
 0000:ffff1000       .debug$S                   0000000180000000     PhysXFoundation_64:PhysXFoundation_64.dll
 0000:ffff1000       .debug$S                   0000000180000000     PhysXFoundation_64:PhysXFoundation_64.dll
 0001:00000000       ??__EmaxFError@vecMathTests@aos@physx@@YAXXZ 0000000180001000 f   Cooking.obj
 0001:00000030       ??__EmaxV3Error@vecMathTests@aos@physx@@YAXXZ 0000000180001030 f   Cooking.obj
 0001:00000060       ??__EmaxV4Error@vecMathTests@aos@physx@@YAXXZ 0000000180001060 f   Cooking.obj
 0001:00000090       ??__EminFError@vecMathTests@aos@physx@@YAXXZ 0000000180001090 f   Cooking.obj
 0001:000000c0       ??__EminV3Error@vecMathTests@aos@physx@@YAXXZ 00000001800010c0 f   Cooking.obj
 0001:000000f0       ??__EminV4Error@vecMathTests@aos@physx@@YAXXZ 00000001800010f0 f   Cooking.obj
 0001:00001c04       $LN12                      0000000180002c04     WindowsCookingDelayLoadHook.obj
[...]
 0002:000019ec       $unwind$?DloadGetSRWLockFunctionPointers@@YAEXZ 00000001800089ec     Delayimp:delayhlp.obj
 0002:000019f8       $unwind$?DloadLock@@YAXXZ  00000001800089f8     Delayimp:delayhlp.obj
 0002:00001a00       $unwind$?DloadUnlock@@YAXXZ 0000000180008a00     Delayimp:delayhlp.obj
 0002:00001a08       $unwind$?DloadObtainSection@@YAPEAXPEAK0@Z 0000000180008a08     Delayimp:delayhlp.obj
 0002:00001a18       $unwind$?DloadMakePermanentImageCommit@@YAXPEAX_K@Z 0000000180008a18     Delayimp:delayhlp.obj
 0002:00001a24       $unwind$?DloadProtectSection@@YAXKPEAK@Z 0000000180008a24     Delayimp:delayhlp.obj
 0002:00001a34       $unwind$?DloadAcquireSectionWriteAccess@@YAXXZ 0000000180008a34     Delayimp:delayhlp.obj
 0002:00001a3c       $unwind$?DloadReleaseSectionWriteAccess@@YAXXZ 0000000180008a3c     Delayimp:delayhlp.obj
 0002:00001a44       $unwind$?PiddFromDllName@@YAPEBUImgDelayDescr@@PEBD@Z 0000000180008a44     Delayimp:delayhlp.obj
 0002:00001a4c       $unwind$__delayLoadHelper2 0000000180008a4c     Delayimp:delayhlp.obj
 0002:00001a68       $unwind$??3@YAXPEAX@Z      0000000180008a68     MSVCRTD:delete_scalar.obj
 0002:00001a70       $unwind$??3@YAXPEAX_K@Z    0000000180008a70     MSVCRTD:delete_scalar_size.obj
 0002:00001a78       $unwind$??_V@YAXPEAX@Z     0000000180008a78     MSVCRTD:delete_array.obj
 0002:00001a80       $unwind$??_V@YAXPEAX_K@Z   0000000180008a80     MSVCRTD:delete_array_size.obj
 0002:00001a88       $unwind$_RTC_Shutdown      0000000180008a88     MSVCRTD:init.obj
 0002:00001a90       $unwind$_RTC_InitBase      0000000180008a90     MSVCRTD:init.obj
 0002:00001a98       $unwind$??_Gtype_info@@UEAAPEAXI@Z 0000000180008a98     MSVCRTD:std_type_info_static.obj
 0002:00001aa0       $unwind$?__scrt_initialize_type_info@@YAXXZ 0000000180008aa0     MSVCRTD:tncleanup.obj
 0002:00001aa8       $unwind$?__scrt_uninitialize_type_info@@YAXXZ 0000000180008aa8     MSVCRTD:tncleanup.obj
 0002:00001ab0       $unwind$?dllmain_crt_process_attach@@YAHQEAUHINSTANCE__@@QEAX@Z 0000000180008ab0     MSVCRTD:dll_dllmain.obj
 0002:00001ad0       $unwind$?fin$0@?0??dllmain_crt_process_attach@@YAHQEAUHINSTANCE__@@QEAX@Z@4HA 0000000180008ad0     MSVCRTD:dll_dllmain.obj
 0002:00001ad8       $unwind$?dllmain_crt_process_detach@@YAH_N@Z 0000000180008ad8     MSVCRTD:dll_dllmain.obj
 0002:00001b08       $unwind$?fin$0@?0??dllmain_crt_process_detach@@YAH_N@Z@4HA 0000000180008b08     MSVCRTD:dll_dllmain.obj
 0002:00001b10       $unwind$?fin$1@?0??dllmain_crt_process_detach@@YAH_N@Z@4HA 0000000180008b10     MSVCRTD:dll_dllmain.obj
 0002:00001b18       $unwind$?dllmain_crt_dispatch@@YAHQEAUHINSTANCE__@@KQEAX@Z 0000000180008b18     MSVCRTD:dll_dllmain.obj
 0002:00001b20       $unwind$_CRT_INIT          0000000180008b20     MSVCRTD:dll_dllmain.obj
 0002:00001b28       $unwind$?dllmain_raw@@YAHQEAUHINSTANCE__@@KQEAX@Z 0000000180008b28     MSVCRTD:dll_dllmain.obj
 0002:00001b30       $unwind$?dllmain_dispatch@@YAHQEAUHINSTANCE__@@KQEAX@Z 0000000180008b30     MSVCRTD:dll_dllmain.obj
 0002:00001b50       $unwind$?filt$0@?0??dllmain_dispatch@@YAHQEAUHINSTANCE__@@KQEAX@Z@4HA 0000000180008b50     MSVCRTD:dll_dllmain.obj
 0002:00001b58       $unwind$_DllMainCRTStartup 0000000180008b58     MSVCRTD:dll_dllmain.obj
 0002:00001b60       $unwind$ReadNoFence64      0000000180008b60     MSVCRTD:guard_support.obj
 0002:00001b68       $unwind$ReadPointerNoFence 0000000180008b68     MSVCRTD:guard_support.obj
 0002:00001b70       $unwind$__castguard_set_user_handler 0000000180008b70     MSVCRTD:guard_support.obj
 0002:00001b78       $unwind$_guard_icall_checks_enforced 0000000180008b78     MSVCRTD:guard_support.obj
 0002:00001b80       $unwind$__castguard_compat_check 0000000180008b80     MSVCRTD:guard_support.obj
 0002:00001b88       $unwind$__castguard_check_failure_os_handled_wrapper 0000000180008b88     MSVCRTD:guard_support.obj
 0002:00001b90       $unwind$__castguard_check_failure_user_handled_wrapper 0000000180008b90     MSVCRTD:guard_support.obj
 0002:00001b98       $unwind$__castguard_check_failure_debugbreak 0000000180008b98     MSVCRTD:guard_support.obj
 0002:00001ba0       $unwind$__castguard_check_failure_fastfail 0000000180008ba0     MSVCRTD:guard_support.obj
 0002:00001ba8       $unwind$__castguard_check_failure_os_handled 0000000180008ba8     MSVCRTD:guard_support.obj
 0002:00001bb0       $unwind$__castguard_check_failure_user_handled 0000000180008bb0     MSVCRTD:guard_support.obj
 0002:00001bb8       $unwind$__castguard_slow_path_compat_check 0000000180008bb8     MSVCRTD:guard_support.obj
 0002:00001bc0       $unwind$__castguard_slow_path_check_debugbreak 0000000180008bc0     MSVCRTD:guard_support.obj
 0002:00001bc8       $unwind$__castguard_slow_path_check_fastfail 0000000180008bc8     MSVCRTD:guard_support.obj
 0002:00001bd0       $unwind$__castguard_slow_path_check_os_handled 0000000180008bd0     MSVCRTD:guard_support.obj
 0002:00001bd8       $unwind$__castguard_slow_path_check_user_handled 0000000180008bd8     MSVCRTD:guard_support.obj
 0002:00001be0       $unwind$__security_init_cookie 0000000180008be0     MSVCRTD:gs_support.obj
 0002:00001be8       $unwind$__get_entropy      0000000180008be8     MSVCRTD:gs_support.obj
 0002:00001bf0       $unwind$DllMain            0000000180008bf0     MSVCRTD:dll_dllmain_stub.obj
 0002:00001bf8       $unwind$__scrt_initialize_default_local_stdio_options 0000000180008bf8     MSVCRTD:default_local_stdio_options.obj
 0002:00001c00       $unwind$atexit             0000000180008c00     MSVCRTD:utility.obj
 0002:00001c08       $unwind$_onexit            0000000180008c08     MSVCRTD:utility.obj
 0002:00001c10       $unwind$at_quick_exit      0000000180008c10     MSVCRTD:utility.obj
 0002:00001c18       $unwind$__scrt_is_nonwritable_in_current_image 0000000180008c18     MSVCRTD:utility.obj
 0002:00001c38       $unwind$__scrt_is_nonwritable_in_current_image$filt$0 0000000180008c38     MSVCRTD:utility.obj
 0002:00001c40       $unwind$__scrt_acquire_startup_lock 0000000180008c40     MSVCRTD:utility.obj
 0002:00001c48       $unwind$__scrt_release_startup_lock 0000000180008c48     MSVCRTD:utility.obj
 0002:00001c50       $unwind$__scrt_initialize_crt 0000000180008c50     MSVCRTD:utility.obj
 0002:00001c58       $unwind$__scrt_uninitialize_crt 0000000180008c58     MSVCRTD:utility.obj
 0002:00001c60       $unwind$__scrt_initialize_onexit_tables 0000000180008c60     MSVCRTD:utility.obj
 0002:00001c6c       $unwind$__scrt_dllmain_exception_filter 0000000180008c6c     MSVCRTD:utility.obj
 0002:00001c74       $unwind$__scrt_dllmain_before_initialize_c 0000000180008c74     MSVCRTD:utility.obj
 0002:00001c7c       $unwind$__scrt_dllmain_after_initialize_c 0000000180008c7c     MSVCRTD:utility.obj
 0002:00001c84       $unwind$__scrt_dllmain_uninitialize_c 0000000180008c84     MSVCRTD:utility.obj
 0002:00001c8c       $unwind$__scrt_dllmain_uninitialize_critical 0000000180008c8c     MSVCRTD:utility.obj
 0002:00001c94       $unwind$__scrt_dllmain_crt_thread_attach 0000000180008c94     MSVCRTD:utility.obj
 0002:00001c9c       $unwind$__scrt_dllmain_crt_thread_detach 0000000180008c9c     MSVCRTD:utility.obj
 0002:00001ca4       $unwind$?configure_argv@__scrt_narrow_argv_policy@@SAHXZ 0000000180008ca4     MSVCRTD:utility.obj
 0002:00001cac       $unwind$?initialize_environment@__scrt_narrow_environment_policy@@SAHXZ 0000000180008cac     MSVCRTD:utility.obj
 0002:00001cb4       $unwind$?is_potentially_valid_image_base@@YA_NQEAX@Z 0000000180008cb4     MSVCRTD:utility.obj
 0002:00001cbc       $unwind$?find_pe_section@@YAPEAU_IMAGE_SECTION_HEADER@@QEAE_K@Z 0000000180008cbc     MSVCRTD:utility.obj
 0002:00001cc4       $unwind$__scrt_get_show_window_mode 0000000180008cc4     MSVCRTD:utility_desktop.obj
 0002:00001cd0       $unwind$__scrt_is_managed_app 0000000180008cd0     MSVCRTD:utility_desktop.obj
 0002:00001cd8       $unwind$__scrt_initialize_mta 0000000180008cd8     MSVCRTD:utility_desktop.obj
 0002:00001ce0       $unwind$__scrt_set_unhandled_exception_filter 0000000180008ce0     MSVCRTD:utility_desktop.obj
 0002:00001ce8       $unwind$__scrt_fastfail    0000000180008ce8     MSVCRTD:utility_desktop.obj
 0002:00001cf4       $unwind$__scrt_unhandled_exception_filter 0000000180008cf4     MSVCRTD:utility_desktop.obj
 0002:00001cfc       $unwind$_RTC_Initialize    0000000180008cfc     MSVCRTD:initsect.obj
 0002:00001d08       $unwind$_RTC_Terminate     0000000180008d08     MSVCRTD:initsect.obj
 0002:00001d18       $xdatasym                  0000000180008d18     MSVCRTD:guard_dispatch.obj
 0002:00001d20       $xdatasym                  0000000180008d20     MSVCRTD:guard_xfg_dispatch.obj
 0002:00001d24       $unwind$_RTC_UninitUse     0000000180008d24     MSVCRTD:error.obj
 0002:00001d3c       $unwind$?_RTC_StackFailure@@YAXPEAXPEBD@Z 0000000180008d3c     MSVCRTD:error.obj
 0002:00001d58       $unwind$?_RTC_AllocaFailure@@YAXPEAXPEAU_RTC_ALLOCA_NODE@@H@Z 0000000180008d58     MSVCRTD:error.obj
 0002:00001d70       $chain$0$?_RTC_AllocaFailure@@YAXPEAXPEAU_RTC_ALLOCA_NODE@@H@Z 0000000180008d70     MSVCRTD:error.obj
 0002:00001d84       $chain$1$?_RTC_AllocaFailure@@YAXPEAXPEAU_RTC_ALLOCA_NODE@@H@Z 0000000180008d84     MSVCRTD:error.obj
 0002:00001d94       $unwind$_vsprintf_s_l      0000000180008d94     MSVCRTD:error.obj
 0002:00001da8       $unwind$sprintf_s          0000000180008da8     MSVCRTD:error.obj
 0002:00001db0       $unwind$?notify_debugger@@YAXAEBUtagEXCEPTION_VISUALCPP_DEBUG_INFO@@@Z 0000000180008db0     MSVCRTD:error.obj
 0002:00001dd0       $unwind$?filt$0@?0??notify_debugger@@YAXAEBUtagEXCEPTION_VISUALCPP_DEBUG_INFO@@@Z@4HA 0000000180008dd0     MSVCRTD:error.obj
 0002:00001dd8       $unwind$?DebuggerProbe@@YA_NK@Z 0000000180008dd8     MSVCRTD:error.obj
 0002:00001de0       $unwind$?DebuggerRuntime@@YA_NKHPEAXPEB_W@Z 0000000180008de0     MSVCRTD:error.obj
 0002:00001de8       $unwind$?failwithmessage@@YAXPEAXHHPEBD@Z 0000000180008de8     MSVCRTD:error.obj
 0002:00001e0c       $unwind$?_getMemBlockDataString@@YAXPEAD0PEBD_K@Z 0000000180008e0c     MSVCRTD:error.obj
 0002:00001e1c       $chain$3$?_getMemBlockDataString@@YAXPEAD0PEBD_K@Z 0000000180008e1c     MSVCRTD:error.obj
 0002:00001e3c       $chain$4$?_getMemBlockDataString@@YAXPEAD0PEBD_K@Z 0000000180008e3c     MSVCRTD:error.obj
 0002:00001e4c       $unwind$__isa_available_init 0000000180008e4c     MSVCRTD:cpu_disp.obj
 0002:00001e5c       $unwind$__scrt_is_ucrt_dll_in_use 0000000180008e5c     MSVCRTD:ucrt_detection.obj
 0002:00001e64       $unwind$?_RTC_GetSrcLine@@YAHPEAEPEA_WKPEAH1K@Z 0000000180008e64     MSVCRTD:pdblkup.obj
 0002:00001e7c       $unwind$?GetPdbDllFromInstallPath@@YAPEAUHINSTANCE__@@XZ 0000000180008e7c     MSVCRTD:pdblkup.obj
 0002:00001ea0       $unwind$?GetPdbDllPathFromFilePath@@YAHPEB_WPEA_W_K@Z 0000000180008ea0     MSVCRTD:pdblkup.obj
 0002:00001eb8       $unwind$?GetPdbDll@@YAPEAUHINSTANCE__@@XZ 0000000180008eb8     MSVCRTD:pdblkup.obj
 0002:00001ec8       $unwind$__GSHandlerCheckCommon 0000000180008ec8     MSVCRTD:gshandler.obj
 0002:00001ed0       $unwind$__GSHandlerCheck   0000000180008ed0     MSVCRTD:gshandler.obj
 0002:00001ed8       $xdatasym                  0000000180008ed8     MSVCRTD:amdsecgs.obj
 0002:00001edc       $unwind$__report_securityfailure 0000000180008edc     MSVCRTD:gs_report.obj
 0002:00001ee4       $unwind$__report_securityfailureEx 0000000180008ee4     MSVCRTD:gs_report.obj
 0002:00001eec       $unwind$__report_rangecheckfailure 0000000180008eec     MSVCRTD:gs_report.obj
 0002:00001ef4       $unwind$__report_gsfailure 0000000180008ef4     MSVCRTD:gs_report.obj
 0002:00001efc       $unwind$capture_current_context 0000000180008efc     MSVCRTD:gs_report.obj
 0002:00001f04       $unwind$capture_previous_context 0000000180008f04     MSVCRTD:gs_report.obj
 0002:00001f0c       $unwind$__raise_securityfailure 0000000180008f0c     MSVCRTD:gs_report.obj
 0002:000024e0       .edata                     00000001800094e0     PhysXCooking_64.exp
 0002:00002508       rgpv                       0000000180009508     PhysXCooking_64.exp
 0002:000025ec       rgszName                   00000001800095ec     PhysXCooking_64.exp
 0002:000026d0       rgwOrd                     00000001800096d0     PhysXCooking_64.exp
 0002:00002742       szName                     0000000180009742     PhysXCooking_64.exp
 0002:00002756       $N00001                    0000000180009756     PhysXCooking_64.exp
 0002:0000277a       $N00002                    000000018000977a     PhysXCooking_64.exp
 0002:000027a9       $N00003                    00000001800097a9     PhysXCooking_64.exp
 0002:000027d0       $N00004                    00000001800097d0     PhysXCooking_64.exp
 0002:00002827       $N00005                    0000000180009827     PhysXCooking_64.exp
 0002:00002852       $N00006                    0000000180009852     PhysXCooking_64.exp
 0002:00002878       $N00007                    0000000180009878     PhysXCooking_64.exp
 0002:00002897       $N00008                    0000000180009897     PhysXCooking_64.exp
 0002:000028bb       $N00009                    00000001800098bb     PhysXCooking_64.exp
 0002:000028e2       $N00010                    00000001800098e2     PhysXCooking_64.exp
 0002:0000290b       $N00011                    000000018000990b     PhysXCooking_64.exp
 0002:0000292a       $N00012                    000000018000992a     PhysXCooking_64.exp
 0002:0000295d       $N00013                    000000018000995d     PhysXCooking_64.exp
 0002:00002993       $N00014                    0000000180009993     PhysXCooking_64.exp
 0002:000029cb       $N00015                    00000001800099cb     PhysXCooking_64.exp
 0002:000029fd       $N00016                    00000001800099fd     PhysXCooking_64.exp
 0002:00002a29       $N00017                    0000000180009a29     PhysXCooking_64.exp
 0002:00002a45       $N00018                    0000000180009a45     PhysXCooking_64.exp
 0002:00002a6f       $N00019                    0000000180009a6f     PhysXCooking_64.exp
 0002:00002aab       $N00020                    0000000180009aab     PhysXCooking_64.exp
 0002:00002ae6       $N00021                    0000000180009ae6     PhysXCooking_64.exp
 0002:00002b21       $N00022                    0000000180009b21     PhysXCooking_64.exp
 0002:00002b56       $N00023                    0000000180009b56     PhysXCooking_64.exp
 0002:00002b92       $N00024                    0000000180009b92     PhysXCooking_64.exp
 0002:00002bc5       $N00025                    0000000180009bc5     PhysXCooking_64.exp
 0002:00002bf8       $N00026                    0000000180009bf8     PhysXCooking_64.exp
 0002:00002c32       $N00027                    0000000180009c32     PhysXCooking_64.exp
 0002:00002c6c       $N00028                    0000000180009c6c     PhysXCooking_64.exp
 0002:00002c99       $N00029                    0000000180009c99     PhysXCooking_64.exp
 0002:00002ccc       $N00030                    0000000180009ccc     PhysXCooking_64.exp
 0002:00002cfa       $N00031                    0000000180009cfa     PhysXCooking_64.exp
 0002:00002d27       $N00032                    0000000180009d27     PhysXCooking_64.exp
 0002:00002d63       $N00033                    0000000180009d63     PhysXCooking_64.exp
 0002:00002da0       $N00034                    0000000180009da0     PhysXCooking_64.exp
 0002:00002dd0       $N00035                    0000000180009dd0     PhysXCooking_64.exp
 0002:00002def       $N00036                    0000000180009def     PhysXCooking_64.exp
 0002:00002e06       $N00037                    0000000180009e06     PhysXCooking_64.exp
 0002:00002e1c       $N00038                    0000000180009e1c     PhysXCooking_64.exp
 0002:00002e33       $N00039                    0000000180009e33     PhysXCooking_64.exp
 0002:00002e4b       $N00040                    0000000180009e4b     PhysXCooking_64.exp
 0002:00002e55       $N00041                    0000000180009e55     PhysXCooking_64.exp
 0002:00002e66       $N00042                    0000000180009e66     PhysXCooking_64.exp
 0002:00002e81       $N00043                    0000000180009e81     PhysXCooking_64.exp
 0002:00002e93       $N00044                    0000000180009e93     PhysXCooking_64.exp
 0002:00002ea9       $N00045                    0000000180009ea9     PhysXCooking_64.exp
 0002:00002ebc       $N00046                    0000000180009ebc     PhysXCooking_64.exp
 0002:00002ec8       $N00047                    0000000180009ec8     PhysXCooking_64.exp
 0002:00002edc       $N00048                    0000000180009edc     PhysXCooking_64.exp
 0002:00002eef       $N00049                    0000000180009eef     PhysXCooking_64.exp
 0002:00002f0c       $N00050                    0000000180009f0c     PhysXCooking_64.exp
 0002:00002f20       $N00051                    0000000180009f20     PhysXCooking_64.exp
 0002:00002f38       $N00052                    0000000180009f38     PhysXCooking_64.exp
 0002:00002f4d       $N00053                    0000000180009f4d     PhysXCooking_64.exp
 0002:00002f6a       $N00054                    0000000180009f6a     PhysXCooking_64.exp
 0002:00002f8b       $N00055                    0000000180009f8b     PhysXCooking_64.exp
 0002:00002faa       $N00056                    0000000180009faa     PhysXCooking_64.exp
 0002:00002fbf       $N00057                    0000000180009fbf     PhysXCooking_64.exp
 0002:00003258       .idata$6                   000000018000a258     kernel32:KERNEL32.dll
 0002:00003378       .idata$6                   000000018000a378     vcruntimed:VCRUNTIME140D.dll
 0002:00003514       .idata$6                   000000018000a514     ucrtd:ucrtbased.dll
 0003:00000250       ?maxV3Error@vecMathTests@aos@physx@@3T__m128@@B 000000018000b250     Cooking.obj
 0003:00000260       ?minFError@vecMathTests@aos@physx@@3T__m128@@B 000000018000b260     Cooking.obj
 0003:00000270       ?maxV4Error@vecMathTests@aos@physx@@3T__m128@@B 000000018000b270     Cooking.obj
 0003:00000280       ?minV4Error@vecMathTests@aos@physx@@3T__m128@@B 000000018000b280     Cooking.obj
 0003:00000290       ?minV3Error@vecMathTests@aos@physx@@3T__m128@@B 000000018000b290     Cooking.obj
 0003:000002a0       ?maxFError@vecMathTests@aos@physx@@3T__m128@@B 000000018000b2a0     Cooking.obj
 0003:000002b8       ?gCookingDelayLoadHook@@3PEBVPxDelayLoadHook@physx@@EB 000000018000b2b8     WindowsCookingDelayLoadHook.obj
 0003:000002fc       ?init@?1??_RTC_InitBase@@9@4_NA 000000018000b2fc     MSVCRTD:init.obj
 0003:00000310       ?__proc_attached@@3HA      000000018000b310     MSVCRTD:dll_dllmain.obj
 0003:00000320       ?_RTC_ErrorReportFunc@@3P6AHHPEBDH00ZZEA 000000018000b320     MSVCRTD:userapi.obj
 0003:00000328       ?_RTC_ErrorReportFuncW@@3P6AHHPEB_WH00ZZEA 000000018000b328     MSVCRTD:userapi.obj
 0003:00000350       ?is_initialized_as_dll@@3_NA 000000018000b350     MSVCRTD:utility.obj
 0003:00000351       ?module_local_atexit_table_initialized@@3_NA 000000018000b351     MSVCRTD:utility.obj
 0003:00000358       ?module_local_atexit_table@@3U_onexit_table_t@@A 000000018000b358     MSVCRTD:utility.obj
 0003:00000370       ?module_local_at_quick_exit_table@@3U_onexit_table_t@@A 000000018000b370     MSVCRTD:utility.obj
 0003:00000390       ?mspdb@@3PEAUHINSTANCE__@@EA 000000018000b390     MSVCRTD:pdblkup.obj
 0003:00000398       ?alreadyTried@?1??GetPdbDll@@YAPEAUHINSTANCE__@@XZ@4_NA 000000018000b398     MSVCRTD:pdblkup.obj
 0003:00000399       ?PDBOK@?1??_RTC_GetSrcLine@@YAHPEAEPEA_WKPEAH1K@Z@4_NA 000000018000b399     MSVCRTD:pdblkup.obj
 0003:000003a0       GS_ExceptionRecord         000000018000b3a0     MSVCRTD:gs_report.obj
 0003:00000440       GS_ContextRecord           000000018000b440     MSVCRTD:gs_report.obj
 0005:000000a0       $R000000                   000000018000d0a0     PhysXCooking.res
 0005:000003d0       $R000330                   000000018000d3d0     PhysXCooking.res
